 confsample

 Timestamp is 54f828e4 (Thu Mar 05 17:59:00 2015)

 Preferred load address is 00400000

 Start         Length     Name                   Class
 0001:00000000 0005e9a9H .textbss                DATA
 0002:00000000 000c2892H .text$mn                CODE
 0002:000c28a0 00001161H .text$x                 CODE
 0003:00000000 00000104H .CRT$XCA                DATA
 0003:00000104 00000104H .CRT$XCZ                DATA
 0003:00000208 00000104H .CRT$XIA                DATA
 0003:0000030c 0000011cH .CRT$XIC                DATA
 0003:00000428 00000104H .CRT$XIY                DATA
 0003:0000052c 00000104H .CRT$XIZ                DATA
 0003:00000630 00000104H .CRT$XPA                DATA
 0003:00000734 00000109H .CRT$XPX                DATA
 0003:00000840 00000104H .CRT$XPXA               DATA
 0003:00000944 00000104H .CRT$XPZ                DATA
 0003:00000a48 00000104H .CRT$XTA                DATA
 0003:00000b4c 00000104H .CRT$XTZ                DATA
 0003:00000c50 00040897H .rdata                  DATA
 0003:000414e8 000001c9H .rdata$debug            DATA
 0003:000416b4 00000563H .rdata$r                DATA
 0003:00041c18 00000104H .rtc$IAA                DATA
 0003:00041d1c 00000104H .rtc$IZZ                DATA
 0003:00041e20 00000104H .rtc$TAA                DATA
 0003:00041f24 00000104H .rtc$TZZ                DATA
 0003:00042028 00000e4eH .xdata$x                DATA
 0003:00042e76 00000000H .edata                  DATA
 0004:00000000 00007ecbH .data                   DATA
 0004:00007ecc 00000293H .data$r                 DATA
 0004:00008160 00003c84H .bss                    DATA
 0005:00000000 000003d8H .idata$5                DATA
 0005:000003d8 00000050H .idata$2                DATA
 0005:00000428 00000014H .idata$3                DATA
 0005:0000043c 000003d8H .idata$4                DATA
 0005:00000814 00000c81H .idata$6                DATA

  Address         Publics by Value              Rva+Base       Lib:Object

 0000:00000000       ___guard_flags             00000000     <absolute>
 0000:00000000       ___safe_se_handler_count   00000000     <absolute>
 0000:00000000       __except_list              00000000     <absolute>
 0000:00000000       ___guard_fids_table        00000000     <absolute>
 0000:00000000       ___safe_se_handler_table   00000000     <absolute>
 0000:00000000       ___guard_fids_count        00000000     <absolute>
 0000:00000000       ___ImageBase               00400000     <linker-defined>
 0001:00000000       __enc$textbss$begin        00401000     <linker-defined>
 0001:0005e9a9       __enc$textbss$end          0045f9a9     <linker-defined>
 0002:00004fb0       _get_snd_options           00464fb0 f   confsample.obj
 0002:00005310       _dump_pool_usage           00465310 f   confsample.obj
 0002:000058b0       _main                      004658b0 f   confsample.obj
 0002:00006be0       _pjmedia_port_destroy      00466be0 f   pjmedia-i386-win32-vc8-debug:port.obj
 0002:00006c70       _pjmedia_port_get_clock_src 00466c70 f   pjmedia-i386-win32-vc8-debug:port.obj
 0002:00006cc0       _pjmedia_port_get_frame    00466cc0 f   pjmedia-i386-win32-vc8-debug:port.obj
 0002:00006d60       _pjmedia_port_info_init    00466d60 f   pjmedia-i386-win32-vc8-debug:port.obj
 0002:00006e30       _pjmedia_port_info_init2   00466e30 f   pjmedia-i386-win32-vc8-debug:port.obj
 0002:00006ea0       _pjmedia_port_put_frame    00466ea0 f   pjmedia-i386-win32-vc8-debug:port.obj
 0002:00008140       _pjmedia_conf_add_passive_port 00468140 f   pjmedia-i386-win32-vc8-debug:conference.obj
 0002:00008500       _pjmedia_conf_add_port     00468500 f   pjmedia-i386-win32-vc8-debug:conference.obj
 0002:00008770       _pjmedia_conf_adjust_rx_level 00468770 f   pjmedia-i386-win32-vc8-debug:conference.obj
 0002:00008890       _pjmedia_conf_adjust_tx_level 00468890 f   pjmedia-i386-win32-vc8-debug:conference.obj
 0002:000089b0       _pjmedia_conf_configure_port 004689b0 f   pjmedia-i386-win32-vc8-debug:conference.obj
 0002:00008ac0       _pjmedia_conf_connect_port 00468ac0 f   pjmedia-i386-win32-vc8-debug:conference.obj
 0002:00008d40       _pjmedia_conf_create       00468d40 f   pjmedia-i386-win32-vc8-debug:conference.obj
 0002:00009090       _pjmedia_conf_destroy      00469090 f   pjmedia-i386-win32-vc8-debug:conference.obj
 0002:000091d0       _pjmedia_conf_disconnect_port 004691d0 f   pjmedia-i386-win32-vc8-debug:conference.obj
 0002:000094a0       _pjmedia_conf_enum_ports   004694a0 f   pjmedia-i386-win32-vc8-debug:conference.obj
 0002:000095b0       _pjmedia_conf_get_connect_count 004695b0 f   pjmedia-i386-win32-vc8-debug:conference.obj
 0002:000095d0       _pjmedia_conf_get_master_port 004695d0 f   pjmedia-i386-win32-vc8-debug:conference.obj
 0002:00009670       _pjmedia_conf_get_port_count 00469670 f   pjmedia-i386-win32-vc8-debug:conference.obj
 0002:00009690       _pjmedia_conf_get_port_info 00469690 f   pjmedia-i386-win32-vc8-debug:conference.obj
 0002:00009840       _pjmedia_conf_get_ports_info 00469840 f   pjmedia-i386-win32-vc8-debug:conference.obj
 0002:00009960       _pjmedia_conf_get_signal_level 00469960 f   pjmedia-i386-win32-vc8-debug:conference.obj
 0002:00009a60       _pjmedia_conf_remove_port  00469a60 f   pjmedia-i386-win32-vc8-debug:conference.obj
 0002:00009d70       _pjmedia_conf_set_port0_name 00469d70 f   pjmedia-i386-win32-vc8-debug:conference.obj
 0002:0000b4a0       _pjmedia_endpt_atexit      0046b4a0 f   pjmedia-i386-win32-vc8-debug:endpoint.obj
 0002:0000b570       _pjmedia_endpt_create      0046b570 f   pjmedia-i386-win32-vc8-debug:endpoint.obj
 0002:0000b920       _pjmedia_endpt_create_audio_sdp 0046b920 f   pjmedia-i386-win32-vc8-debug:endpoint.obj
 0002:0000c190       _pjmedia_endpt_create_base_sdp 0046c190 f   pjmedia-i386-win32-vc8-debug:endpoint.obj
 0002:0000c420       _pjmedia_endpt_create_pool 0046c420 f   pjmedia-i386-win32-vc8-debug:endpoint.obj
 0002:0000c490       _pjmedia_endpt_create_sdp  0046c490 f   pjmedia-i386-win32-vc8-debug:endpoint.obj
 0002:0000c620       _pjmedia_endpt_destroy     0046c620 f   pjmedia-i386-win32-vc8-debug:endpoint.obj
 0002:0000c710       _pjmedia_endpt_dump        0046c710 f   pjmedia-i386-win32-vc8-debug:endpoint.obj
 0002:0000caa0       _pjmedia_endpt_get_codec_mgr 0046caa0 f   pjmedia-i386-win32-vc8-debug:endpoint.obj
 0002:0000cac0       _pjmedia_endpt_get_flag    0046cac0 f   pjmedia-i386-win32-vc8-debug:endpoint.obj
 0002:0000cb50       _pjmedia_endpt_get_ioqueue 0046cb50 f   pjmedia-i386-win32-vc8-debug:endpoint.obj
 0002:0000cbb0       _pjmedia_endpt_get_thread  0046cbb0 f   pjmedia-i386-win32-vc8-debug:endpoint.obj
 0002:0000cc60       _pjmedia_endpt_get_thread_count 0046cc60 f   pjmedia-i386-win32-vc8-debug:endpoint.obj
 0002:0000ccc0       _pjmedia_endpt_set_flag    0046ccc0 f   pjmedia-i386-win32-vc8-debug:endpoint.obj
 0002:0000cd50       _pjmedia_endpt_stop_threads 0046cd50 f   pjmedia-i386-win32-vc8-debug:endpoint.obj
 0002:0000d8c0       _pjmedia_wav_player_get_info 0046d8c0 f   pjmedia-i386-win32-vc8-debug:wav_player.obj
 0002:0000da70       _pjmedia_wav_player_get_len 0046da70 f   pjmedia-i386-win32-vc8-debug:wav_player.obj
 0002:0000db40       _pjmedia_wav_player_port_create 0046db40 f   pjmedia-i386-win32-vc8-debug:wav_player.obj
 0002:0000e340       _pjmedia_wav_player_port_get_pos 0046e340 f   pjmedia-i386-win32-vc8-debug:wav_player.obj
 0002:0000e460       _pjmedia_wav_player_port_set_pos 0046e460 f   pjmedia-i386-win32-vc8-debug:wav_player.obj
 0002:0000e610       _pjmedia_wav_player_set_eof_cb 0046e610 f   pjmedia-i386-win32-vc8-debug:wav_player.obj
 0002:0000ee60       _pjmedia_wav_writer_port_create 0046ee60 f   pjmedia-i386-win32-vc8-debug:wav_writer.obj
 0002:0000f420       _pjmedia_wav_writer_port_get_pos 0046f420 f   pjmedia-i386-win32-vc8-debug:wav_writer.obj
 0002:0000f4d0       _pjmedia_wav_writer_port_set_cb 0046f4d0 f   pjmedia-i386-win32-vc8-debug:wav_writer.obj
 0002:0000f5e0       _pjmedia_format_copy       0046f5e0 f   pjmedia-i386-win32-vc8-debug:format.obj
 0002:0000f610       _pjmedia_format_get_audio_format_detail 0046f610 f   pjmedia-i386-win32-vc8-debug:format.obj
 0002:0000fc80       _pjmedia_delay_buf_create  0046fc80 f   pjmedia-i386-win32-vc8-debug:delaybuf.obj
 0002:0000ff00       _pjmedia_delay_buf_destroy 0046ff00 f   pjmedia-i386-win32-vc8-debug:delaybuf.obj
 0002:0000ffe0       _pjmedia_delay_buf_get     0046ffe0 f   pjmedia-i386-win32-vc8-debug:delaybuf.obj
 0002:00010270       _pjmedia_delay_buf_put     00470270 f   pjmedia-i386-win32-vc8-debug:delaybuf.obj
 0002:000104c0       _pjmedia_delay_buf_reset   004704c0 f   pjmedia-i386-win32-vc8-debug:delaybuf.obj
 0002:000109e0       _pjmedia_resample_create   004709e0 f   pjmedia-i386-win32-vc8-debug:resample_resample.obj
 0002:00010ea0       _pjmedia_resample_destroy  00470ea0 f   pjmedia-i386-win32-vc8-debug:resample_resample.obj
 0002:00010ec0       _pjmedia_resample_get_input_size 00470ec0 f   pjmedia-i386-win32-vc8-debug:resample_resample.obj
 0002:00010f20       _pjmedia_resample_run      00470f20 f   pjmedia-i386-win32-vc8-debug:resample_resample.obj
 0002:00011440       _pjmedia_snd_port_connect  00471440 f   pjmedia-i386-win32-vc8-debug:sound_port.obj
 0002:00011550       _pjmedia_snd_port_create   00471550 f   pjmedia-i386-win32-vc8-debug:sound_port.obj
 0002:00011620       _pjmedia_snd_port_create2  00471620 f   pjmedia-i386-win32-vc8-debug:sound_port.obj
 0002:00011870       _pjmedia_snd_port_create_player 00471870 f   pjmedia-i386-win32-vc8-debug:sound_port.obj
 0002:00011930       _pjmedia_snd_port_create_rec 00471930 f   pjmedia-i386-win32-vc8-debug:sound_port.obj
 0002:000119f0       _pjmedia_snd_port_destroy  004719f0 f   pjmedia-i386-win32-vc8-debug:sound_port.obj
 0002:00011a60       _pjmedia_snd_port_disconnect 00471a60 f   pjmedia-i386-win32-vc8-debug:sound_port.obj
 0002:00011ad0       _pjmedia_snd_port_get_clock_src 00471ad0 f   pjmedia-i386-win32-vc8-debug:sound_port.obj
 0002:00011b10       _pjmedia_snd_port_get_ec_tail 00471b10 f   pjmedia-i386-win32-vc8-debug:sound_port.obj
 0002:00011c60       _pjmedia_snd_port_get_port 00471c60 f   pjmedia-i386-win32-vc8-debug:sound_port.obj
 0002:00011cc0       _pjmedia_snd_port_get_snd_stream 00471cc0 f   pjmedia-i386-win32-vc8-debug:sound_port.obj
 0002:00011d20       _pjmedia_snd_port_param_default 00471d20 f   pjmedia-i386-win32-vc8-debug:sound_port.obj
 0002:00011d50       _pjmedia_snd_port_set_ec   00471d50 f   pjmedia-i386-win32-vc8-debug:sound_port.obj
 0002:000129c0       _pjmedia_codec_info_to_id  004729c0 f   pjmedia-i386-win32-vc8-debug:codec.obj
 0002:00012aa0       _pjmedia_codec_mgr_alloc_codec 00472aa0 f   pjmedia-i386-win32-vc8-debug:codec.obj
 0002:00012be0       _pjmedia_codec_mgr_dealloc_codec 00472be0 f   pjmedia-i386-win32-vc8-debug:codec.obj
 0002:00012c70       _pjmedia_codec_mgr_destroy 00472c70 f   pjmedia-i386-win32-vc8-debug:codec.obj
 0002:00012de0       _pjmedia_codec_mgr_enum_codecs 00472de0 f   pjmedia-i386-win32-vc8-debug:codec.obj
 0002:00012f30       _pjmedia_codec_mgr_find_codecs_by_id 00472f30 f   pjmedia-i386-win32-vc8-debug:codec.obj
 0002:000130d0       _pjmedia_codec_mgr_get_codec_info 004730d0 f   pjmedia-i386-win32-vc8-debug:codec.obj
 0002:000131f0       _pjmedia_codec_mgr_get_default_param 004731f0 f   pjmedia-i386-win32-vc8-debug:codec.obj
 0002:00013470       _pjmedia_codec_mgr_init    00473470 f   pjmedia-i386-win32-vc8-debug:codec.obj
 0002:00013580       _pjmedia_codec_mgr_register_factory 00473580 f   pjmedia-i386-win32-vc8-debug:codec.obj
 0002:00013840       _pjmedia_codec_mgr_set_codec_priority 00473840 f   pjmedia-i386-win32-vc8-debug:codec.obj
 0002:00013990       _pjmedia_codec_mgr_set_default_param 00473990 f   pjmedia-i386-win32-vc8-debug:codec.obj
 0002:00013c40       _pjmedia_codec_mgr_unregister_factory 00473c40 f   pjmedia-i386-win32-vc8-debug:codec.obj
 0002:00013e00       _pjmedia_codec_param_clone 00473e00 f   pjmedia-i386-win32-vc8-debug:codec.obj
 0002:00014e50       _pjmedia_sdp_attr_add      00474e50 f   pjmedia-i386-win32-vc8-debug:sdp.obj
 0002:00014f30       _pjmedia_sdp_attr_clone    00474f30 f   pjmedia-i386-win32-vc8-debug:sdp.obj
 0002:00014fe0       _pjmedia_sdp_attr_create   00474fe0 f   pjmedia-i386-win32-vc8-debug:sdp.obj
 0002:000150b0       _pjmedia_sdp_attr_create_rtcp 004750b0 f   pjmedia-i386-win32-vc8-debug:sdp.obj
 0002:00015230       _pjmedia_sdp_attr_find     00475230 f   pjmedia-i386-win32-vc8-debug:sdp.obj
 0002:00015300       _pjmedia_sdp_attr_find2    00475300 f   pjmedia-i386-win32-vc8-debug:sdp.obj
 0002:00015350       _pjmedia_sdp_attr_get_fmtp 00475350 f   pjmedia-i386-win32-vc8-debug:sdp.obj
 0002:00015490       _pjmedia_sdp_attr_get_rtcp 00475490 f   pjmedia-i386-win32-vc8-debug:sdp.obj
 0002:000156a0       _pjmedia_sdp_attr_get_rtpmap 004756a0 f   pjmedia-i386-win32-vc8-debug:sdp.obj
 0002:00015a10       _pjmedia_sdp_attr_remove   00475a10 f   pjmedia-i386-win32-vc8-debug:sdp.obj
 0002:00015b20       _pjmedia_sdp_attr_remove_all 00475b20 f   pjmedia-i386-win32-vc8-debug:sdp.obj
 0002:00015c40       _pjmedia_sdp_attr_to_rtpmap 00475c40 f   pjmedia-i386-win32-vc8-debug:sdp.obj
 0002:00015d30       _pjmedia_sdp_bandw_clone   00475d30 f   pjmedia-i386-win32-vc8-debug:sdp.obj
 0002:00015da0       _pjmedia_sdp_conn_clone    00475da0 f   pjmedia-i386-win32-vc8-debug:sdp.obj
 0002:00015e60       _pjmedia_sdp_media_add_attr 00475e60 f   pjmedia-i386-win32-vc8-debug:sdp.obj
 0002:00015ea0       _pjmedia_sdp_media_clone   00475ea0 f   pjmedia-i386-win32-vc8-debug:sdp.obj
 0002:00016200       _pjmedia_sdp_media_clone_deactivate 00476200 f   pjmedia-i386-win32-vc8-debug:sdp.obj
 0002:00016490       _pjmedia_sdp_media_deactivate 00476490 f   pjmedia-i386-win32-vc8-debug:sdp.obj
 0002:00016500       _pjmedia_sdp_media_find_attr 00476500 f   pjmedia-i386-win32-vc8-debug:sdp.obj
 0002:00016590       _pjmedia_sdp_media_find_attr2 00476590 f   pjmedia-i386-win32-vc8-debug:sdp.obj
 0002:00016620       _pjmedia_sdp_media_remove_all_attr 00476620 f   pjmedia-i386-win32-vc8-debug:sdp.obj
 0002:00016660       _pjmedia_sdp_media_remove_attr 00476660 f   pjmedia-i386-win32-vc8-debug:sdp.obj
 0002:000166a0       _pjmedia_sdp_parse         004766a0 f   pjmedia-i386-win32-vc8-debug:sdp.obj
 0002:00016d20       _pjmedia_sdp_print         00476d20 f   pjmedia-i386-win32-vc8-debug:sdp.obj
 0002:00016d50       _pjmedia_sdp_rtpmap_to_attr 00476d50 f   pjmedia-i386-win32-vc8-debug:sdp.obj
 0002:00016fd0       _pjmedia_sdp_session_add_attr 00476fd0 f   pjmedia-i386-win32-vc8-debug:sdp.obj
 0002:00017010       _pjmedia_sdp_session_clone 00477010 f   pjmedia-i386-win32-vc8-debug:sdp.obj
 0002:00017350       _pjmedia_sdp_transport_cmp 00477350 f   pjmedia-i386-win32-vc8-debug:sdp.obj
 0002:00017400       _pjmedia_sdp_validate      00477400 f   pjmedia-i386-win32-vc8-debug:sdp.obj
 0002:00017430       _pjmedia_sdp_validate2     00477430 f   pjmedia-i386-win32-vc8-debug:sdp.obj
 0002:00018320       _pjmedia_strerror          00478320 f   pjmedia-i386-win32-vc8-debug:errno.obj
 0002:00018520       _pjmedia_wave_hdr_file_to_host 00478520 f   pjmedia-i386-win32-vc8-debug:wave.obj
 0002:00018550       _pjmedia_wave_hdr_host_to_file 00478550 f   pjmedia-i386-win32-vc8-debug:wave.obj
 0002:00019810       _pjmedia_wsola_create      00479810 f   pjmedia-i386-win32-vc8-debug:wsola.obj
 0002:00019c50       _pjmedia_wsola_destroy     00479c50 f   pjmedia-i386-win32-vc8-debug:wsola.obj
 0002:00019c70       _pjmedia_wsola_discard     00479c70 f   pjmedia-i386-win32-vc8-debug:wsola.obj
 0002:0001a190       _pjmedia_wsola_generate    0047a190 f   pjmedia-i386-win32-vc8-debug:wsola.obj
 0002:0001a2c0       _pjmedia_wsola_reset       0047a2c0 f   pjmedia-i386-win32-vc8-debug:wsola.obj
 0002:0001a390       _pjmedia_wsola_save        0047a390 f   pjmedia-i386-win32-vc8-debug:wsola.obj
 0002:0001a8f0       _pjmedia_wsola_set_max_expand 0047a8f0 f   pjmedia-i386-win32-vc8-debug:wsola.obj
 0002:0001ae30       _pjmedia_clock_create      0047ae30 f   pjmedia-i386-win32-vc8-debug:clock_thread.obj
 0002:0001aeb0       _pjmedia_clock_create2     0047aeb0 f   pjmedia-i386-win32-vc8-debug:clock_thread.obj
 0002:0001b100       _pjmedia_clock_destroy     0047b100 f   pjmedia-i386-win32-vc8-debug:clock_thread.obj
 0002:0001b210       _pjmedia_clock_modify      0047b210 f   pjmedia-i386-win32-vc8-debug:clock_thread.obj
 0002:0001b290       _pjmedia_clock_src_get_current_timestamp 0047b290 f   pjmedia-i386-win32-vc8-debug:clock_thread.obj
 0002:0001b370       _pjmedia_clock_src_get_time_msec 0047b370 f   pjmedia-i386-win32-vc8-debug:clock_thread.obj
 0002:0001b410       _pjmedia_clock_src_init    0047b410 f   pjmedia-i386-win32-vc8-debug:clock_thread.obj
 0002:0001b4b0       _pjmedia_clock_src_update  0047b4b0 f   pjmedia-i386-win32-vc8-debug:clock_thread.obj
 0002:0001b540       _pjmedia_clock_start       0047b540 f   pjmedia-i386-win32-vc8-debug:clock_thread.obj
 0002:0001b670       _pjmedia_clock_stop        0047b670 f   pjmedia-i386-win32-vc8-debug:clock_thread.obj
 0002:0001b740       _pjmedia_clock_wait        0047b740 f   pjmedia-i386-win32-vc8-debug:clock_thread.obj
 0002:0001ba90       _pjmedia_echo_cancel       0047ba90 f   pjmedia-i386-win32-vc8-debug:echo_common.obj
 0002:0001bae0       _pjmedia_echo_capture      0047bae0 f   pjmedia-i386-win32-vc8-debug:echo_common.obj
 0002:0001bc40       _pjmedia_echo_create       0047bc40 f   pjmedia-i386-win32-vc8-debug:echo_common.obj
 0002:0001bc90       _pjmedia_echo_create2      0047bc90 f   pjmedia-i386-win32-vc8-debug:echo_common.obj
 0002:0001c050       _pjmedia_echo_destroy      0047c050 f   pjmedia-i386-win32-vc8-debug:echo_common.obj
 0002:0001c0c0       _pjmedia_echo_playback     0047c0c0 f   pjmedia-i386-win32-vc8-debug:echo_common.obj
 0002:0001c220       _pjmedia_echo_reset        0047c220 f   pjmedia-i386-win32-vc8-debug:echo_common.obj
 0002:0001e2b0       _get_libsrtp_errstr        0047e2b0 f   pjmedia-i386-win32-vc8-debug:transport_srtp.obj
 0002:0001e820       _pjmedia_srtp_init_lib     0047e820 f   pjmedia-i386-win32-vc8-debug:transport_srtp.obj
 0002:0001e8f0       _pjmedia_srtp_setting_default 0047e8f0 f   pjmedia-i386-win32-vc8-debug:transport_srtp.obj
 0002:0001eca0       _pjmedia_transport_srtp_create 0047eca0 f   pjmedia-i386-win32-vc8-debug:transport_srtp.obj
 0002:0001f080       _pjmedia_transport_srtp_decrypt_pkt 0047f080 f   pjmedia-i386-win32-vc8-debug:transport_srtp.obj
 0002:0001f2d0       _pjmedia_transport_srtp_get_member 0047f2d0 f   pjmedia-i386-win32-vc8-debug:transport_srtp.obj
 0002:0001f340       _pjmedia_transport_srtp_start 0047f340 f   pjmedia-i386-win32-vc8-debug:transport_srtp.obj
 0002:0001fde0       _pjmedia_transport_srtp_stop 0047fde0 f   pjmedia-i386-win32-vc8-debug:transport_srtp.obj
 0002:000205f0       _echo_supp_cancel_echo     004805f0 f   pjmedia-i386-win32-vc8-debug:echo_suppress.obj
 0002:00020c10       _echo_supp_create          00480c10 f   pjmedia-i386-win32-vc8-debug:echo_suppress.obj
 0002:00020e70       _echo_supp_destroy         00480e70 f   pjmedia-i386-win32-vc8-debug:echo_suppress.obj
 0002:00020e90       _echo_supp_reset           00480e90 f   pjmedia-i386-win32-vc8-debug:echo_suppress.obj
 0002:00021060       _echo_supp_soft_reset      00481060 f   pjmedia-i386-win32-vc8-debug:echo_suppress.obj
 0002:00021f40       _speex_aec_cancel_echo     00481f40 f   pjmedia-i386-win32-vc8-debug:echo_speex.obj
 0002:00022040       _speex_aec_capture         00482040 f   pjmedia-i386-win32-vc8-debug:echo_speex.obj
 0002:00022110       _speex_aec_create          00482110 f   pjmedia-i386-win32-vc8-debug:echo_speex.obj
 0002:00022330       _speex_aec_destroy         00482330 f   pjmedia-i386-win32-vc8-debug:echo_speex.obj
 0002:00022400       _speex_aec_playback        00482400 f   pjmedia-i386-win32-vc8-debug:echo_speex.obj
 0002:00022490       _speex_aec_reset           00482490 f   pjmedia-i386-win32-vc8-debug:echo_speex.obj
 0002:000224f0       _pjmedia_calc_avg_signal   004824f0 f   pjmedia-i386-win32-vc8-debug:silencedet.obj
 0002:00022590       _pjmedia_silence_det_apply 00482590 f   pjmedia-i386-win32-vc8-debug:silencedet.obj
 0002:00022960       _pjmedia_silence_det_create 00482960 f   pjmedia-i386-win32-vc8-debug:silencedet.obj
 0002:00022a60       _pjmedia_silence_det_detect 00482a60 f   pjmedia-i386-win32-vc8-debug:silencedet.obj
 0002:00022ac0       _pjmedia_silence_det_disable 00482ac0 f   pjmedia-i386-win32-vc8-debug:silencedet.obj
 0002:00022b30       _pjmedia_silence_det_set_adaptive 00482b30 f   pjmedia-i386-win32-vc8-debug:silencedet.obj
 0002:00022bb0       _pjmedia_silence_det_set_fixed 00482bb0 f   pjmedia-i386-win32-vc8-debug:silencedet.obj
 0002:00022c30       _pjmedia_silence_det_set_name 00482c30 f   pjmedia-i386-win32-vc8-debug:silencedet.obj
 0002:00022cd0       _pjmedia_silence_det_set_params 00482cd0 f   pjmedia-i386-win32-vc8-debug:silencedet.obj
 0002:00023d90       _pj_getopt                 00483d90 f   pjlib-util-i386-win32-vc8-debug:getopt.obj
 0002:00023dd0       _pj_getopt_long            00483dd0 f   pjlib-util-i386-win32-vc8-debug:getopt.obj
 0002:00023e40       _pj_cis_add_alpha          00483e40 f   pjlib-util-i386-win32-vc8-debug:scanner.obj
 0002:00023e80       _pj_cis_add_cis            00483e80 f   pjlib-util-i386-win32-vc8-debug:scanner.obj
 0002:00023f10       _pj_cis_add_num            00483f10 f   pjlib-util-i386-win32-vc8-debug:scanner.obj
 0002:00023f40       _pj_cis_add_range          00483f40 f   pjlib-util-i386-win32-vc8-debug:scanner.obj
 0002:00023fc0       _pj_cis_add_str            00483fc0 f   pjlib-util-i386-win32-vc8-debug:scanner.obj
 0002:00024030       _pj_cis_buf_init           00484030 f   pjlib-util-i386-win32-vc8-debug:scanner.obj
 0002:00024070       _pj_cis_del_range          00484070 f   pjlib-util-i386-win32-vc8-debug:scanner.obj
 0002:000240d0       _pj_cis_del_str            004840d0 f   pjlib-util-i386-win32-vc8-debug:scanner.obj
 0002:00024140       _pj_cis_dup                00484140 f   pjlib-util-i386-win32-vc8-debug:scanner.obj
 0002:00024230       _pj_cis_init               00484230 f   pjlib-util-i386-win32-vc8-debug:scanner.obj
 0002:000242d0       _pj_cis_invert             004842d0 f   pjlib-util-i386-win32-vc8-debug:scanner.obj
 0002:00024490       _pj_scan_advance_n         00484490 f   pjlib-util-i386-win32-vc8-debug:scanner.obj
 0002:00024510       _pj_scan_fini              00484510 f   pjlib-util-i386-win32-vc8-debug:scanner.obj
 0002:00024540       _pj_scan_get               00484540 f   pjlib-util-i386-win32-vc8-debug:scanner.obj
 0002:00024640       _pj_scan_get_char          00484640 f   pjlib-util-i386-win32-vc8-debug:scanner.obj
 0002:000246c0       _pj_scan_get_n             004846c0 f   pjlib-util-i386-win32-vc8-debug:scanner.obj
 0002:00024760       _pj_scan_get_newline       00484760 f   pjlib-util-i386-win32-vc8-debug:scanner.obj
 0002:00024820       _pj_scan_get_quote         00484820 f   pjlib-util-i386-win32-vc8-debug:scanner.obj
 0002:00024870       _pj_scan_get_quotes        00484870 f   pjlib-util-i386-win32-vc8-debug:scanner.obj
 0002:00024a90       _pj_scan_get_unescape      00484a90 f   pjlib-util-i386-win32-vc8-debug:scanner.obj
 0002:00024d40       _pj_scan_get_until         00484d40 f   pjlib-util-i386-win32-vc8-debug:scanner.obj
 0002:00024e10       _pj_scan_get_until_ch      00484e10 f   pjlib-util-i386-win32-vc8-debug:scanner.obj
 0002:00024ed0       _pj_scan_get_until_chr     00484ed0 f   pjlib-util-i386-win32-vc8-debug:scanner.obj
 0002:00024fc0       _pj_scan_init              00484fc0 f   pjlib-util-i386-win32-vc8-debug:scanner.obj
 0002:00025060       _pj_scan_peek              00485060 f   pjlib-util-i386-win32-vc8-debug:scanner.obj
 0002:00025100       _pj_scan_peek_n            00485100 f   pjlib-util-i386-win32-vc8-debug:scanner.obj
 0002:00025170       _pj_scan_peek_until        00485170 f   pjlib-util-i386-win32-vc8-debug:scanner.obj
 0002:00025210       _pj_scan_restore_state     00485210 f   pjlib-util-i386-win32-vc8-debug:scanner.obj
 0002:00025250       _pj_scan_save_state        00485250 f   pjlib-util-i386-win32-vc8-debug:scanner.obj
 0002:00025290       _pj_scan_skip_line         00485290 f   pjlib-util-i386-win32-vc8-debug:scanner.obj
 0002:00025310       _pj_scan_skip_whitespace   00485310 f   pjlib-util-i386-win32-vc8-debug:scanner.obj
 0002:00025570       _pj_scan_strcmp            00485570 f   pjlib-util-i386-win32-vc8-debug:scanner.obj
 0002:000255d0       _pj_scan_stricmp           004855d0 f   pjlib-util-i386-win32-vc8-debug:scanner.obj
 0002:00025630       _pj_scan_stricmp_alnum     00485630 f   pjlib-util-i386-win32-vc8-debug:scanner.obj
 0002:00025920       _pj_base64_decode          00485920 f   pjlib-util-i386-win32-vc8-debug:base64.obj
 0002:00025c90       _pj_base64_encode          00485c90 f   pjlib-util-i386-win32-vc8-debug:base64.obj
 0002:00026020       _pj_atexit                 00486020 f   pjlib-i386-win32-vc8-debug:os_core_win32.obj
 0002:00026070       _pj_atomic_add             00486070 f   pjlib-i386-win32-vc8-debug:os_core_win32.obj
 0002:00026090       _pj_atomic_add_and_get     00486090 f   pjlib-i386-win32-vc8-debug:os_core_win32.obj
 0002:000260c0       _pj_atomic_create          004860c0 f   pjlib-i386-win32-vc8-debug:os_core_win32.obj
 0002:00026110       _pj_atomic_dec             00486110 f   pjlib-i386-win32-vc8-debug:os_core_win32.obj
 0002:00026140       _pj_atomic_dec_and_get     00486140 f   pjlib-i386-win32-vc8-debug:os_core_win32.obj
 0002:00026180       _pj_atomic_destroy         00486180 f   pjlib-i386-win32-vc8-debug:os_core_win32.obj
 0002:000261e0       _pj_atomic_get             004861e0 f   pjlib-i386-win32-vc8-debug:os_core_win32.obj
 0002:00026250       _pj_atomic_inc             00486250 f   pjlib-i386-win32-vc8-debug:os_core_win32.obj
 0002:00026280       _pj_atomic_inc_and_get     00486280 f   pjlib-i386-win32-vc8-debug:os_core_win32.obj
 0002:000262d0       _pj_atomic_set             004862d0 f   pjlib-i386-win32-vc8-debug:os_core_win32.obj
 0002:000263c0       _pj_enter_critical_section 004863c0 f   pjlib-i386-win32-vc8-debug:os_core_win32.obj
 0002:000263f0       _pj_event_create           004863f0 f   pjlib-i386-win32-vc8-debug:os_core_win32.obj
 0002:000265e0       _pj_event_destroy          004865e0 f   pjlib-i386-win32-vc8-debug:os_core_win32.obj
 0002:000266d0       _pj_event_pulse            004866d0 f   pjlib-i386-win32-vc8-debug:os_core_win32.obj
 0002:000267c0       _pj_event_reset            004867c0 f   pjlib-i386-win32-vc8-debug:os_core_win32.obj
 0002:000268b0       _pj_event_set              004868b0 f   pjlib-i386-win32-vc8-debug:os_core_win32.obj
 0002:000269a0       _pj_event_trywait          004869a0 f   pjlib-i386-win32-vc8-debug:os_core_win32.obj
 0002:00026a10       _pj_event_wait             00486a10 f   pjlib-i386-win32-vc8-debug:os_core_win32.obj
 0002:00026bb0       _pj_getpid                 00486bb0 f   pjlib-i386-win32-vc8-debug:os_core_win32.obj
 0002:00026bf0       _pj_init                   00486bf0 f   pjlib-i386-win32-vc8-debug:os_core_win32.obj
 0002:00026e50       _pj_leave_critical_section 00486e50 f   pjlib-i386-win32-vc8-debug:os_core_win32.obj
 0002:00026e80       _pj_mutex_create           00486e80 f   pjlib-i386-win32-vc8-debug:os_core_win32.obj
 0002:00026f40       _pj_mutex_create_recursive 00486f40 f   pjlib-i386-win32-vc8-debug:os_core_win32.obj
 0002:00026f70       _pj_mutex_create_simple    00486f70 f   pjlib-i386-win32-vc8-debug:os_core_win32.obj
 0002:00026fa0       _pj_mutex_destroy          00486fa0 f   pjlib-i386-win32-vc8-debug:os_core_win32.obj
 0002:00027030       _pj_mutex_is_locked        00487030 f   pjlib-i386-win32-vc8-debug:os_core_win32.obj
 0002:00027070       _pj_mutex_lock             00487070 f   pjlib-i386-win32-vc8-debug:os_core_win32.obj
 0002:00027140       _pj_mutex_trylock          00487140 f   pjlib-i386-win32-vc8-debug:os_core_win32.obj
 0002:00027230       _pj_mutex_unlock           00487230 f   pjlib-i386-win32-vc8-debug:os_core_win32.obj
 0002:00027330       _pj_run_app                00487330 f   pjlib-i386-win32-vc8-debug:os_core_win32.obj
 0002:00027360       _pj_rwmutex_create         00487360 f   pjlib-i386-win32-vc8-debug:os_core_win32.obj
 0002:00027470       _pj_rwmutex_destroy        00487470 f   pjlib-i386-win32-vc8-debug:os_core_win32.obj
 0002:000274f0       _pj_rwmutex_lock_read      004874f0 f   pjlib-i386-win32-vc8-debug:os_core_win32.obj
 0002:00027620       _pj_rwmutex_lock_write     00487620 f   pjlib-i386-win32-vc8-debug:os_core_win32.obj
 0002:00027690       _pj_rwmutex_unlock_read    00487690 f   pjlib-i386-win32-vc8-debug:os_core_win32.obj
 0002:000277b0       _pj_rwmutex_unlock_write   004877b0 f   pjlib-i386-win32-vc8-debug:os_core_win32.obj
 0002:00027850       _pj_sem_create             00487850 f   pjlib-i386-win32-vc8-debug:os_core_win32.obj
 0002:000279f0       _pj_sem_destroy            004879f0 f   pjlib-i386-win32-vc8-debug:os_core_win32.obj
 0002:00027ae0       _pj_sem_post               00487ae0 f   pjlib-i386-win32-vc8-debug:os_core_win32.obj
 0002:00027bd0       _pj_sem_trywait            00487bd0 f   pjlib-i386-win32-vc8-debug:os_core_win32.obj
 0002:00027c50       _pj_sem_wait               00487c50 f   pjlib-i386-win32-vc8-debug:os_core_win32.obj
 0002:00027e00       _pj_shutdown               00487e00 f   pjlib-i386-win32-vc8-debug:os_core_win32.obj
 0002:00027f90       _pj_term_get_color         00487f90 f   pjlib-i386-win32-vc8-debug:os_core_win32.obj
 0002:00028000       _pj_term_set_color         00488000 f   pjlib-i386-win32-vc8-debug:os_core_win32.obj
 0002:000280d0       _pj_thread_check_stack     004880d0 f   pjlib-i386-win32-vc8-debug:os_core_win32.obj
 0002:000281d0       _pj_thread_create          004881d0 f   pjlib-i386-win32-vc8-debug:os_core_win32.obj
 0002:00028410       _pj_thread_destroy         00488410 f   pjlib-i386-win32-vc8-debug:os_core_win32.obj
 0002:000284f0       _pj_thread_get_name        004884f0 f   pjlib-i386-win32-vc8-debug:os_core_win32.obj
 0002:00028570       _pj_thread_get_os_handle   00488570 f   pjlib-i386-win32-vc8-debug:os_core_win32.obj
 0002:000285d0       _pj_thread_get_prio        004885d0 f   pjlib-i386-win32-vc8-debug:os_core_win32.obj
 0002:00028600       _pj_thread_get_prio_max    00488600 f   pjlib-i386-win32-vc8-debug:os_core_win32.obj
 0002:00028620       _pj_thread_get_prio_min    00488620 f   pjlib-i386-win32-vc8-debug:os_core_win32.obj
 0002:00028640       _pj_thread_get_stack_info  00488640 f   pjlib-i386-win32-vc8-debug:os_core_win32.obj
 0002:000286a0       _pj_thread_get_stack_max_usage 004886a0 f   pjlib-i386-win32-vc8-debug:os_core_win32.obj
 0002:000286c0       _pj_thread_init            004886c0 f   pjlib-i386-win32-vc8-debug:os_core_win32.obj
 0002:00028720       _pj_thread_is_registered   00488720 f   pjlib-i386-win32-vc8-debug:os_core_win32.obj
 0002:00028770       _pj_thread_join            00488770 f   pjlib-i386-win32-vc8-debug:os_core_win32.obj
 0002:000288a0       _pj_thread_local_alloc     004888a0 f   pjlib-i386-win32-vc8-debug:os_core_win32.obj
 0002:00028960       _pj_thread_local_free      00488960 f   pjlib-i386-win32-vc8-debug:os_core_win32.obj
 0002:000289a0       _pj_thread_local_get       004889a0 f   pjlib-i386-win32-vc8-debug:os_core_win32.obj
 0002:000289c0       _pj_thread_local_set       004889c0 f   pjlib-i386-win32-vc8-debug:os_core_win32.obj
 0002:00028a50       _pj_thread_register        00488a50 f   pjlib-i386-win32-vc8-debug:os_core_win32.obj
 0002:00028bc0       _pj_thread_resume          00488bc0 f   pjlib-i386-win32-vc8-debug:os_core_win32.obj
 0002:00028ca0       _pj_thread_set_prio        00488ca0 f   pjlib-i386-win32-vc8-debug:os_core_win32.obj
 0002:00028db0       _pj_thread_sleep           00488db0 f   pjlib-i386-win32-vc8-debug:os_core_win32.obj
 0002:00028df0       _pj_thread_this            00488df0 f   pjlib-i386-win32-vc8-debug:os_core_win32.obj
 0002:00028fd0       _pj_errno_clear_handlers   00488fd0 f   pjlib-i386-win32-vc8-debug:errno.obj
 0002:00029040       _pj_perror                 00489040 f   pjlib-i386-win32-vc8-debug:errno.obj
 0002:00029090       _pj_perror_1               00489090 f   pjlib-i386-win32-vc8-debug:errno.obj
 0002:000290e0       _pj_perror_2               004890e0 f   pjlib-i386-win32-vc8-debug:errno.obj
 0002:00029130       _pj_perror_3               00489130 f   pjlib-i386-win32-vc8-debug:errno.obj
 0002:00029180       _pj_perror_4               00489180 f   pjlib-i386-win32-vc8-debug:errno.obj
 0002:000291d0       _pj_perror_5               004891d0 f   pjlib-i386-win32-vc8-debug:errno.obj
 0002:000292f0       _pj_register_strerror      004892f0 f   pjlib-i386-win32-vc8-debug:errno.obj
 0002:00029520       _pj_strerror               00489520 f   pjlib-i386-win32-vc8-debug:errno.obj
 0002:00029810       _pj_NO_MEMORY_EXCEPTION    00489810 f   pjlib-i386-win32-vc8-debug:pool.obj
 0002:00029890       _pj_pool_alloc             00489890 f   pjlib-i386-win32-vc8-debug:pool.obj
 0002:000298f0       _pj_pool_alloc_from_block  004898f0 f   pjlib-i386-win32-vc8-debug:pool.obj
 0002:00029960       _pj_pool_allocate_find     00489960 f   pjlib-i386-win32-vc8-debug:pool.obj
 0002:00029ae0       _pj_pool_calloc            00489ae0 f   pjlib-i386-win32-vc8-debug:pool.obj
 0002:00029b40       _pj_pool_create            00489b40 f   pjlib-i386-win32-vc8-debug:pool.obj
 0002:00029ca0       _pj_pool_create_int        00489ca0 f   pjlib-i386-win32-vc8-debug:pool.obj
 0002:00029e20       _pj_pool_destroy_int       00489e20 f   pjlib-i386-win32-vc8-debug:pool.obj
 0002:00029ea0       _pj_pool_get_capacity      00489ea0 f   pjlib-i386-win32-vc8-debug:pool.obj
 0002:00029ec0       _pj_pool_get_used_size     00489ec0 f   pjlib-i386-win32-vc8-debug:pool.obj
 0002:00029f30       _pj_pool_getobjname        00489f30 f   pjlib-i386-win32-vc8-debug:pool.obj
 0002:00029f50       _pj_pool_init_int          00489f50 f   pjlib-i386-win32-vc8-debug:pool.obj
 0002:0002a020       _pj_pool_release           0048a020 f   pjlib-i386-win32-vc8-debug:pool.obj
 0002:0002a070       _pj_pool_reset             0048a070 f   pjlib-i386-win32-vc8-debug:pool.obj
 0002:0002a8c0       _pj_caching_pool_destroy   0048a8c0 f   pjlib-i386-win32-vc8-debug:pool_caching.obj
 0002:0002aa30       _pj_caching_pool_init      0048aa30 f   pjlib-i386-win32-vc8-debug:pool_caching.obj
 0002:0002adc0       _pj_log                    0048adc0 f   pjlib-i386-win32-vc8-debug:log.obj
 0002:0002b670       _pj_log_1                  0048b670 f   pjlib-i386-win32-vc8-debug:log.obj
 0002:0002b6b0       _pj_log_2                  0048b6b0 f   pjlib-i386-win32-vc8-debug:log.obj
 0002:0002b6f0       _pj_log_3                  0048b6f0 f   pjlib-i386-win32-vc8-debug:log.obj
 0002:0002b730       _pj_log_4                  0048b730 f   pjlib-i386-win32-vc8-debug:log.obj
 0002:0002b770       _pj_log_5                  0048b770 f   pjlib-i386-win32-vc8-debug:log.obj
 0002:0002b7b0       _pj_log_add_indent         0048b7b0 f   pjlib-i386-win32-vc8-debug:log.obj
 0002:0002b7e0       _pj_log_get_color          0048b7e0 f   pjlib-i386-win32-vc8-debug:log.obj
 0002:0002b880       _pj_log_get_decor          0048b880 f   pjlib-i386-win32-vc8-debug:log.obj
 0002:0002b8a0       _pj_log_get_level          0048b8a0 f   pjlib-i386-win32-vc8-debug:log.obj
 0002:0002b8c0       _pj_log_get_log_func       0048b8c0 f   pjlib-i386-win32-vc8-debug:log.obj
 0002:0002b8e0       _pj_log_init               0048b8e0 f   pjlib-i386-win32-vc8-debug:log.obj
 0002:0002b980       _pj_log_pop_indent         0048b980 f   pjlib-i386-win32-vc8-debug:log.obj
 0002:0002b9a0       _pj_log_push_indent        0048b9a0 f   pjlib-i386-win32-vc8-debug:log.obj
 0002:0002b9c0       _pj_log_set_color          0048b9c0 f   pjlib-i386-win32-vc8-debug:log.obj
 0002:0002baf0       _pj_log_set_decor          0048baf0 f   pjlib-i386-win32-vc8-debug:log.obj
 0002:0002bb10       _pj_log_set_level          0048bb10 f   pjlib-i386-win32-vc8-debug:log.obj
 0002:0002bb30       _pj_log_set_log_func       0048bb30 f   pjlib-i386-win32-vc8-debug:log.obj
 0002:0002bd90       _pj_pool_factory_get_default_policy 0048bd90 f   pjlib-i386-win32-vc8-debug:pool_policy_malloc.obj
 0002:0002bdb0       _pj_create_random_string   0048bdb0 f   pjlib-i386-win32-vc8-debug:string.obj
 0002:0002c080       _pj_str                    0048c080 f   pjlib-i386-win32-vc8-debug:string.obj
 0002:0002c0d0       _pj_strassign              0048c0d0 f   pjlib-i386-win32-vc8-debug:string.obj
 0002:0002c110       _pj_strcat                 0048c110 f   pjlib-i386-win32-vc8-debug:string.obj
 0002:0002c170       _pj_strcat2                0048c170 f   pjlib-i386-win32-vc8-debug:string.obj
 0002:0002c1f0       _pj_strcmp                 0048c1f0 f   pjlib-i386-win32-vc8-debug:string.obj
 0002:0002c310       _pj_strcmp2                0048c310 f   pjlib-i386-win32-vc8-debug:string.obj
 0002:0002c370       _pj_strcpy                 0048c370 f   pjlib-i386-win32-vc8-debug:string.obj
 0002:0002c3d0       _pj_strcpy2                0048c3d0 f   pjlib-i386-win32-vc8-debug:string.obj
 0002:0002c450       _pj_strdup                 0048c450 f   pjlib-i386-win32-vc8-debug:string.obj
 0002:0002c4e0       _pj_strdup2                0048c4e0 f   pjlib-i386-win32-vc8-debug:string.obj
 0002:0002c580       _pj_strdup2_with_null      0048c580 f   pjlib-i386-win32-vc8-debug:string.obj
 0002:0002c630       _pj_strdup3                0048c630 f   pjlib-i386-win32-vc8-debug:string.obj
 0002:0002c670       _pj_strdup_with_null       0048c670 f   pjlib-i386-win32-vc8-debug:string.obj
 0002:0002c700       _pj_stricmp                0048c700 f   pjlib-i386-win32-vc8-debug:string.obj
 0002:0002c820       _pj_stricmp2               0048c820 f   pjlib-i386-win32-vc8-debug:string.obj
 0002:0002c880       _pj_stristr                0048c880 f   pjlib-i386-win32-vc8-debug:string.obj
 0002:0002c920       _pj_strltrim               0048c920 f   pjlib-i386-win32-vc8-debug:string.obj
 0002:0002c9b0       _pj_strncmp                0048c9b0 f   pjlib-i386-win32-vc8-debug:string.obj
 0002:0002ca30       _pj_strncmp2               0048ca30 f   pjlib-i386-win32-vc8-debug:string.obj
 0002:0002ca90       _pj_strncpy                0048ca90 f   pjlib-i386-win32-vc8-debug:string.obj
 0002:0002caf0       _pj_strncpy_with_null      0048caf0 f   pjlib-i386-win32-vc8-debug:string.obj
 0002:0002cb70       _pj_strnicmp               0048cb70 f   pjlib-i386-win32-vc8-debug:string.obj
 0002:0002cbf0       _pj_strnicmp2              0048cbf0 f   pjlib-i386-win32-vc8-debug:string.obj
 0002:0002cc50       _pj_strrtrim               0048cc50 f   pjlib-i386-win32-vc8-debug:string.obj
 0002:0002cce0       _pj_strstr                 0048cce0 f   pjlib-i386-win32-vc8-debug:string.obj
 0002:0002cd80       _pj_strtof                 0048cd80 f   pjlib-i386-win32-vc8-debug:string.obj
 0002:0002cf50       _pj_strtol                 0048cf50 f   pjlib-i386-win32-vc8-debug:string.obj
 0002:0002d050       _pj_strtoul                0048d050 f   pjlib-i386-win32-vc8-debug:string.obj
 0002:0002d100       _pj_strtoul2               0048d100 f   pjlib-i386-win32-vc8-debug:string.obj
 0002:0002d290       _pj_strtrim                0048d290 f   pjlib-i386-win32-vc8-debug:string.obj
 0002:0002d2d0       _pj_utoa                   0048d2d0 f   pjlib-i386-win32-vc8-debug:string.obj
 0002:0002d300       _pj_utoa_pad               0048d300 f   pjlib-i386-win32-vc8-debug:string.obj
 0002:0002d460       _pj_array_erase            0048d460 f   pjlib-i386-win32-vc8-debug:array.obj
 0002:0002d4f0       _pj_array_find             0048d4f0 f   pjlib-i386-win32-vc8-debug:array.obj
 0002:0002d570       _pj_array_insert           0048d570 f   pjlib-i386-win32-vc8-debug:array.obj
 0002:0002d650       _pj_gethostname            0048d650 f   pjlib-i386-win32-vc8-debug:sock_bsd.obj
 0002:0002d700       _pj_htonl                  0048d700 f   pjlib-i386-win32-vc8-debug:sock_bsd.obj
 0002:0002d720       _pj_htons                  0048d720 f   pjlib-i386-win32-vc8-debug:sock_bsd.obj
 0002:0002d750       _pj_inet_aton              0048d750 f   pjlib-i386-win32-vc8-debug:sock_bsd.obj
 0002:0002d880       _pj_inet_ntoa              0048d880 f   pjlib-i386-win32-vc8-debug:sock_bsd.obj
 0002:0002d8a0       _pj_inet_ntop              0048d8a0 f   pjlib-i386-win32-vc8-debug:sock_bsd.obj
 0002:0002dae0       _pj_inet_pton              0048dae0 f   pjlib-i386-win32-vc8-debug:sock_bsd.obj
 0002:0002dd90       _pj_ntohl                  0048dd90 f   pjlib-i386-win32-vc8-debug:sock_bsd.obj
 0002:0002ddb0       _pj_ntohs                  0048ddb0 f   pjlib-i386-win32-vc8-debug:sock_bsd.obj
 0002:0002dde0       _pj_sock_accept            0048dde0 f   pjlib-i386-win32-vc8-debug:sock_bsd.obj
 0002:0002ded0       _pj_sock_bind              0048ded0 f   pjlib-i386-win32-vc8-debug:sock_bsd.obj
 0002:0002dfc0       _pj_sock_bind_in           0048dfc0 f   pjlib-i386-win32-vc8-debug:sock_bsd.obj
 0002:0002e070       _pj_sock_close             0048e070 f   pjlib-i386-win32-vc8-debug:sock_bsd.obj
 0002:0002e110       _pj_sock_connect           0048e110 f   pjlib-i386-win32-vc8-debug:sock_bsd.obj
 0002:0002e1b0       _pj_sock_getpeername       0048e1b0 f   pjlib-i386-win32-vc8-debug:sock_bsd.obj
 0002:0002e250       _pj_sock_getsockname       0048e250 f   pjlib-i386-win32-vc8-debug:sock_bsd.obj
 0002:0002e2f0       _pj_sock_getsockopt        0048e2f0 f   pjlib-i386-win32-vc8-debug:sock_bsd.obj
 0002:0002e3f0       _pj_sock_listen            0048e3f0 f   pjlib-i386-win32-vc8-debug:sock_bsd.obj
 0002:0002e490       _pj_sock_recv              0048e490 f   pjlib-i386-win32-vc8-debug:sock_bsd.obj
 0002:0002e590       _pj_sock_recvfrom          0048e590 f   pjlib-i386-win32-vc8-debug:sock_bsd.obj
 0002:0002e6a0       _pj_sock_send              0048e6a0 f   pjlib-i386-win32-vc8-debug:sock_bsd.obj
 0002:0002e790       _pj_sock_sendto            0048e790 f   pjlib-i386-win32-vc8-debug:sock_bsd.obj
 0002:0002e890       _pj_sock_setsockopt        0048e890 f   pjlib-i386-win32-vc8-debug:sock_bsd.obj
 0002:0002e970       _pj_sock_setsockopt_params 0048e970 f   pjlib-i386-win32-vc8-debug:sock_bsd.obj
 0002:0002ead0       _pj_sock_shutdown          0048ead0 f   pjlib-i386-win32-vc8-debug:sock_bsd.obj
 0002:0002eb70       _pj_sock_socket            0048eb70 f   pjlib-i386-win32-vc8-debug:sock_bsd.obj
 0002:0002ed10       _pj_getdefaultipinterface  0048ed10 f   pjlib-i386-win32-vc8-debug:sock_common.obj
 0002:0002ed90       _pj_gethostaddr            0048ed90 f   pjlib-i386-win32-vc8-debug:sock_common.obj
 0002:0002ede0       _pj_gethostip              0048ede0 f   pjlib-i386-win32-vc8-debug:sock_common.obj
 0002:0002fab0       _pj_getipinterface         0048fab0 f   pjlib-i386-win32-vc8-debug:sock_common.obj
 0002:0002fd00       _pj_inet_addr              0048fd00 f   pjlib-i386-win32-vc8-debug:sock_common.obj
 0002:0002fd30       _pj_inet_addr2             0048fd30 f   pjlib-i386-win32-vc8-debug:sock_common.obj
 0002:0002fd70       _pj_inet_ntop2             0048fd70 f   pjlib-i386-win32-vc8-debug:sock_common.obj
 0002:0002fe60       _pj_sock_bind_random       0048fe60 f   pjlib-i386-win32-vc8-debug:sock_common.obj
 0002:0002ffe0       _pj_sock_setsockopt_sobuf  0048ffe0 f   pjlib-i386-win32-vc8-debug:sock_common.obj
 0002:00030210       _pj_sockaddr_cmp           00490210 f   pjlib-i386-win32-vc8-debug:sock_common.obj
 0002:00030320       _pj_sockaddr_copy_addr     00490320 f   pjlib-i386-win32-vc8-debug:sock_common.obj
 0002:00030380       _pj_sockaddr_cp            00490380 f   pjlib-i386-win32-vc8-debug:sock_common.obj
 0002:000303c0       _pj_sockaddr_get_addr      004903c0 f   pjlib-i386-win32-vc8-debug:sock_common.obj
 0002:00030490       _pj_sockaddr_get_addr_len  00490490 f   pjlib-i386-win32-vc8-debug:sock_common.obj
 0002:00030560       _pj_sockaddr_get_len       00490560 f   pjlib-i386-win32-vc8-debug:sock_common.obj
 0002:00030630       _pj_sockaddr_get_port      00490630 f   pjlib-i386-win32-vc8-debug:sock_common.obj
 0002:00030720       _pj_sockaddr_has_addr      00490720 f   pjlib-i386-win32-vc8-debug:sock_common.obj
 0002:00030810       _pj_sockaddr_in_get_addr   00490810 f   pjlib-i386-win32-vc8-debug:sock_common.obj
 0002:00030840       _pj_sockaddr_in_get_port   00490840 f   pjlib-i386-win32-vc8-debug:sock_common.obj
 0002:00030870       _pj_sockaddr_in_init       00490870 f   pjlib-i386-win32-vc8-debug:sock_common.obj
 0002:00030920       _pj_sockaddr_in_set_addr   00490920 f   pjlib-i386-win32-vc8-debug:sock_common.obj
 0002:00030950       _pj_sockaddr_in_set_port   00490950 f   pjlib-i386-win32-vc8-debug:sock_common.obj
 0002:00030980       _pj_sockaddr_in_set_str_addr 00490980 f   pjlib-i386-win32-vc8-debug:sock_common.obj
 0002:00030ae0       _pj_sockaddr_init          00490ae0 f   pjlib-i386-win32-vc8-debug:sock_common.obj
 0002:00030be0       _pj_sockaddr_parse         00490be0 f   pjlib-i386-win32-vc8-debug:sock_common.obj
 0002:00030d80       _pj_sockaddr_parse2        00490d80 f   pjlib-i386-win32-vc8-debug:sock_common.obj
 0002:00031220       _pj_sockaddr_print         00491220 f   pjlib-i386-win32-vc8-debug:sock_common.obj
 0002:00031380       _pj_sockaddr_set_port      00491380 f   pjlib-i386-win32-vc8-debug:sock_common.obj
 0002:00031460       _pj_sockaddr_set_str_addr  00491460 f   pjlib-i386-win32-vc8-debug:sock_common.obj
 0002:00031710       _pj_gettimeofday           00491710 f   pjlib-i386-win32-vc8-debug:os_time_win32.obj
 0002:000317f0       _pj_time_decode            004917f0 f   pjlib-i386-win32-vc8-debug:os_time_win32.obj
 0002:00031900       _pj_time_encode            00491900 f   pjlib-i386-win32-vc8-debug:os_time_win32.obj
 0002:00031a90       _pj_list_erase             00491a90 f   pjlib-i386-win32-vc8-debug:list.obj
 0002:00031ad0       _pj_list_find_node         00491ad0 f   pjlib-i386-win32-vc8-debug:list.obj
 0002:00031b70       _pj_list_insert_after      00491b70 f   pjlib-i386-win32-vc8-debug:list.obj
 0002:00031bc0       _pj_list_insert_before     00491bc0 f   pjlib-i386-win32-vc8-debug:list.obj
 0002:00031bf0       _pj_list_insert_nodes_after 00491bf0 f   pjlib-i386-win32-vc8-debug:list.obj
 0002:00031c50       _pj_list_insert_nodes_before 00491c50 f   pjlib-i386-win32-vc8-debug:list.obj
 0002:00031c80       _pj_list_merge_first       00491c80 f   pjlib-i386-win32-vc8-debug:list.obj
 0002:00031cf0       _pj_list_merge_last        00491cf0 f   pjlib-i386-win32-vc8-debug:list.obj
 0002:00031d60       _pj_list_search            00491d60 f   pjlib-i386-win32-vc8-debug:list.obj
 0002:00031dd0       _pj_list_size              00491dd0 f   pjlib-i386-win32-vc8-debug:list.obj
 0002:00032130       _ioqueue_dispatch_exception_event 00492130 f   pjlib-i386-win32-vc8-debug:ioqueue_select.obj
 0002:000322e0       _ioqueue_dispatch_read_event 004922e0 f   pjlib-i386-win32-vc8-debug:ioqueue_select.obj
 0002:000326c0       _ioqueue_dispatch_write_event 004926c0 f   pjlib-i386-win32-vc8-debug:ioqueue_select.obj
 0002:00032f60       _pj_ioqueue_accept         00492f60 f   pjlib-i386-win32-vc8-debug:ioqueue_select.obj
 0002:00033190       _pj_ioqueue_connect        00493190 f   pjlib-i386-win32-vc8-debug:ioqueue_select.obj
 0002:00033310       _pj_ioqueue_create         00493310 f   pjlib-i386-win32-vc8-debug:ioqueue_select.obj
 0002:00033630       _pj_ioqueue_destroy        00493630 f   pjlib-i386-win32-vc8-debug:ioqueue_select.obj
 0002:00033780       _pj_ioqueue_get_user_data  00493780 f   pjlib-i386-win32-vc8-debug:ioqueue_select.obj
 0002:000337e0       _pj_ioqueue_is_pending     004937e0 f   pjlib-i386-win32-vc8-debug:ioqueue_select.obj
 0002:00033820       _pj_ioqueue_lock_key       00493820 f   pjlib-i386-win32-vc8-debug:ioqueue_select.obj
 0002:00033870       _pj_ioqueue_name           00493870 f   pjlib-i386-win32-vc8-debug:ioqueue_select.obj
 0002:00033890       _pj_ioqueue_op_key_init    00493890 f   pjlib-i386-win32-vc8-debug:ioqueue_select.obj
 0002:000338c0       _pj_ioqueue_poll           004938c0 f   pjlib-i386-win32-vc8-debug:ioqueue_select.obj
 0002:00033fb0       _pj_ioqueue_post_completion 00493fb0 f   pjlib-i386-win32-vc8-debug:ioqueue_select.obj
 0002:00034170       _pj_ioqueue_recv           00494170 f   pjlib-i386-win32-vc8-debug:ioqueue_select.obj
 0002:00034370       _pj_ioqueue_recvfrom       00494370 f   pjlib-i386-win32-vc8-debug:ioqueue_select.obj
 0002:00034590       _pj_ioqueue_register_sock  00494590 f   pjlib-i386-win32-vc8-debug:ioqueue_select.obj
 0002:000345d0       _pj_ioqueue_register_sock2 004945d0 f   pjlib-i386-win32-vc8-debug:ioqueue_select.obj
 0002:00034840       _pj_ioqueue_send           00494840 f   pjlib-i386-win32-vc8-debug:ioqueue_select.obj
 0002:00034aa0       _pj_ioqueue_sendto         00494aa0 f   pjlib-i386-win32-vc8-debug:ioqueue_select.obj
 0002:00034d70       _pj_ioqueue_set_concurrency 00494d70 f   pjlib-i386-win32-vc8-debug:ioqueue_select.obj
 0002:00034e30       _pj_ioqueue_set_default_concurrency 00494e30 f   pjlib-i386-win32-vc8-debug:ioqueue_select.obj
 0002:00034e90       _pj_ioqueue_set_lock       00494e90 f   pjlib-i386-win32-vc8-debug:ioqueue_select.obj
 0002:00034f30       _pj_ioqueue_set_user_data  00494f30 f   pjlib-i386-win32-vc8-debug:ioqueue_select.obj
 0002:00034fb0       _pj_ioqueue_unlock_key     00494fb0 f   pjlib-i386-win32-vc8-debug:ioqueue_select.obj
 0002:00035000       _pj_ioqueue_unregister     00495000 f   pjlib-i386-win32-vc8-debug:ioqueue_select.obj
 0002:000355b0       _pj_file_delete            004955b0 f   pjlib-i386-win32-vc8-debug:file_access_win32.obj
 0002:00035670       _pj_file_exists            00495670 f   pjlib-i386-win32-vc8-debug:file_access_win32.obj
 0002:00035710       _pj_file_getstat           00495710 f   pjlib-i386-win32-vc8-debug:file_access_win32.obj
 0002:000359e0       _pj_file_move              004959e0 f   pjlib-i386-win32-vc8-debug:file_access_win32.obj
 0002:00035ac0       _pj_file_size              00495ac0 f   pjlib-i386-win32-vc8-debug:file_access_win32.obj
 0002:00035be0       _pj_file_close             00495be0 f   pjlib-i386-win32-vc8-debug:file_io_win32.obj
 0002:00035c60       _pj_file_flush             00495c60 f   pjlib-i386-win32-vc8-debug:file_io_win32.obj
 0002:00035cf0       _pj_file_getpos            00495cf0 f   pjlib-i386-win32-vc8-debug:file_io_win32.obj
 0002:00035dc0       _pj_file_open              00495dc0 f   pjlib-i386-win32-vc8-debug:file_io_win32.obj
 0002:00036010       _pj_file_read              00496010 f   pjlib-i386-win32-vc8-debug:file_io_win32.obj
 0002:000360c0       _pj_file_setpos            004960c0 f   pjlib-i386-win32-vc8-debug:file_io_win32.obj
 0002:000361e0       _pj_file_write             004961e0 f   pjlib-i386-win32-vc8-debug:file_io_win32.obj
 0002:00036940       _pj_grp_lock_acquire       00496940 f   pjlib-i386-win32-vc8-debug:lock.obj
 0002:00036970       _pj_grp_lock_add_handler   00496970 f   pjlib-i386-win32-vc8-debug:lock.obj
 0002:00036a00       _pj_grp_lock_add_ref       00496a00 f   pjlib-i386-win32-vc8-debug:lock.obj
 0002:00036a30       _pj_grp_lock_chain_lock    00496a30 f   pjlib-i386-win32-vc8-debug:lock.obj
 0002:00036b20       _pj_grp_lock_config_default 00496b20 f   pjlib-i386-win32-vc8-debug:lock.obj
 0002:00036b50       _pj_grp_lock_create        00496b50 f   pjlib-i386-win32-vc8-debug:lock.obj
 0002:00036d30       _pj_grp_lock_dec_ref       00496d30 f   pjlib-i386-win32-vc8-debug:lock.obj
 0002:00036d60       _pj_grp_lock_del_handler   00496d60 f   pjlib-i386-win32-vc8-debug:lock.obj
 0002:00036e00       _pj_grp_lock_destroy       00496e00 f   pjlib-i386-win32-vc8-debug:lock.obj
 0002:00036e30       _pj_grp_lock_dump          00496e30 f   pjlib-i386-win32-vc8-debug:lock.obj
 0002:00036e50       _pj_grp_lock_get_ref       00496e50 f   pjlib-i386-win32-vc8-debug:lock.obj
 0002:00036e80       _pj_grp_lock_release       00496e80 f   pjlib-i386-win32-vc8-debug:lock.obj
 0002:00036eb0       _pj_grp_lock_replace       00496eb0 f   pjlib-i386-win32-vc8-debug:lock.obj
 0002:00036f60       _pj_grp_lock_tryacquire    00496f60 f   pjlib-i386-win32-vc8-debug:lock.obj
 0002:00036f90       _pj_grp_lock_unchain_lock  00496f90 f   pjlib-i386-win32-vc8-debug:lock.obj
 0002:000370c0       _pj_lock_acquire           004970c0 f   pjlib-i386-win32-vc8-debug:lock.obj
 0002:00037130       _pj_lock_create_null_mutex 00497130 f   pjlib-i386-win32-vc8-debug:lock.obj
 0002:00037190       _pj_lock_create_recursive_mutex 00497190 f   pjlib-i386-win32-vc8-debug:lock.obj
 0002:000371c0       _pj_lock_create_semaphore  004971c0 f   pjlib-i386-win32-vc8-debug:lock.obj
 0002:000372b0       _pj_lock_create_simple_mutex 004972b0 f   pjlib-i386-win32-vc8-debug:lock.obj
 0002:000372e0       _pj_lock_destroy           004972e0 f   pjlib-i386-win32-vc8-debug:lock.obj
 0002:00037350       _pj_lock_release           00497350 f   pjlib-i386-win32-vc8-debug:lock.obj
 0002:000373c0       _pj_lock_tryacquire        004973c0 f   pjlib-i386-win32-vc8-debug:lock.obj
 0002:00037500       _pj_exception_id_alloc     00497500 f   pjlib-i386-win32-vc8-debug:except.obj
 0002:00037580       _pj_exception_id_free      00497580 f   pjlib-i386-win32-vc8-debug:except.obj
 0002:00037610       _pj_exception_id_name      00497610 f   pjlib-i386-win32-vc8-debug:except.obj
 0002:000376c0       _pj_pop_exception_handler_ 004976c0 f   pjlib-i386-win32-vc8-debug:except.obj
 0002:00037720       _pj_push_exception_handler_ 00497720 f   pjlib-i386-win32-vc8-debug:except.obj
 0002:000377d0       _pj_throw_exception_       004977d0 f   pjlib-i386-win32-vc8-debug:except.obj
 0002:00037890       _pj_get_timestamp          00497890 f   pjlib-i386-win32-vc8-debug:os_timestamp_win32.obj
 0002:00037920       _pj_get_timestamp_freq     00497920 f   pjlib-i386-win32-vc8-debug:os_timestamp_win32.obj
 0002:00037b50       _pj_elapsed_cycle          00497b50 f   pjlib-i386-win32-vc8-debug:os_timestamp_common.obj
 0002:00037b70       _pj_elapsed_msec           00497b70 f   pjlib-i386-win32-vc8-debug:os_timestamp_common.obj
 0002:00037bb0       _pj_elapsed_msec64         00497bb0 f   pjlib-i386-win32-vc8-debug:os_timestamp_common.obj
 0002:00037bf0       _pj_elapsed_nanosec        00497bf0 f   pjlib-i386-win32-vc8-debug:os_timestamp_common.obj
 0002:00037cb0       _pj_elapsed_time           00497cb0 f   pjlib-i386-win32-vc8-debug:os_timestamp_common.obj
 0002:00037d90       _pj_elapsed_usec           00497d90 f   pjlib-i386-win32-vc8-debug:os_timestamp_common.obj
 0002:00037dd0       _pj_gettickcount           00497dd0 f   pjlib-i386-win32-vc8-debug:os_timestamp_common.obj
 0002:00037fb0       _pj_GUID_STRING_LENGTH     00497fb0 f   pjlib-i386-win32-vc8-debug:guid_win32.obj
 0002:00037fd0       _pj_generate_unique_string 00497fd0 f   pjlib-i386-win32-vc8-debug:guid_win32.obj
 0002:00038040       _pj_dump_config            00498040 f   pjlib-i386-win32-vc8-debug:config.obj
 0002:00038620       _pj_get_version            00498620 f   pjlib-i386-win32-vc8-debug:config.obj
 0002:00038640       _pj_get_netos_error        00498640 f   pjlib-i386-win32-vc8-debug:os_error_win32.obj
 0002:00038690       _pj_get_os_error           00498690 f   pjlib-i386-win32-vc8-debug:os_error_win32.obj
 0002:00038710       _pj_set_netos_error        00498710 f   pjlib-i386-win32-vc8-debug:os_error_win32.obj
 0002:00038760       _pj_set_os_error           00498760 f   pjlib-i386-win32-vc8-debug:os_error_win32.obj
 0002:000387b0       _platform_strerror         004987b0 f   pjlib-i386-win32-vc8-debug:os_error_win32.obj
 0002:000389b0       _pj_pool_create_on_buf     004989b0 f   pjlib-i386-win32-vc8-debug:pool_buf.obj
 0002:00038c20       _pj_log_write              00498c20 f   pjlib-i386-win32-vc8-debug:log_writer_stdout.obj
 0002:00038d00       _pj_rand                   00498d00 f   pjlib-i386-win32-vc8-debug:rand.obj
 0002:00038d40       _pj_srand                  00498d40 f   pjlib-i386-win32-vc8-debug:rand.obj
 0002:00039790       _pj_enum_ip_interface      00499790 f   pjlib-i386-win32-vc8-debug:ip_helper_win32.obj
 0002:000398f0       _pj_enum_ip_route          004998f0 f   pjlib-i386-win32-vc8-debug:ip_helper_win32.obj
 0002:00039d60       _pj_getaddrinfo            00499d60 f   pjlib-i386-win32-vc8-debug:addr_resolv_sock.obj
 0002:0003a0c0       _pj_gethostbyname          0049a0c0 f   pjlib-i386-win32-vc8-debug:addr_resolv_sock.obj
 0002:0003a250       _pj_time_val_normalize     0049a250 f   pjlib-i386-win32-vc8-debug:types.obj
 0002:0003a390       _PJ_FD_CLR                 0049a390 f   pjlib-i386-win32-vc8-debug:sock_select.obj
 0002:0003a4e0       _PJ_FD_COUNT               0049a4e0 f   pjlib-i386-win32-vc8-debug:sock_select.obj
 0002:0003a510       _PJ_FD_ISSET               0049a510 f   pjlib-i386-win32-vc8-debug:sock_select.obj
 0002:0003a570       _PJ_FD_SET                 0049a570 f   pjlib-i386-win32-vc8-debug:sock_select.obj
 0002:0003a6b0       _PJ_FD_ZERO                0049a6b0 f   pjlib-i386-win32-vc8-debug:sock_select.obj
 0002:0003a710       _pj_sock_select            0049a710 f   pjlib-i386-win32-vc8-debug:sock_select.obj
 0002:0003b160       _res_GetXOFF               0049b160 f   libresample-i386-win32-vc8-debug:resamplesubs.obj
 0002:0003b250       _res_Resample              0049b250 f   libresample-i386-win32-vc8-debug:resamplesubs.obj
 0002:0003b410       _res_SrcLinear             0049b410 f   libresample-i386-win32-vc8-debug:resamplesubs.obj
 0002:0003bbc0       _speex_echo_cancel         0049bbc0 f   libspeex-i386-win32-vc8-debug:mdf.obj
 0002:0003bc00       _speex_echo_cancellation   0049bc00 f   libspeex-i386-win32-vc8-debug:mdf.obj
 0002:0003d970       _speex_echo_capture        0049d970 f   libspeex-i386-win32-vc8-debug:mdf.obj
 0002:0003db10       _speex_echo_ctl            0049db10 f   libspeex-i386-win32-vc8-debug:mdf.obj
 0002:0003dca0       _speex_echo_get_residual   0049dca0 f   libspeex-i386-win32-vc8-debug:mdf.obj
 0002:0003de00       _speex_echo_playback       0049de00 f   libspeex-i386-win32-vc8-debug:mdf.obj
 0002:0003dfd0       _speex_echo_state_destroy  0049dfd0 f   libspeex-i386-win32-vc8-debug:mdf.obj
 0002:0003e1c0       _speex_echo_state_init     0049e1c0 f   libspeex-i386-win32-vc8-debug:mdf.obj
 0002:0003ea10       _speex_echo_state_reset    0049ea10 f   libspeex-i386-win32-vc8-debug:mdf.obj
 0002:0003fcf0       _speex_preprocess          0049fcf0 f   libspeex-i386-win32-vc8-debug:preprocess.obj
 0002:0003fd20       _speex_preprocess_ctl      0049fd20 f   libspeex-i386-win32-vc8-debug:preprocess.obj
 0002:00040730       _speex_preprocess_estimate_update 004a0730 f   libspeex-i386-win32-vc8-debug:preprocess.obj
 0002:00040970       _speex_preprocess_run      004a0970 f   libspeex-i386-win32-vc8-debug:preprocess.obj
 0002:00042170       _speex_preprocess_state_destroy 004a2170 f   libspeex-i386-win32-vc8-debug:preprocess.obj
 0002:00042380       _speex_preprocess_state_init 004a2380 f   libspeex-i386-win32-vc8-debug:preprocess.obj
 0002:000431f0       _spx_fft                   004a31f0 f   libspeex-i386-win32-vc8-debug:fftwrap.obj
 0002:00043330       _spx_fft_destroy           004a3330 f   libspeex-i386-win32-vc8-debug:fftwrap.obj
 0002:00043370       _spx_fft_float             004a3370 f   libspeex-i386-win32-vc8-debug:fftwrap.obj
 0002:000433a0       _spx_fft_init              004a33a0 f   libspeex-i386-win32-vc8-debug:fftwrap.obj
 0002:000433e0       _spx_ifft                  004a33e0 f   libspeex-i386-win32-vc8-debug:fftwrap.obj
 0002:00043480       _spx_ifft_float            004a3480 f   libspeex-i386-win32-vc8-debug:fftwrap.obj
 0002:000434b0       _filterbank_compute_bank   004a34b0 f   libspeex-i386-win32-vc8-debug:filterbank.obj
 0002:00043620       _filterbank_compute_bank32 004a3620 f   libspeex-i386-win32-vc8-debug:filterbank.obj
 0002:00043740       _filterbank_compute_psd    004a3740 f   libspeex-i386-win32-vc8-debug:filterbank.obj
 0002:00043810       _filterbank_compute_psd16  004a3810 f   libspeex-i386-win32-vc8-debug:filterbank.obj
 0002:000438e0       _filterbank_destroy        004a38e0 f   libspeex-i386-win32-vc8-debug:filterbank.obj
 0002:00043960       _filterbank_new            004a3960 f   libspeex-i386-win32-vc8-debug:filterbank.obj
 0002:00043ea0       _filterbank_psy_smooth     004a3ea0 f   libspeex-i386-win32-vc8-debug:filterbank.obj
 0002:00048e40       _spx_drft_backward         004a8e40 f   libspeex-i386-win32-vc8-debug:smallft.obj
 0002:00048ea0       _spx_drft_clear            004a8ea0 f   libspeex-i386-win32-vc8-debug:smallft.obj
 0002:00048f00       _spx_drft_forward          004a8f00 f   libspeex-i386-win32-vc8-debug:smallft.obj
 0002:00048f60       _spx_drft_init             004a8f60 f   libspeex-i386-win32-vc8-debug:smallft.obj
 0002:00048fe0       _crypto_get_random         004a8fe0 f   libsrtp-i386-win32-vc8-debug:crypto_kernel.obj
 0002:00049020       _crypto_kernel_alloc_auth  004a9020 f   libsrtp-i386-win32-vc8-debug:crypto_kernel.obj
 0002:00049090       _crypto_kernel_alloc_cipher 004a9090 f   libsrtp-i386-win32-vc8-debug:crypto_kernel.obj
 0002:00049100       _crypto_kernel_get_auth_type 004a9100 f   libsrtp-i386-win32-vc8-debug:crypto_kernel.obj
 0002:00049150       _crypto_kernel_get_cipher_type 004a9150 f   libsrtp-i386-win32-vc8-debug:crypto_kernel.obj
 0002:000491a0       _crypto_kernel_init        004a91a0 f   libsrtp-i386-win32-vc8-debug:crypto_kernel.obj
 0002:00049410       _crypto_kernel_list_debug_modules 004a9410 f   libsrtp-i386-win32-vc8-debug:crypto_kernel.obj
 0002:000494b0       _crypto_kernel_load_auth_type 004a94b0 f   libsrtp-i386-win32-vc8-debug:crypto_kernel.obj
 0002:000495b0       _crypto_kernel_load_cipher_type 004a95b0 f   libsrtp-i386-win32-vc8-debug:crypto_kernel.obj
 0002:000496b0       _crypto_kernel_load_debug_module 004a96b0 f   libsrtp-i386-win32-vc8-debug:crypto_kernel.obj
 0002:00049770       _crypto_kernel_set_debug_module 004a9770 f   libsrtp-i386-win32-vc8-debug:crypto_kernel.obj
 0002:000497e0       _crypto_kernel_shutdown    004a97e0 f   libsrtp-i386-win32-vc8-debug:crypto_kernel.obj
 0002:00049950       _crypto_kernel_status      004a9950 f   libsrtp-i386-win32-vc8-debug:crypto_kernel.obj
 0002:00049bd0       _srtp_event_reporter       004a9bd0 f   libsrtp-i386-win32-vc8-debug:srtp.obj
 0002:00049ca0       _append_salt_to_key        004a9ca0 f   libsrtp-i386-win32-vc8-debug:srtp.obj
 0002:00049d30       _crypto_policy_set_aes_cm_128_hmac_sha1_32 004a9d30 f   libsrtp-i386-win32-vc8-debug:srtp.obj
 0002:00049d90       _crypto_policy_set_aes_cm_128_null_auth 004a9d90 f   libsrtp-i386-win32-vc8-debug:srtp.obj
 0002:00049df0       _crypto_policy_set_from_profile_for_rtcp 004a9df0 f   libsrtp-i386-win32-vc8-debug:srtp.obj
 0002:00049e70       _crypto_policy_set_from_profile_for_rtp 004a9e70 f   libsrtp-i386-win32-vc8-debug:srtp.obj
 0002:00049ef0       _crypto_policy_set_null_cipher_hmac_sha1_80 004a9ef0 f   libsrtp-i386-win32-vc8-debug:srtp.obj
 0002:00049f50       _crypto_policy_set_rtcp_default 004a9f50 f   libsrtp-i386-win32-vc8-debug:srtp.obj
 0002:00049fb0       _crypto_policy_set_rtp_default 004a9fb0 f   libsrtp-i386-win32-vc8-debug:srtp.obj
 0002:0004a010       _srtp_add_stream           004aa010 f   libsrtp-i386-win32-vc8-debug:srtp.obj
 0002:0004a170       _srtp_create               004aa170 f   libsrtp-i386-win32-vc8-debug:srtp.obj
 0002:0004a230       _srtp_dealloc              004aa230 f   libsrtp-i386-win32-vc8-debug:srtp.obj
 0002:0004a3c0       _srtp_deinit               004aa3c0 f   libsrtp-i386-win32-vc8-debug:srtp.obj
 0002:0004a3f0       _srtp_get_stream           004aa3f0 f   libsrtp-i386-win32-vc8-debug:srtp.obj
 0002:0004a440       _srtp_init                 004aa440 f   libsrtp-i386-win32-vc8-debug:srtp.obj
 0002:0004a490       _srtp_install_event_handler 004aa490 f   libsrtp-i386-win32-vc8-debug:srtp.obj
 0002:0004a4b0       _srtp_kdf_clear            004aa4b0 f   libsrtp-i386-win32-vc8-debug:srtp.obj
 0002:0004a4e0       _srtp_kdf_generate         004aa4e0 f   libsrtp-i386-win32-vc8-debug:srtp.obj
 0002:0004a5a0       _srtp_kdf_init             004aa5a0 f   libsrtp-i386-win32-vc8-debug:srtp.obj
 0002:0004a5d0       _srtp_profile_get_master_key_length 004aa5d0 f   libsrtp-i386-win32-vc8-debug:srtp.obj
 0002:0004a630       _srtp_profile_get_master_salt_length 004aa630 f   libsrtp-i386-win32-vc8-debug:srtp.obj
 0002:0004a690       _srtp_protect              004aa690 f   libsrtp-i386-win32-vc8-debug:srtp.obj
 0002:0004ae10       _srtp_protect_rtcp         004aae10 f   libsrtp-i386-win32-vc8-debug:srtp.obj
 0002:0004b360       _srtp_remove_stream        004ab360 f   libsrtp-i386-win32-vc8-debug:srtp.obj
 0002:0004b410       _srtp_stream_alloc         004ab410 f   libsrtp-i386-win32-vc8-debug:srtp.obj
 0002:0004b6d0       _srtp_stream_clone         004ab6d0 f   libsrtp-i386-win32-vc8-debug:srtp.obj
 0002:0004b820       _srtp_stream_dealloc       004ab820 f   libsrtp-i386-win32-vc8-debug:srtp.obj
 0002:0004b9d0       _srtp_stream_init          004ab9d0 f   libsrtp-i386-win32-vc8-debug:srtp.obj
 0002:0004bad0       _srtp_stream_init_keys     004abad0 f   libsrtp-i386-win32-vc8-debug:srtp.obj
 0002:0004c000       _srtp_unprotect            004ac000 f   libsrtp-i386-win32-vc8-debug:srtp.obj
 0002:0004c7e0       _srtp_unprotect_rtcp       004ac7e0 f   libsrtp-i386-win32-vc8-debug:srtp.obj
 0002:0004cde0       _crypto_alloc              004acde0 f   libsrtp-i386-win32-vc8-debug:alloc.obj
 0002:0004ce70       _crypto_free               004ace70 f   libsrtp-i386-win32-vc8-debug:alloc.obj
 0002:0004cec0       _err_report                004acec0 f   libsrtp-i386-win32-vc8-debug:srtp_err.obj
 0002:0004cf20       _err_reporting_init        004acf20 f   libsrtp-i386-win32-vc8-debug:srtp_err.obj
 0002:0004cf40       _err_reporting_set_level   004acf40 f   libsrtp-i386-win32-vc8-debug:srtp_err.obj
 0002:0004cf60       _rand_source_deinit        004acf60 f   libsrtp-i386-win32-vc8-debug:rand_source.obj
 0002:0004cf90       _rand_source_get_octet_string 004acf90 f   libsrtp-i386-win32-vc8-debug:rand_source.obj
 0002:0004cff0       _rand_source_init          004acff0 f   libsrtp-i386-win32-vc8-debug:rand_source.obj
 0002:0004d030       _cipher_bits_per_second    004ad030 f   libsrtp-i386-win32-vc8-debug:cipher.obj
 0002:0004d1f0       _cipher_get_key_length     004ad1f0 f   libsrtp-i386-win32-vc8-debug:cipher.obj
 0002:0004d210       _cipher_output             004ad210 f   libsrtp-i386-win32-vc8-debug:cipher.obj
 0002:0004d260       _cipher_type_self_test     004ad260 f   libsrtp-i386-win32-vc8-debug:cipher.obj
 0002:0004e180       _ctr_prng_deinit           004ae180 f   libsrtp-i386-win32-vc8-debug:ctr_prng.obj
 0002:0004e1a0       _ctr_prng_get_octet_string 004ae1a0 f   libsrtp-i386-win32-vc8-debug:ctr_prng.obj
 0002:0004e230       _ctr_prng_init             004ae230 f   libsrtp-i386-win32-vc8-debug:ctr_prng.obj
 0002:0004e2c0       _auth_get_key_length       004ae2c0 f   libsrtp-i386-win32-vc8-debug:auth.obj
 0002:0004e2e0       _auth_get_prefix_length    004ae2e0 f   libsrtp-i386-win32-vc8-debug:auth.obj
 0002:0004e300       _auth_get_tag_length       004ae300 f   libsrtp-i386-win32-vc8-debug:auth.obj
 0002:0004e320       _auth_type_get_ref_count   004ae320 f   libsrtp-i386-win32-vc8-debug:auth.obj
 0002:0004e340       _auth_type_self_test       004ae340 f   libsrtp-i386-win32-vc8-debug:auth.obj
 0002:0004e720       _stat_test_monobit         004ae720 f   libsrtp-i386-win32-vc8-debug:stat.obj
 0002:0004e7e0       _stat_test_poker           004ae7e0 f   libsrtp-i386-win32-vc8-debug:stat.obj
 0002:0004e9f0       _stat_test_rand_source     004ae9f0 f   libsrtp-i386-win32-vc8-debug:stat.obj
 0002:0004f220       _stat_test_rand_source_with_repetition 004af220 f   libsrtp-i386-win32-vc8-debug:stat.obj
 0002:0004f2b0       _stat_test_runs            004af2b0 f   libsrtp-i386-win32-vc8-debug:stat.obj
 0002:0004f780       _null_cipher_init          004af780 f   libsrtp-i386-win32-vc8-debug:null_cipher.obj
 0002:0004f7c0       _null_cipher_encrypt       004af7c0 f   libsrtp-i386-win32-vc8-debug:null_cipher.obj
 0002:0004f7e0       _null_cipher_alloc         004af7e0 f   libsrtp-i386-win32-vc8-debug:null_cipher.obj
 0002:0004f890       _null_cipher_dealloc       004af890 f   libsrtp-i386-win32-vc8-debug:null_cipher.obj
 0002:0004f8e0       _null_cipher_set_iv        004af8e0 f   libsrtp-i386-win32-vc8-debug:null_cipher.obj
 0002:0004f900       _aes_icm_context_init      004af900 f   libsrtp-i386-win32-vc8-debug:aes_icm.obj
 0002:0004fa60       _aes_icm_set_iv            004afa60 f   libsrtp-i386-win32-vc8-debug:aes_icm.obj
 0002:0004fbd0       _aes_icm_encrypt           004afbd0 f   libsrtp-i386-win32-vc8-debug:aes_icm.obj
 0002:0004fc00       _aes_icm_dealloc           004afc00 f   libsrtp-i386-win32-vc8-debug:aes_icm.obj
 0002:0004fc50       _aes_icm_alloc             004afc50 f   libsrtp-i386-win32-vc8-debug:aes_icm.obj
 0002:0004fe70       _aes_icm_alloc_ismacryp    004afe70 f   libsrtp-i386-win32-vc8-debug:aes_icm.obj
 0002:0004ff40       _aes_icm_encrypt_ismacryp  004aff40 f   libsrtp-i386-win32-vc8-debug:aes_icm.obj
 0002:000505a0       _aes_icm_output            004b05a0 f   libsrtp-i386-win32-vc8-debug:aes_icm.obj
 0002:000505f0       _aes_icm_set_octet         004b05f0 f   libsrtp-i386-win32-vc8-debug:aes_icm.obj
 0002:00050840       _aes_cbc_context_init      004b0840 f   libsrtp-i386-win32-vc8-debug:aes_cbc.obj
 0002:00050910       _aes_cbc_set_iv            004b0910 f   libsrtp-i386-win32-vc8-debug:aes_cbc.obj
 0002:000509b0       _aes_cbc_nist_encrypt      004b09b0 f   libsrtp-i386-win32-vc8-debug:aes_cbc.obj
 0002:00050a80       _aes_cbc_nist_decrypt      004b0a80 f   libsrtp-i386-win32-vc8-debug:aes_cbc.obj
 0002:00050b20       _aes_cbc_alloc             004b0b20 f   libsrtp-i386-win32-vc8-debug:aes_cbc.obj
 0002:00050bf0       _aes_cbc_dealloc           004b0bf0 f   libsrtp-i386-win32-vc8-debug:aes_cbc.obj
 0002:00050c40       _aes_cbc_decrypt           004b0c40 f   libsrtp-i386-win32-vc8-debug:aes_cbc.obj
 0002:00050e50       _aes_cbc_encrypt           004b0e50 f   libsrtp-i386-win32-vc8-debug:aes_cbc.obj
 0002:00051000       _null_auth_alloc           004b1000 f   libsrtp-i386-win32-vc8-debug:null_auth.obj
 0002:00051100       _null_auth_dealloc         004b1100 f   libsrtp-i386-win32-vc8-debug:null_auth.obj
 0002:00051150       _null_auth_init            004b1150 f   libsrtp-i386-win32-vc8-debug:null_auth.obj
 0002:00051170       _null_auth_compute         004b1170 f   libsrtp-i386-win32-vc8-debug:null_auth.obj
 0002:00051190       _null_auth_update          004b1190 f   libsrtp-i386-win32-vc8-debug:null_auth.obj
 0002:000511b0       _null_auth_start           004b11b0 f   libsrtp-i386-win32-vc8-debug:null_auth.obj
 0002:000511d0       _hmac_alloc                004b11d0 f   libsrtp-i386-win32-vc8-debug:hmac.obj
 0002:000512f0       _hmac_dealloc              004b12f0 f   libsrtp-i386-win32-vc8-debug:hmac.obj
 0002:00051340       _hmac_init                 004b1340 f   libsrtp-i386-win32-vc8-debug:hmac.obj
 0002:000514a0       _hmac_start                004b14a0 f   libsrtp-i386-win32-vc8-debug:hmac.obj
 0002:000514e0       _hmac_update               004b14e0 f   libsrtp-i386-win32-vc8-debug:hmac.obj
 0002:00051550       _hmac_compute              004b1550 f   libsrtp-i386-win32-vc8-debug:hmac.obj
 0002:000516d0       _base64_char_to_sextet     004b16d0 f   libsrtp-i386-win32-vc8-debug:datatypes.obj
 0002:00051b90       _base64_string_to_octet_string 004b1b90 f   libsrtp-i386-win32-vc8-debug:datatypes.obj
 0002:00051e60       _hex_string_to_octet_string 004b1e60 f   libsrtp-i386-win32-vc8-debug:datatypes.obj
 0002:00051f50       _is_hex_string             004b1f50 f   libsrtp-i386-win32-vc8-debug:datatypes.obj
 0002:00051fb0       _nibble_to_hex_char        004b1fb0 f   libsrtp-i386-win32-vc8-debug:datatypes.obj
 0002:00052040       _octet_get_weight          004b2040 f   libsrtp-i386-win32-vc8-debug:datatypes.obj
 0002:00052070       _octet_string_hex_string   004b2070 f   libsrtp-i386-win32-vc8-debug:datatypes.obj
 0002:00052160       _octet_string_is_eq        004b2160 f   libsrtp-i386-win32-vc8-debug:datatypes.obj
 0002:000521d0       _octet_string_set_to_zero  004b21d0 f   libsrtp-i386-win32-vc8-debug:datatypes.obj
 0002:00052210       _v128_bit_string           004b2210 f   libsrtp-i386-win32-vc8-debug:datatypes.obj
 0002:000522e0       _v128_copy_octet_string    004b22e0 f   libsrtp-i386-win32-vc8-debug:datatypes.obj
 0002:00052530       _v128_hex_string           004b2530 f   libsrtp-i386-win32-vc8-debug:datatypes.obj
 0002:00052600       _v128_left_shift           004b2600 f   libsrtp-i386-win32-vc8-debug:datatypes.obj
 0002:000527b0       _v128_right_shift          004b27b0 f   libsrtp-i386-win32-vc8-debug:datatypes.obj
 0002:00052970       _index_advance             004b2970 f   libsrtp-i386-win32-vc8-debug:rdbx.obj
 0002:000529a0       _index_guess               004b29a0 f   libsrtp-i386-win32-vc8-debug:rdbx.obj
 0002:00052af0       _index_init                004b2af0 f   libsrtp-i386-win32-vc8-debug:rdbx.obj
 0002:00052b20       _rdbx_add_index            004b2b20 f   libsrtp-i386-win32-vc8-debug:rdbx.obj
 0002:00052be0       _rdbx_check                004b2be0 f   libsrtp-i386-win32-vc8-debug:rdbx.obj
 0002:00052c50       _rdbx_estimate_index       004b2c50 f   libsrtp-i386-win32-vc8-debug:rdbx.obj
 0002:00052cc0       _rdbx_init                 004b2cc0 f   libsrtp-i386-win32-vc8-debug:rdbx.obj
 0002:00052d50       _key_limit_check           004b2d50 f   libsrtp-i386-win32-vc8-debug:key.obj
 0002:00052d80       _key_limit_clone           004b2d80 f   libsrtp-i386-win32-vc8-debug:key.obj
 0002:00052db0       _key_limit_set             004b2db0 f   libsrtp-i386-win32-vc8-debug:key.obj
 0002:00052e10       _key_limit_update          004b2e10 f   libsrtp-i386-win32-vc8-debug:key.obj
 0002:00052ec0       _rdb_add_index             004b2ec0 f   libsrtp-i386-win32-vc8-debug:rdb.obj
 0002:00052f90       _rdb_check                 004b2f90 f   libsrtp-i386-win32-vc8-debug:rdb.obj
 0002:00053010       _rdb_get_value             004b3010 f   libsrtp-i386-win32-vc8-debug:rdb.obj
 0002:00053030       _rdb_increment             004b3030 f   libsrtp-i386-win32-vc8-debug:rdb.obj
 0002:00053080       _rdb_init                  004b3080 f   libsrtp-i386-win32-vc8-debug:rdb.obj
 0002:00053100       _aes_decrypt               004b3100 f   libsrtp-i386-win32-vc8-debug:aes.obj
 0002:00053290       _aes_encrypt               004b3290 f   libsrtp-i386-win32-vc8-debug:aes.obj
 0002:00053420       _aes_expand_decryption_key 004b3420 f   libsrtp-i386-win32-vc8-debug:aes.obj
 0002:00053a30       _aes_expand_encryption_key 004b3a30 f   libsrtp-i386-win32-vc8-debug:aes.obj
 0002:00054990       _sha1                      004b4990 f   libsrtp-i386-win32-vc8-debug:sha1.obj
 0002:00054a00       _sha1_core                 004b4a00 f   libsrtp-i386-win32-vc8-debug:sha1.obj
 0002:00055a60       _sha1_final                004b5a60 f   libsrtp-i386-win32-vc8-debug:sha1.obj
 0002:00056720       _sha1_init                 004b6720 f   libsrtp-i386-win32-vc8-debug:sha1.obj
 0002:000567c0       _sha1_update               004b67c0 f   libsrtp-i386-win32-vc8-debug:sha1.obj
 0002:00056950       _CoCreateGuid@4            004b6950 f   ole32:ole32.dll
 0002:00056956       _WSAStartup@8              004b6956 f   ws2_32:WS2_32.dll
 0002:0005695c       _WSACleanup@0              004b695c f   ws2_32:WS2_32.dll
 0002:00056962       _WSAGetLastError@0         004b6962 f   ws2_32:WS2_32.dll
 0002:00056968       _accept@12                 004b6968 f   ws2_32:WS2_32.dll
 0002:0005696e       _bind@12                   004b696e f   ws2_32:WS2_32.dll
 0002:00056974       _closesocket@4             004b6974 f   ws2_32:WS2_32.dll
 0002:0005697a       _connect@12                004b697a f   ws2_32:WS2_32.dll
 0002:00056980       _getpeername@12            004b6980 f   ws2_32:WS2_32.dll
 0002:00056986       _getsockname@12            004b6986 f   ws2_32:WS2_32.dll
 0002:0005698c       _getsockopt@20             004b698c f   ws2_32:WS2_32.dll
 0002:00056992       _htonl@4                   004b6992 f   ws2_32:WS2_32.dll
 0002:00056998       _htons@4                   004b6998 f   ws2_32:WS2_32.dll
 0002:0005699e       _inet_addr@4               004b699e f   ws2_32:WS2_32.dll
 0002:000569a4       _inet_ntoa@4               004b69a4 f   ws2_32:WS2_32.dll
 0002:000569aa       _listen@8                  004b69aa f   ws2_32:WS2_32.dll
 0002:000569b0       _ntohl@4                   004b69b0 f   ws2_32:WS2_32.dll
 0002:000569b6       _ntohs@4                   004b69b6 f   ws2_32:WS2_32.dll
 0002:000569bc       _recv@16                   004b69bc f   ws2_32:WS2_32.dll
 0002:000569c2       _recvfrom@24               004b69c2 f   ws2_32:WS2_32.dll
 0002:000569c8       _send@16                   004b69c8 f   ws2_32:WS2_32.dll
 0002:000569ce       _sendto@24                 004b69ce f   ws2_32:WS2_32.dll
 0002:000569d4       _setsockopt@20             004b69d4 f   ws2_32:WS2_32.dll
 0002:000569da       _shutdown@8                004b69da f   ws2_32:WS2_32.dll
 0002:000569e0       _gethostname@8             004b69e0 f   ws2_32:WS2_32.dll
 0002:000569e6       _WSAIoctl@36               004b69e6 f   ws2_32:WS2_32.dll
 0002:000569ec       _WSASocketA@24             004b69ec f   ws2_32:WS2_32.dll
 0002:000569f2       _WSAAddressToStringA@20    004b69f2 f   ws2_32:WS2_32.dll
 0002:000569f8       _WSAStringToAddressA@20    004b69f8 f   ws2_32:WS2_32.dll
 0002:000569fe       _ioctlsocket@12            004b69fe f   ws2_32:WS2_32.dll
 0002:00056a04       _WSASetLastError@4         004b6a04 f   ws2_32:WS2_32.dll
 0002:00056a0a       _gethostbyname@4           004b6a0a f   ws2_32:WS2_32.dll
 0002:00056a10       ___WSAFDIsSet@8            004b6a10 f   ws2_32:WS2_32.dll
 0002:00056a16       _select@20                 004b6a16 f   ws2_32:WS2_32.dll
 0002:00056a20       ___raise_securityfailure   004b6a20 f   LIBCMTD:gs_report.obj
 0002:00056a80       ___report_gsfailure        004b6a80 f   LIBCMTD:gs_report.obj
 0002:00056bd0       ___report_rangecheckfailure 004b6bd0 f   LIBCMTD:gs_report.obj
 0002:00056be0       ___report_securityfailure  004b6be0 f   LIBCMTD:gs_report.obj
 0002:00056cf0       ___report_securityfailureEx 004b6cf0 f   LIBCMTD:gs_report.obj
 0002:00056e60       _strcpy                    004b6e60 f   LIBCMTD:strcat.obj
 0002:00056e70       _strcat                    004b6e70 f   LIBCMTD:strcat.obj
 0002:00056fa0       ___initstdio               004b6fa0 f   LIBCMTD:_file.obj
 0002:000570a0       ___endstdio                004b70a0 f   LIBCMTD:_file.obj
 0002:000570f0       ___iob_func                004b70f0 f   LIBCMTD:_file.obj
 0002:00057100       __lock_file                004b7100 f   LIBCMTD:_file.obj
 0002:00057170       __lock_file2               004b7170 f   LIBCMTD:_file.obj
 0002:000571c0       __unlock_file              004b71c0 f   LIBCMTD:_file.obj
 0002:00057230       __unlock_file2             004b7230 f   LIBCMTD:_file.obj
 0002:00057280       __fflush_nolock            004b7280 f   LIBCMTD:fflush.obj
 0002:00057310       __flush                    004b7310 f   LIBCMTD:fflush.obj
 0002:00057400       __flushall                 004b7400 f   LIBCMTD:fflush.obj
 0002:00057420       _fflush                    004b7420 f   LIBCMTD:fflush.obj
 0002:00057700       _fgets                     004b7700 f   LIBCMTD:fgets.obj
 0002:00057bc0       __get_printf_count_output  004b7bc0 f   LIBCMTD:printf.obj
 0002:00057c00       __printf_l                 004b7c00 f   LIBCMTD:printf.obj
 0002:00057c30       __printf_p                 004b7c30 f   LIBCMTD:printf.obj
[...]
 0004:00008f94       ___wargv                   0056ff94     LIBCMTD:crt0dat.obj
 0004:00008f98       __environ                  0056ff98     LIBCMTD:crt0dat.obj
 0004:00008f9c       __wenviron                 0056ff9c     LIBCMTD:crt0dat.obj
 0004:00008fa0       __pgmptr                   0056ffa0     LIBCMTD:crt0dat.obj
 0004:00008fa4       __wpgmptr                  0056ffa4     LIBCMTD:crt0dat.obj
 0004:00008fa8       __C_Exit_Done              0056ffa8     LIBCMTD:crt0dat.obj
 0004:00009178       ___crtDebugCheckCount      00570178     LIBCMTD:dbgheap.obj
 0004:00009180       ?_pfnDumpClient@@3P6AXPAXI@ZA 00570180     LIBCMTD:dbgheap.obj
 0004:000091a4       ___pInvalidArgHandler      005701a4     LIBCMTD:invarg.obj
 0004:000091a8       ___pioinfo                 005701a8     LIBCMTD:ioinit.obj
 0004:000092dc       __stdbuf                   005702dc     LIBCMTD:_sftbuf.obj
 0004:000092e8       ___mbcodepage              005702e8     LIBCMTD:mbctype.obj
 0004:000092ec       ___ismbcodepage            005702ec     LIBCMTD:mbctype.obj
 0004:000092f0       ___mbulinfo                005702f0     LIBCMTD:mbctype.obj
 0004:000092fc       ___mblocalename            005702fc     LIBCMTD:mbctype.obj
 0004:0000930c       ___locale_changed          0057030c     LIBCMTD:wsetloca.obj
 0004:00009310       ___error_mode              00570310     LIBCMTD:errmode.obj
 0004:00009348       ___app_type                00570348     LIBCMTD:crt0msg.obj
 0004:00009ab4       __crtheap                  00570ab4     LIBCMTD:heapinit.obj
 0004:00009bf4       ___isa_available           00570bf4     LIBCMTD:cpu_disp.obj
 0004:00009bf8       ___favor                   00570bf8     LIBCMTD:cpu_disp.obj
 0004:00009c00       __newmode                  00570c00     LIBCMTD:_newmode.obj
 0004:00009c08       ?__pInconsistency@@3P6AXXZA 00570c08     LIBCMTD:hooks.obj
 0004:00009c0c       ?_pnhHeap@@3P6AHI@ZA       00570c0c     LIBCMTD:handler.obj
 0004:00009c10       ___pPurecall               00570c10     LIBCMTD:inithelp.obj
 0004:00009c18       ___lconv_static_null       00570c18     LIBCMTD:lconv.obj
 0004:00009c1c       ___lconv_static_W_null     00570c1c     LIBCMTD:lconv.obj
 0004:00009c20       ?g_OutOfMemoryExceptionCallback@@3P6GPAXXZA 00570c20     LIBCMTD:frame.obj
 0004:00009c28       __outputformat             00570c28     LIBCMTD:outputformat.obj
 0004:00009c38       ?pArgList@UnDecorator@@0PAVReplicator@@A 00570c38     LIBCMTD:undname.obj
 0004:00009c3c       ?pZNameList@UnDecorator@@0PAVReplicator@@A 00570c3c     LIBCMTD:undname.obj
 0004:00009c40       ?pTemplateArgList@UnDecorator@@0PAVReplicator@@A 00570c40     LIBCMTD:undname.obj
 0004:00009c44       ?gName@UnDecorator@@0PBDB  00570c44     LIBCMTD:undname.obj
 0004:00009c48       ?name@UnDecorator@@0PBDB   00570c48     LIBCMTD:undname.obj
 0004:00009c4c       ?outputString@UnDecorator@@0PADA 00570c4c     LIBCMTD:undname.obj
 0004:00009c50       ?maxStringLength@UnDecorator@@0HA 00570c50     LIBCMTD:undname.obj
 0004:00009c54       ?disableFlags@UnDecorator@@0KA 00570c54     LIBCMTD:undname.obj
 0004:00009c58       ?fExplicitTemplateParams@UnDecorator@@0_NA 00570c58     LIBCMTD:undname.obj
 0004:00009c59       ?fGetTemplateArgumentList@UnDecorator@@0_NA 00570c59     LIBCMTD:undname.obj
 0004:00009c5c       ?m_pGetParameter@UnDecorator@@0P6APADJ@ZA 00570c5c     LIBCMTD:undname.obj
 0004:00009ce0       ?nodes@?1??make@DNameStatusNode@@SAPAV2@W4DNameStatus@@@Z@4PAV2@A 00570ce0     LIBCMTD:undname.obj
 0004:00009d1c       ??_B?1??make@DNameStatusNode@@SAPAV1@W4DNameStatus@@@Z@51 00570d1c     LIBCMTD:undname.obj
 0004:0000a2fc       _PJ_NO_MEMORY_EXCEPTION    005712fc     <common>
 0004:0000a320       _bit_string                00571320     <common>
 0004:0000a800       _ctr_prng                  00571800     <common>
 0004:0000a934       __pReportHookListW         00571934     <common>
 0004:0000a944       __pReportHookList          00571944     <common>
 0004:0000a948       __pfnReportHook            00571948     <common>
 0004:0000a94c       __pmatherr                 0057194c     <common>
 0004:0000a958       ___use_sse2_mathfcns       00571958     <common>
 0004:0000a964       ___unguarded_readlc_active 00571964     <common>
 0004:0000a974       ___setlc_active            00571974     <common>
 0004:0000a978       __nhandle                  00571978     <common>
 0004:0000a9a0       _encodedKERNEL32Functions  005719a0     <common>
 0004:0000aa48       __debugger_hook_dummy      00571a48     <common>
 0004:0000aa54       ___dyn_tls_init_callback   00571a54     <common>
 0004:0000aa64       ___onexitend               00571a64     <common>
 0004:0000aa68       ___onexitbegin             00571a68     <common>
 0004:0000aa6c       ___mbctype_initialized     00571a6c     <common>
 0004:0000aa70       ___env_initialized         00571a70     <common>
 0004:0000aa74       __setjmpexused             00571a74     <common>
 0004:0000aa80       __acmdln                   00571a80     <common>
 0004:0000aaa0       __bufin                    00571aa0     <common>
 0004:0000bddc       ___piob                    00572ddc     <common>
 0004:0000bde0       __nstream                  00572de0     <common>
 0005:00000000       __imp__GetFileType@4       00573000     kernel32:KERNEL32.dll
 0005:00000004       __imp__OutputDebugStringA@4 00573004     kernel32:KERNEL32.dll
 0005:00000008       __imp__ReadConsoleW@20     00573008     kernel32:KERNEL32.dll
 0005:0000000c       __imp__SetFilePointerEx@20 0057300c     kernel32:KERNEL32.dll
 0005:00000010       __imp__SetStdHandle@8      00573010     kernel32:KERNEL32.dll
 0005:00000014       __imp__HeapAlloc@12        00573014     kernel32:KERNEL32.dll
 0005:00000018       __imp__HeapQueryInformation@20 00573018     kernel32:KERNEL32.dll
 0005:0000001c       __imp__HeapSize@12         0057301c     kernel32:KERNEL32.dll
 0005:00000020       __imp__HeapReAlloc@16      00573020     kernel32:KERNEL32.dll
 0005:00000024       __imp__HeapFree@12         00573024     kernel32:KERNEL32.dll
 0005:00000028       __imp__RaiseException@16   00573028     kernel32:KERNEL32.dll
 0005:0000002c       __imp__FreeEnvironmentStringsW@4 0057302c     kernel32:KERNEL32.dll
 0005:00000030       __imp__GetEnvironmentStringsW@0 00573030     kernel32:KERNEL32.dll
 0005:00000034       __imp__GetModuleFileNameA@12 00573034     kernel32:KERNEL32.dll
 0005:00000038       __imp__GetProcessHeap@0    00573038     kernel32:KERNEL32.dll
 0005:0000003c       __imp__LoadLibraryExW@12   0057303c     kernel32:KERNEL32.dll
 0005:00000040       __imp__WaitForSingleObjectEx@12 00573040     kernel32:KERNEL32.dll
 0005:00000044       __imp__OutputDebugStringW@4 00573044     kernel32:KERNEL32.dll
 0005:00000048       __imp__SetConsoleCtrlHandler@8 00573048     kernel32:KERNEL32.dll
 0005:0000004c       __imp__GetCPInfo@8         0057304c     kernel32:KERNEL32.dll
 0005:00000050       __imp__GetOEMCP@0          00573050     kernel32:KERNEL32.dll
 0005:00000054       __imp__GetACP@0            00573054     kernel32:KERNEL32.dll
 0005:00000058       __imp__IsValidCodePage@4   00573058     kernel32:KERNEL32.dll
 0005:0000005c       __imp__GetConsoleMode@8    0057305c     kernel32:KERNEL32.dll
 0005:00000060       __imp__GetConsoleCP@0      00573060     kernel32:KERNEL32.dll
 0005:00000064       __imp__WaitForMultipleObjects@16 00573064     kernel32:KERNEL32.dll
 0005:00000068       __imp__CreateFileW@28      00573068     kernel32:KERNEL32.dll
 0005:0000006c       __imp__LCMapStringW@24     0057306c     kernel32:KERNEL32.dll
 0005:00000070       __imp__CompareStringW@24   00573070     kernel32:KERNEL32.dll
 0005:00000074       __imp__GetTimeFormatW@24   00573074     kernel32:KERNEL32.dll
 0005:00000078       __imp__GetDateFormatW@24   00573078     kernel32:KERNEL32.dll
 0005:0000007c       __imp__EnumSystemLocalesW@8 0057307c     kernel32:KERNEL32.dll
 0005:00000080       __imp__GetUserDefaultLCID@0 00573080     kernel32:KERNEL32.dll
 0005:00000084       __imp__IsValidLocale@8     00573084     kernel32:KERNEL32.dll
 0005:00000088       __imp__GetLocaleInfoW@16   00573088     kernel32:KERNEL32.dll
 0005:0000008c       __imp__GetStdHandle@4      0057308c     kernel32:KERNEL32.dll
 0005:00000090       __imp__CloseHandle@4       00573090     kernel32:KERNEL32.dll
 0005:00000094       __imp__GetLastError@0      00573094     kernel32:KERNEL32.dll
 0005:00000098       __imp__InitializeCriticalSection@4 00573098     kernel32:KERNEL32.dll
 0005:0000009c       __imp__EnterCriticalSection@4 0057309c     kernel32:KERNEL32.dll
 0005:000000a0       __imp__LeaveCriticalSection@4 005730a0     kernel32:KERNEL32.dll
 0005:000000a4       __imp__TryEnterCriticalSection@4 005730a4     kernel32:KERNEL32.dll
 0005:000000a8       __imp__DeleteCriticalSection@4 005730a8     kernel32:KERNEL32.dll
 0005:000000ac       __imp__SetEvent@4          005730ac     kernel32:KERNEL32.dll
 0005:000000b0       __imp__ResetEvent@4        005730b0     kernel32:KERNEL32.dll
 0005:000000b4       __imp__ReleaseSemaphore@12 005730b4     kernel32:KERNEL32.dll
 0005:000000b8       __imp__WaitForSingleObject@8 005730b8     kernel32:KERNEL32.dll
 0005:000000bc       __imp__CreateEventA@16     005730bc     kernel32:KERNEL32.dll
 0005:000000c0       __imp__Sleep@4             005730c0     kernel32:KERNEL32.dll
 0005:000000c4       __imp__GetCurrentProcessId@0 005730c4     kernel32:KERNEL32.dll
 0005:000000c8       __imp__CreateThread@24     005730c8     kernel32:KERNEL32.dll
 0005:000000cc       __imp__GetCurrentThread@0  005730cc     kernel32:KERNEL32.dll
 0005:000000d0       __imp__GetCurrentThreadId@0 005730d0     kernel32:KERNEL32.dll
 0005:000000d4       __imp__SetThreadPriority@8 005730d4     kernel32:KERNEL32.dll
 0005:000000d8       __imp__GetThreadPriority@4 005730d8     kernel32:KERNEL32.dll
 0005:000000dc       __imp__ResumeThread@4      005730dc     kernel32:KERNEL32.dll
 0005:000000e0       __imp__TlsAlloc@0          005730e0     kernel32:KERNEL32.dll
 0005:000000e4       __imp__TlsGetValue@4       005730e4     kernel32:KERNEL32.dll
 0005:000000e8       __imp__TlsSetValue@8       005730e8     kernel32:KERNEL32.dll
 0005:000000ec       __imp__TlsFree@4           005730ec     kernel32:KERNEL32.dll
 0005:000000f0       __imp__PulseEvent@4        005730f0     kernel32:KERNEL32.dll
 0005:000000f4       __imp__CreateSemaphoreA@16 005730f4     kernel32:KERNEL32.dll
 0005:000000f8       __imp__GetConsoleScreenBufferInfo@8 005730f8     kernel32:KERNEL32.dll
 0005:000000fc       __imp__SetConsoleTextAttribute@8 005730fc     kernel32:KERNEL32.dll
 0005:00000100       __imp__GetLocalTime@4      00573100     kernel32:KERNEL32.dll
 0005:00000104       __imp__FileTimeToSystemTime@8 00573104     kernel32:KERNEL32.dll
 0005:00000108       __imp__SystemTimeToFileTime@8 00573108     kernel32:KERNEL32.dll
 0005:0000010c       __imp__CreateFileA@28      0057310c     kernel32:KERNEL32.dll
 0005:00000110       __imp__DeleteFileA@4       00573110     kernel32:KERNEL32.dll
 0005:00000114       __imp__FileTimeToLocalFileTime@8 00573114     kernel32:KERNEL32.dll
 0005:00000118       __imp__GetFileSize@8       00573118     kernel32:KERNEL32.dll
 0005:0000011c       __imp__GetFileTime@16      0057311c     kernel32:KERNEL32.dll
 0005:00000120       __imp__MoveFileExA@12      00573120     kernel32:KERNEL32.dll
 0005:00000124       __imp__FlushFileBuffers@4  00573124     kernel32:KERNEL32.dll
 0005:00000128       __imp__ReadFile@20         00573128     kernel32:KERNEL32.dll
 0005:0000012c       __imp__SetFilePointer@16   0057312c     kernel32:KERNEL32.dll
 0005:00000130       __imp__WriteFile@20        00573130     kernel32:KERNEL32.dll
 0005:00000134       __imp__QueryPerformanceCounter@4 00573134     kernel32:KERNEL32.dll
 0005:00000138       __imp__QueryPerformanceFrequency@4 00573138     kernel32:KERNEL32.dll
 0005:0000013c       __imp__SetLastError@4      0057313c     kernel32:KERNEL32.dll
 0005:00000140       __imp__FormatMessageA@28   00573140     kernel32:KERNEL32.dll
 0005:00000144       __imp__FreeLibrary@4       00573144     kernel32:KERNEL32.dll
 0005:00000148       __imp__GetProcAddress@8    00573148     kernel32:KERNEL32.dll
 0005:0000014c       __imp__LoadLibraryA@4      0057314c     kernel32:KERNEL32.dll
 0005:00000150       __imp__IsDebuggerPresent@0 00573150     kernel32:KERNEL32.dll
 0005:00000154       __imp__IsProcessorFeaturePresent@4 00573154     kernel32:KERNEL32.dll
 0005:00000158       __imp__GetSystemInfo@4     00573158     kernel32:KERNEL32.dll
 0005:0000015c       __imp__GetModuleFileNameW@12 0057315c     kernel32:KERNEL32.dll
 0005:00000160       __imp__GetModuleHandleExW@12 00573160     kernel32:KERNEL32.dll
 0005:00000164       __imp__WriteConsoleW@20    00573164     kernel32:KERNEL32.dll
 0005:00000168       __imp__GetCommandLineA@0   00573168     kernel32:KERNEL32.dll
 0005:0000016c       __imp__RtlUnwind@16        0057316c     kernel32:KERNEL32.dll
 0005:00000170       __imp__EncodePointer@4     00573170     kernel32:KERNEL32.dll
 0005:00000174       __imp__DecodePointer@4     00573174     kernel32:KERNEL32.dll
 0005:00000178       __imp__ExitProcess@4       00573178     kernel32:KERNEL32.dll
 0005:0000017c       __imp__AreFileApisANSI@0   0057317c     kernel32:KERNEL32.dll
 0005:00000180       __imp__MultiByteToWideChar@24 00573180     kernel32:KERNEL32.dll
 0005:00000184       __imp__WideCharToMultiByte@32 00573184     kernel32:KERNEL32.dll
 0005:00000188       __imp__GetSystemTimeAsFileTime@4 00573188     kernel32:KERNEL32.dll
 0005:0000018c       __imp__UnhandledExceptionFilter@4 0057318c     kernel32:KERNEL32.dll
 0005:00000190       __imp__SetUnhandledExceptionFilter@4 00573190     kernel32:KERNEL32.dll
 0005:00000194       __imp__InitializeCriticalSectionAndSpinCount@8 00573194     kernel32:KERNEL32.dll
 0005:00000198       __imp__CreateEventW@16     00573198     kernel32:KERNEL32.dll
 0005:0000019c       __imp__GetCurrentProcess@0 0057319c     kernel32:KERNEL32.dll
 0005:000001a0       __imp__TerminateProcess@8  005731a0     kernel32:KERNEL32.dll
 0005:000001a4       __imp__GetStartupInfoW@4   005731a4     kernel32:KERNEL32.dll
 0005:000001a8       __imp__GetTickCount@0      005731a8     kernel32:KERNEL32.dll
 0005:000001ac       __imp__GetModuleHandleW@4  005731ac     kernel32:KERNEL32.dll
 0005:000001b0       __imp__CreateSemaphoreW@16 005731b0     kernel32:KERNEL32.dll
 0005:000001b4       __imp__FatalAppExitA@8     005731b4     kernel32:KERNEL32.dll
 0005:000001b8       __imp__HeapValidate@12     005731b8     kernel32:KERNEL32.dll
 0005:000001bc       __imp__GetStringTypeW@16   005731bc     kernel32:KERNEL32.dll
 0005:000001c0       \177KERNEL32_NULL_THUNK_DATA 005731c0     kernel32:KERNEL32.dll
 0005:00000244       __imp__waveOutGetErrorTextA@12 00573244     winmm:WINMM.dll
 0005:00000248       __imp__waveInGetErrorTextA@12 00573248     winmm:WINMM.dll
 0005:0000024c       __imp__waveOutGetNumDevs@0 0057324c     winmm:WINMM.dll
 0005:00000250       __imp__waveOutGetDevCapsA@12 00573250     winmm:WINMM.dll
 0005:00000254       __imp__waveOutGetVolume@8  00573254     winmm:WINMM.dll
 0005:00000258       __imp__waveOutSetVolume@8  00573258     winmm:WINMM.dll
 0005:0000025c       __imp__waveOutOpen@24      0057325c     winmm:WINMM.dll
 0005:00000260       __imp__waveOutClose@4      00573260     winmm:WINMM.dll
 0005:00000264       __imp__waveOutPrepareHeader@12 00573264     winmm:WINMM.dll
 0005:00000268       __imp__waveOutUnprepareHeader@12 00573268     winmm:WINMM.dll
 0005:0000026c       __imp__waveOutWrite@12     0057326c     winmm:WINMM.dll
 0005:00000270       __imp__waveOutPause@4      00573270     winmm:WINMM.dll
 0005:00000274       __imp__waveOutRestart@4    00573274     winmm:WINMM.dll
 0005:00000278       __imp__waveOutReset@4      00573278     winmm:WINMM.dll
 0005:0000027c       __imp__waveInGetNumDevs@0  0057327c     winmm:WINMM.dll
 0005:00000280       __imp__waveInGetDevCapsA@12 00573280     winmm:WINMM.dll
 0005:00000284       __imp__waveInOpen@24       00573284     winmm:WINMM.dll
 0005:00000288       __imp__waveInClose@4       00573288     winmm:WINMM.dll
 0005:0000028c       __imp__waveInPrepareHeader@12 0057328c     winmm:WINMM.dll
 0005:00000290       __imp__waveInUnprepareHeader@12 00573290     winmm:WINMM.dll
 0005:00000294       __imp__waveInAddBuffer@12  00573294     winmm:WINMM.dll
 0005:00000298       __imp__waveInStart@4       00573298     winmm:WINMM.dll
 0005:0000029c       __imp__waveInStop@4        0057329c     winmm:WINMM.dll
 0005:000002a0       __imp__waveInReset@4       005732a0     winmm:WINMM.dll
 0005:000002a4       \177WINMM_NULL_THUNK_DATA  005732a4     winmm:WINMM.dll
 0005:000002e0       __imp__select@20           005732e0     ws2_32:WS2_32.dll
 0005:000002e4       __imp____WSAFDIsSet@8      005732e4     ws2_32:WS2_32.dll
 0005:000002e8       __imp__gethostbyname@4     005732e8     ws2_32:WS2_32.dll
 0005:000002ec       __imp__WSASetLastError@4   005732ec     ws2_32:WS2_32.dll
 0005:000002f0       __imp__ioctlsocket@12      005732f0     ws2_32:WS2_32.dll
 0005:000002f4       __imp__WSAStringToAddressA@20 005732f4     ws2_32:WS2_32.dll
 0005:000002f8       __imp__WSAAddressToStringA@20 005732f8     ws2_32:WS2_32.dll
 0005:000002fc       __imp__WSASocketA@24       005732fc     ws2_32:WS2_32.dll
 0005:00000300       __imp__WSAIoctl@36         00573300     ws2_32:WS2_32.dll
 0005:00000304       __imp__gethostname@8       00573304     ws2_32:WS2_32.dll
 0005:00000308       __imp__shutdown@8          00573308     ws2_32:WS2_32.dll
 0005:0000030c       __imp__setsockopt@20       0057330c     ws2_32:WS2_32.dll
 0005:00000310       __imp__sendto@24           00573310     ws2_32:WS2_32.dll
 0005:00000314       __imp__send@16             00573314     ws2_32:WS2_32.dll
 0005:00000318       __imp__recvfrom@24         00573318     ws2_32:WS2_32.dll
 0005:0000031c       __imp__recv@16             0057331c     ws2_32:WS2_32.dll
 0005:00000320       __imp__ntohs@4             00573320     ws2_32:WS2_32.dll
 0005:00000324       __imp__ntohl@4             00573324     ws2_32:WS2_32.dll
 0005:00000328       __imp__listen@8            00573328     ws2_32:WS2_32.dll
 0005:0000032c       __imp__inet_ntoa@4         0057332c     ws2_32:WS2_32.dll
 0005:00000330       __imp__inet_addr@4         00573330     ws2_32:WS2_32.dll
 0005:00000334       __imp__htons@4             00573334     ws2_32:WS2_32.dll
 0005:00000338       __imp__htonl@4             00573338     ws2_32:WS2_32.dll
 0005:0000033c       __imp__getsockopt@20       0057333c     ws2_32:WS2_32.dll
 0005:00000340       __imp__getsockname@12      00573340     ws2_32:WS2_32.dll
 0005:00000344       __imp__getpeername@12      00573344     ws2_32:WS2_32.dll
 0005:00000348       __imp__connect@12          00573348     ws2_32:WS2_32.dll
 0005:0000034c       __imp__closesocket@4       0057334c     ws2_32:WS2_32.dll
 0005:00000350       __imp__bind@12             00573350     ws2_32:WS2_32.dll
 0005:00000354       __imp__accept@12           00573354     ws2_32:WS2_32.dll
 0005:00000358       __imp__WSAGetLastError@0   00573358     ws2_32:WS2_32.dll
 0005:0000035c       __imp__WSACleanup@0        0057335c     ws2_32:WS2_32.dll
 0005:00000360       __imp__WSAStartup@8        00573360     ws2_32:WS2_32.dll
 0005:00000364       \177WS2_32_NULL_THUNK_DATA 00573364     ws2_32:WS2_32.dll
 0005:000003a8       __imp__CoCreateGuid@4      005733a8     ole32:ole32.dll
 0005:000003ac       \177ole32_NULL_THUNK_DATA  005733ac     ole32:ole32.dll
 0005:000003d8       __IMPORT_DESCRIPTOR_ole32  005733d8     ole32:ole32.dll
 0005:000003ec       __IMPORT_DESCRIPTOR_WS2_32 005733ec     ws2_32:WS2_32.dll
 0005:00000400       __IMPORT_DESCRIPTOR_KERNEL32 00573400     kernel32:KERNEL32.dll
 0005:00000414       __IMPORT_DESCRIPTOR_WINMM  00573414     winmm:WINMM.dll
 0005:00000428       __NULL_IMPORT_DESCRIPTOR   00573428     ole32:ole32.dll
