 jbsim

 Timestamp is 54f828e8 (Thu Mar 05 17:59:04 2015)

 Preferred load address is 00400000

 Start         Length     Name                   Class
 0001:00000000 00074539H .textbss                DATA
 0002:00000000 000ee760H .text$mn                CODE
 0002:000ee760 00001161H .text$x                 CODE
 0003:00000000 00000104H .CRT$XCA                DATA
 0003:00000104 00000104H .CRT$XCZ                DATA
 0003:00000208 00000104H .CRT$XIA                DATA
 0003:0000030c 0000011cH .CRT$XIC                DATA
 0003:00000428 00000104H .CRT$XIY                DATA
 0003:0000052c 00000104H .CRT$XIZ                DATA
 0003:00000630 00000104H .CRT$XPA                DATA
 0003:00000734 00000109H .CRT$XPX                DATA
 0003:00000840 00000104H .CRT$XPXA               DATA
 0003:00000944 00000104H .CRT$XPZ                DATA
 0003:00000a48 00000104H .CRT$XTA                DATA
 0003:00000b4c 00000104H .CRT$XTZ                DATA
 0003:00000c50 0003b156H .rdata                  DATA
 0003:0003bda8 000001c4H .rdata$debug            DATA
 0003:0003bf6c 00000563H .rdata$r                DATA
 0003:0003c4d0 00000104H .rtc$IAA                DATA
 0003:0003c5d4 00000104H .rtc$IZZ                DATA
 0003:0003c6d8 00000104H .rtc$TAA                DATA
 0003:0003c7dc 00000104H .rtc$TZZ                DATA
 0003:0003c8e0 00000e4eH .xdata$x                DATA
 0003:0003d72e 00000000H .edata                  DATA
 0004:00000000 0000a57cH .data                   DATA
 0004:0000a57c 00000293H .data$r                 DATA
 0004:0000a820 000053fcH .bss                    DATA
 0005:00000000 000003d4H .idata$5                DATA
 0005:000003d4 00000050H .idata$2                DATA
 0005:00000424 00000014H .idata$3                DATA
 0005:00000438 000003d4H .idata$4                DATA
 0005:0000080c 00000c70H .idata$6                DATA

  Address         Publics by Value              Rva+Base       Lib:Object

 0000:00000000       ___guard_flags             00000000     <absolute>
 0000:00000000       __except_list              00000000     <absolute>
 0000:00000000       ___safe_se_handler_count   00000000     <absolute>
 0000:00000000       ___guard_fids_count        00000000     <absolute>
 0000:00000000       ___guard_fids_table        00000000     <absolute>
 0000:00000000       ___safe_se_handler_table   00000000     <absolute>
 0000:00000000       ___ImageBase               00400000     <linker-defined>
 0001:00000000       __enc$textbss$begin        00401000     <linker-defined>
 0001:00074539       __enc$textbss$end          00475539     <linker-defined>
 0002:00007ac0       _main                      0047dac0 f   jbsim.obj
 0002:000086d0       _pjmedia_audio_codec_config_default 0047e6d0 f   pjmedia-codec-i386-win32-vc8-debug:audio_codecs.obj
 0002:00008740       _pjmedia_codec_register_audio_codecs 0047e740 f   pjmedia-codec-i386-win32-vc8-debug:audio_codecs.obj
 0002:00009870       _pjmedia_codec_l16_deinit  0047f870 f   pjmedia-codec-i386-win32-vc8-debug:l16.obj
 0002:00009a00       _pjmedia_codec_l16_init    0047fa00 f   pjmedia-codec-i386-win32-vc8-debug:l16.obj
 0002:0000a9e0       _pjmedia_codec_gsm_deinit  004809e0 f   pjmedia-codec-i386-win32-vc8-debug:gsm.obj
 0002:0000ac10       _pjmedia_codec_gsm_init    00480c10 f   pjmedia-codec-i386-win32-vc8-debug:gsm.obj
 0002:0000ad80       _pjmedia_codec_speex_deinit 00480d80 f   pjmedia-codec-i386-win32-vc8-debug:speex_codec.obj
 0002:0000c180       _pjmedia_codec_speex_init  00482180 f   pjmedia-codec-i386-win32-vc8-debug:speex_codec.obj
 0002:0000c600       _pjmedia_codec_speex_init_default 00482600 f   pjmedia-codec-i386-win32-vc8-debug:speex_codec.obj
 0002:0000c630       _pjmedia_codec_speex_set_param 00482630 f   pjmedia-codec-i386-win32-vc8-debug:speex_codec.obj
 0002:0000ca80       _pjmedia_codec_ilbc_deinit 00482a80 f   pjmedia-codec-i386-win32-vc8-debug:ilbc.obj
 0002:0000df50       _pjmedia_codec_ilbc_init   00483f50 f   pjmedia-codec-i386-win32-vc8-debug:ilbc.obj
 0002:0000e0c0       _pjmedia_codec_g722_deinit 004840c0 f   pjmedia-codec-i386-win32-vc8-debug:g722.obj
 0002:0000f2d0       _pjmedia_codec_g722_init   004852d0 f   pjmedia-codec-i386-win32-vc8-debug:g722.obj
 0002:0000f420       _pjmedia_codec_g722_set_pcm_shift 00485420 f   pjmedia-codec-i386-win32-vc8-debug:g722.obj
 0002:00010d80       _g722_enc_deinit           00486d80 f   pjmedia-codec-i386-win32-vc8-debug:g722_enc.obj
 0002:00010db0       _g722_enc_encode           00486db0 f   pjmedia-codec-i386-win32-vc8-debug:g722_enc.obj
 0002:00011080       _g722_enc_init             00487080 f   pjmedia-codec-i386-win32-vc8-debug:g722_enc.obj
 0002:00012b00       _g722_dec_decode           00488b00 f   pjmedia-codec-i386-win32-vc8-debug:g722_dec.obj
 0002:00012db0       _g722_dec_deinit           00488db0 f   pjmedia-codec-i386-win32-vc8-debug:g722_dec.obj
 0002:00012de0       _g722_dec_init             00488de0 f   pjmedia-codec-i386-win32-vc8-debug:g722_dec.obj
 0002:00013260       _pjmedia_port_destroy      00489260 f   pjmedia-i386-win32-vc8-debug:port.obj
 0002:000132f0       _pjmedia_port_get_clock_src 004892f0 f   pjmedia-i386-win32-vc8-debug:port.obj
 0002:00013340       _pjmedia_port_get_frame    00489340 f   pjmedia-i386-win32-vc8-debug:port.obj
 0002:000133e0       _pjmedia_port_info_init    004893e0 f   pjmedia-i386-win32-vc8-debug:port.obj
 0002:000134b0       _pjmedia_port_info_init2   004894b0 f   pjmedia-i386-win32-vc8-debug:port.obj
 0002:00013520       _pjmedia_port_put_frame    00489520 f   pjmedia-i386-win32-vc8-debug:port.obj
 0002:000136a0       _pjmedia_codec_info_to_id  004896a0 f   pjmedia-i386-win32-vc8-debug:codec.obj
 0002:00013780       _pjmedia_codec_mgr_alloc_codec 00489780 f   pjmedia-i386-win32-vc8-debug:codec.obj
 0002:000138c0       _pjmedia_codec_mgr_dealloc_codec 004898c0 f   pjmedia-i386-win32-vc8-debug:codec.obj
 0002:00013950       _pjmedia_codec_mgr_destroy 00489950 f   pjmedia-i386-win32-vc8-debug:codec.obj
 0002:00013ac0       _pjmedia_codec_mgr_enum_codecs 00489ac0 f   pjmedia-i386-win32-vc8-debug:codec.obj
 0002:00013c10       _pjmedia_codec_mgr_find_codecs_by_id 00489c10 f   pjmedia-i386-win32-vc8-debug:codec.obj
 0002:00013db0       _pjmedia_codec_mgr_get_codec_info 00489db0 f   pjmedia-i386-win32-vc8-debug:codec.obj
 0002:00013ed0       _pjmedia_codec_mgr_get_default_param 00489ed0 f   pjmedia-i386-win32-vc8-debug:codec.obj
 0002:00014150       _pjmedia_codec_mgr_init    0048a150 f   pjmedia-i386-win32-vc8-debug:codec.obj
 0002:00014260       _pjmedia_codec_mgr_register_factory 0048a260 f   pjmedia-i386-win32-vc8-debug:codec.obj
 0002:00014520       _pjmedia_codec_mgr_set_codec_priority 0048a520 f   pjmedia-i386-win32-vc8-debug:codec.obj
 0002:00014670       _pjmedia_codec_mgr_set_default_param 0048a670 f   pjmedia-i386-win32-vc8-debug:codec.obj
 0002:00014920       _pjmedia_codec_mgr_unregister_factory 0048a920 f   pjmedia-i386-win32-vc8-debug:codec.obj
 0002:00014ae0       _pjmedia_codec_param_clone 0048aae0 f   pjmedia-i386-win32-vc8-debug:codec.obj
 0002:000152b0       _pjmedia_endpt_atexit      0048b2b0 f   pjmedia-i386-win32-vc8-debug:endpoint.obj
 0002:00015380       _pjmedia_endpt_create      0048b380 f   pjmedia-i386-win32-vc8-debug:endpoint.obj
 0002:00015730       _pjmedia_endpt_create_audio_sdp 0048b730 f   pjmedia-i386-win32-vc8-debug:endpoint.obj
 0002:00015fa0       _pjmedia_endpt_create_base_sdp 0048bfa0 f   pjmedia-i386-win32-vc8-debug:endpoint.obj
 0002:00016230       _pjmedia_endpt_create_pool 0048c230 f   pjmedia-i386-win32-vc8-debug:endpoint.obj
 0002:000162a0       _pjmedia_endpt_create_sdp  0048c2a0 f   pjmedia-i386-win32-vc8-debug:endpoint.obj
 0002:00016430       _pjmedia_endpt_destroy     0048c430 f   pjmedia-i386-win32-vc8-debug:endpoint.obj
 0002:00016520       _pjmedia_endpt_dump        0048c520 f   pjmedia-i386-win32-vc8-debug:endpoint.obj
 0002:000168b0       _pjmedia_endpt_get_codec_mgr 0048c8b0 f   pjmedia-i386-win32-vc8-debug:endpoint.obj
 0002:000168d0       _pjmedia_endpt_get_flag    0048c8d0 f   pjmedia-i386-win32-vc8-debug:endpoint.obj
 0002:00016960       _pjmedia_endpt_get_ioqueue 0048c960 f   pjmedia-i386-win32-vc8-debug:endpoint.obj
 0002:000169c0       _pjmedia_endpt_get_thread  0048c9c0 f   pjmedia-i386-win32-vc8-debug:endpoint.obj
 0002:00016a70       _pjmedia_endpt_get_thread_count 0048ca70 f   pjmedia-i386-win32-vc8-debug:endpoint.obj
 0002:00016ad0       _pjmedia_endpt_set_flag    0048cad0 f   pjmedia-i386-win32-vc8-debug:endpoint.obj
 0002:00016b60       _pjmedia_endpt_stop_threads 0048cb60 f   pjmedia-i386-win32-vc8-debug:endpoint.obj
 0002:00019210       _pjmedia_stream_check_dtmf 0048f210 f   pjmedia-i386-win32-vc8-debug:stream.obj
 0002:00019250       _pjmedia_stream_create     0048f250 f   pjmedia-i386-win32-vc8-debug:stream.obj
 0002:0001a150       _pjmedia_stream_destroy    00490150 f   pjmedia-i386-win32-vc8-debug:stream.obj
 0002:0001a470       _pjmedia_stream_dial_dtmf  00490470 f   pjmedia-i386-win32-vc8-debug:stream.obj
 0002:0001a6b0       _pjmedia_stream_get_dtmf   004906b0 f   pjmedia-i386-win32-vc8-debug:stream.obj
 0002:0001a830       _pjmedia_stream_get_info   00490830 f   pjmedia-i386-win32-vc8-debug:stream.obj
 0002:0001a8c0       _pjmedia_stream_get_last_jb_frame_type 004908c0 f   pjmedia-i386-win32-vc8-debug:stream.obj
 0002:0001a8e0       _pjmedia_stream_get_port   004908e0 f   pjmedia-i386-win32-vc8-debug:stream.obj
 0002:0001a910       _pjmedia_stream_get_stat   00490910 f   pjmedia-i386-win32-vc8-debug:stream.obj
 0002:0001a9a0       _pjmedia_stream_get_stat_jbuf 004909a0 f   pjmedia-i386-win32-vc8-debug:stream.obj
 0002:0001aa20       _pjmedia_stream_get_transport 00490a20 f   pjmedia-i386-win32-vc8-debug:stream.obj
 0002:0001aa40       _pjmedia_stream_pause      00490a40 f   pjmedia-i386-win32-vc8-debug:stream.obj
 0002:0001aba0       _pjmedia_stream_reset_stat 00490ba0 f   pjmedia-i386-win32-vc8-debug:stream.obj
 0002:0001ac10       _pjmedia_stream_resume     00490c10 f   pjmedia-i386-win32-vc8-debug:stream.obj
 0002:0001ad20       _pjmedia_stream_send_rtcp_bye 00490d20 f   pjmedia-i386-win32-vc8-debug:stream.obj
 0002:0001adb0       _pjmedia_stream_send_rtcp_sdes 00490db0 f   pjmedia-i386-win32-vc8-debug:stream.obj
 0002:0001ae20       _pjmedia_stream_set_dtmf_callback 00490e20 f   pjmedia-i386-win32-vc8-debug:stream.obj
 0002:0001aec0       _pjmedia_stream_start      00490ec0 f   pjmedia-i386-win32-vc8-debug:stream.obj
 0002:0001c680       _pjmedia_transport_loop_create 00492680 f   pjmedia-i386-win32-vc8-debug:transport_loop.obj
 0002:0001c780       _pjmedia_transport_loop_disable_rx 00492780 f   pjmedia-i386-win32-vc8-debug:transport_loop.obj
 0002:0001d240       _pjmedia_wav_player_get_info 00493240 f   pjmedia-i386-win32-vc8-debug:wav_player.obj
 0002:0001d3f0       _pjmedia_wav_player_get_len 004933f0 f   pjmedia-i386-win32-vc8-debug:wav_player.obj
 0002:0001d4c0       _pjmedia_wav_player_port_create 004934c0 f   pjmedia-i386-win32-vc8-debug:wav_player.obj
 0002:0001dcc0       _pjmedia_wav_player_port_get_pos 00493cc0 f   pjmedia-i386-win32-vc8-debug:wav_player.obj
 0002:0001dde0       _pjmedia_wav_player_port_set_pos 00493de0 f   pjmedia-i386-win32-vc8-debug:wav_player.obj
 0002:0001df90       _pjmedia_wav_player_set_eof_cb 00493f90 f   pjmedia-i386-win32-vc8-debug:wav_player.obj
 0002:0001e7e0       _pjmedia_wav_writer_port_create 004947e0 f   pjmedia-i386-win32-vc8-debug:wav_writer.obj
 0002:0001eda0       _pjmedia_wav_writer_port_get_pos 00494da0 f   pjmedia-i386-win32-vc8-debug:wav_writer.obj
 0002:0001ee50       _pjmedia_wav_writer_port_set_cb 00494e50 f   pjmedia-i386-win32-vc8-debug:wav_writer.obj
 0002:0001fcc0       _pjmedia_codec_g711_deinit 00495cc0 f   pjmedia-i386-win32-vc8-debug:g711.obj
 0002:0001fec0       _pjmedia_codec_g711_init   00495ec0 f   pjmedia-i386-win32-vc8-debug:g711.obj
 0002:000201b0       _pjmedia_plc_create        004961b0 f   pjmedia-i386-win32-vc8-debug:plc_common.obj
 0002:000202d0       _pjmedia_plc_generate      004962d0 f   pjmedia-i386-win32-vc8-debug:plc_common.obj
 0002:00020360       _pjmedia_plc_save          00496360 f   pjmedia-i386-win32-vc8-debug:plc_common.obj
 0002:00020420       _pjmedia_calc_avg_signal   00496420 f   pjmedia-i386-win32-vc8-debug:silencedet.obj
 0002:000204c0       _pjmedia_silence_det_apply 004964c0 f   pjmedia-i386-win32-vc8-debug:silencedet.obj
 0002:00020890       _pjmedia_silence_det_create 00496890 f   pjmedia-i386-win32-vc8-debug:silencedet.obj
 0002:00020990       _pjmedia_silence_det_detect 00496990 f   pjmedia-i386-win32-vc8-debug:silencedet.obj
 0002:000209f0       _pjmedia_silence_det_disable 004969f0 f   pjmedia-i386-win32-vc8-debug:silencedet.obj
 0002:00020a60       _pjmedia_silence_det_set_adaptive 00496a60 f   pjmedia-i386-win32-vc8-debug:silencedet.obj
 0002:00020ae0       _pjmedia_silence_det_set_fixed 00496ae0 f   pjmedia-i386-win32-vc8-debug:silencedet.obj
 0002:00020b60       _pjmedia_silence_det_set_name 00496b60 f   pjmedia-i386-win32-vc8-debug:silencedet.obj
 0002:00020c00       _pjmedia_silence_det_set_params 00496c00 f   pjmedia-i386-win32-vc8-debug:silencedet.obj
 0002:00020ce0       _pjmedia_format_copy       00496ce0 f   pjmedia-i386-win32-vc8-debug:format.obj
 0002:00020d10       _pjmedia_format_get_audio_format_detail 00496d10 f   pjmedia-i386-win32-vc8-debug:format.obj
 0002:00021a50       _pjmedia_sdp_attr_add      00497a50 f   pjmedia-i386-win32-vc8-debug:sdp.obj
 0002:00021b30       _pjmedia_sdp_attr_clone    00497b30 f   pjmedia-i386-win32-vc8-debug:sdp.obj
 0002:00021be0       _pjmedia_sdp_attr_create   00497be0 f   pjmedia-i386-win32-vc8-debug:sdp.obj
 0002:00021cb0       _pjmedia_sdp_attr_create_rtcp 00497cb0 f   pjmedia-i386-win32-vc8-debug:sdp.obj
 0002:00021e30       _pjmedia_sdp_attr_find     00497e30 f   pjmedia-i386-win32-vc8-debug:sdp.obj
 0002:00021f00       _pjmedia_sdp_attr_find2    00497f00 f   pjmedia-i386-win32-vc8-debug:sdp.obj
 0002:00021f50       _pjmedia_sdp_attr_get_fmtp 00497f50 f   pjmedia-i386-win32-vc8-debug:sdp.obj
 0002:00022090       _pjmedia_sdp_attr_get_rtcp 00498090 f   pjmedia-i386-win32-vc8-debug:sdp.obj
 0002:000222a0       _pjmedia_sdp_attr_get_rtpmap 004982a0 f   pjmedia-i386-win32-vc8-debug:sdp.obj
 0002:00022610       _pjmedia_sdp_attr_remove   00498610 f   pjmedia-i386-win32-vc8-debug:sdp.obj
 0002:00022720       _pjmedia_sdp_attr_remove_all 00498720 f   pjmedia-i386-win32-vc8-debug:sdp.obj
 0002:00022840       _pjmedia_sdp_attr_to_rtpmap 00498840 f   pjmedia-i386-win32-vc8-debug:sdp.obj
 0002:00022930       _pjmedia_sdp_bandw_clone   00498930 f   pjmedia-i386-win32-vc8-debug:sdp.obj
 0002:000229a0       _pjmedia_sdp_conn_clone    004989a0 f   pjmedia-i386-win32-vc8-debug:sdp.obj
 0002:00022a60       _pjmedia_sdp_media_add_attr 00498a60 f   pjmedia-i386-win32-vc8-debug:sdp.obj
 0002:00022aa0       _pjmedia_sdp_media_clone   00498aa0 f   pjmedia-i386-win32-vc8-debug:sdp.obj
 0002:00022e00       _pjmedia_sdp_media_clone_deactivate 00498e00 f   pjmedia-i386-win32-vc8-debug:sdp.obj
 0002:00023090       _pjmedia_sdp_media_deactivate 00499090 f   pjmedia-i386-win32-vc8-debug:sdp.obj
 0002:00023100       _pjmedia_sdp_media_find_attr 00499100 f   pjmedia-i386-win32-vc8-debug:sdp.obj
 0002:00023190       _pjmedia_sdp_media_find_attr2 00499190 f   pjmedia-i386-win32-vc8-debug:sdp.obj
 0002:00023220       _pjmedia_sdp_media_remove_all_attr 00499220 f   pjmedia-i386-win32-vc8-debug:sdp.obj
 0002:00023260       _pjmedia_sdp_media_remove_attr 00499260 f   pjmedia-i386-win32-vc8-debug:sdp.obj
 0002:000232a0       _pjmedia_sdp_parse         004992a0 f   pjmedia-i386-win32-vc8-debug:sdp.obj
 0002:00023920       _pjmedia_sdp_print         00499920 f   pjmedia-i386-win32-vc8-debug:sdp.obj
 0002:00023950       _pjmedia_sdp_rtpmap_to_attr 00499950 f   pjmedia-i386-win32-vc8-debug:sdp.obj
 0002:00023bd0       _pjmedia_sdp_session_add_attr 00499bd0 f   pjmedia-i386-win32-vc8-debug:sdp.obj
 0002:00023c10       _pjmedia_sdp_session_clone 00499c10 f   pjmedia-i386-win32-vc8-debug:sdp.obj
 0002:00023f50       _pjmedia_sdp_transport_cmp 00499f50 f   pjmedia-i386-win32-vc8-debug:sdp.obj
 0002:00024000       _pjmedia_sdp_validate      0049a000 f   pjmedia-i386-win32-vc8-debug:sdp.obj
 0002:00024030       _pjmedia_sdp_validate2     0049a030 f   pjmedia-i386-win32-vc8-debug:sdp.obj
 0002:00024f20       _pjmedia_strerror          0049af20 f   pjmedia-i386-win32-vc8-debug:errno.obj
 0002:00026620       _pjmedia_jbuf_create       0049c620 f   pjmedia-i386-win32-vc8-debug:jbuf.obj
 0002:000267e0       _pjmedia_jbuf_destroy      0049c7e0 f   pjmedia-i386-win32-vc8-debug:jbuf.obj
 0002:00026920       _pjmedia_jbuf_get_frame    0049c920 f   pjmedia-i386-win32-vc8-debug:jbuf.obj
 0002:00026960       _pjmedia_jbuf_get_frame2   0049c960 f   pjmedia-i386-win32-vc8-debug:jbuf.obj
 0002:000269a0       _pjmedia_jbuf_get_frame3   0049c9a0 f   pjmedia-i386-win32-vc8-debug:jbuf.obj
 0002:00026b30       _pjmedia_jbuf_get_state    0049cb30 f   pjmedia-i386-win32-vc8-debug:jbuf.obj
 0002:00026ca0       _pjmedia_jbuf_is_full      0049cca0 f   pjmedia-i386-win32-vc8-debug:jbuf.obj
 0002:00026ce0       _pjmedia_jbuf_peek_frame   0049cce0 f   pjmedia-i386-win32-vc8-debug:jbuf.obj
 0002:00026d60       _pjmedia_jbuf_put_frame    0049cd60 f   pjmedia-i386-win32-vc8-debug:jbuf.obj
 0002:00026da0       _pjmedia_jbuf_put_frame2   0049cda0 f   pjmedia-i386-win32-vc8-debug:jbuf.obj
 0002:00026de0       _pjmedia_jbuf_put_frame3   0049cde0 f   pjmedia-i386-win32-vc8-debug:jbuf.obj
 0002:00027010       _pjmedia_jbuf_remove_frame 0049d010 f   pjmedia-i386-win32-vc8-debug:jbuf.obj
 0002:000270b0       _pjmedia_jbuf_reset        0049d0b0 f   pjmedia-i386-win32-vc8-debug:jbuf.obj
 0002:00027160       _pjmedia_jbuf_set_adaptive 0049d160 f   pjmedia-i386-win32-vc8-debug:jbuf.obj
 0002:00027260       _pjmedia_jbuf_set_discard  0049d260 f   pjmedia-i386-win32-vc8-debug:jbuf.obj
 0002:00027350       _pjmedia_jbuf_set_fixed    0049d350 f   pjmedia-i386-win32-vc8-debug:jbuf.obj
 0002:00027460       _pjmedia_rtp_decode_rtp    0049d460 f   pjmedia-i386-win32-vc8-debug:rtp.obj
 0002:000275b0       _pjmedia_rtp_encode_rtp    0049d5b0 f   pjmedia-i386-win32-vc8-debug:rtp.obj
 0002:000276c0       _pjmedia_rtp_seq_init      0049d6c0 f   pjmedia-i386-win32-vc8-debug:rtp.obj
 0002:00027760       _pjmedia_rtp_seq_update    0049d760 f   pjmedia-i386-win32-vc8-debug:rtp.obj
 0002:00027990       _pjmedia_rtp_session_init  0049d990 f   pjmedia-i386-win32-vc8-debug:rtp.obj
 0002:00027b70       _pjmedia_rtp_session_init2 0049db70 f   pjmedia-i386-win32-vc8-debug:rtp.obj
 0002:00027c40       _pjmedia_rtp_session_update 0049dc40 f   pjmedia-i386-win32-vc8-debug:rtp.obj
 0002:00027c70       _pjmedia_rtp_session_update2 0049dc70 f   pjmedia-i386-win32-vc8-debug:rtp.obj
 0002:00028830       _pjmedia_rtcp_build_rtcp   0049e830 f   pjmedia-i386-win32-vc8-debug:rtcp.obj
 0002:00028da0       _pjmedia_rtcp_build_rtcp_bye 0049eda0 f   pjmedia-i386-win32-vc8-debug:rtcp.obj
 0002:00028ff0       _pjmedia_rtcp_build_rtcp_sdes 0049eff0 f   pjmedia-i386-win32-vc8-debug:rtcp.obj
 0002:000295e0       _pjmedia_rtcp_enable_xr    0049f5e0 f   pjmedia-i386-win32-vc8-debug:rtcp.obj
 0002:00029600       _pjmedia_rtcp_fini         0049f600 f   pjmedia-i386-win32-vc8-debug:rtcp.obj
 0002:00029620       _pjmedia_rtcp_get_ntp_time 0049f620 f   pjmedia-i386-win32-vc8-debug:rtcp.obj
 0002:00029910       _pjmedia_rtcp_init         0049f910 f   pjmedia-i386-win32-vc8-debug:rtcp.obj
 0002:00029970       _pjmedia_rtcp_init2        0049f970 f   pjmedia-i386-win32-vc8-debug:rtcp.obj
 0002:00029b90       _pjmedia_rtcp_init_stat    0049fb90 f   pjmedia-i386-win32-vc8-debug:rtcp.obj
 0002:00029c70       _pjmedia_rtcp_rx_rtcp      0049fc70 f   pjmedia-i386-win32-vc8-debug:rtcp.obj
 0002:00029da0       _pjmedia_rtcp_rx_rtp       0049fda0 f   pjmedia-i386-win32-vc8-debug:rtcp.obj
 0002:00029de0       _pjmedia_rtcp_rx_rtp2      0049fde0 f   pjmedia-i386-win32-vc8-debug:rtcp.obj
 0002:0002a160       _pjmedia_rtcp_session_setting_default 004a0160 f   pjmedia-i386-win32-vc8-debug:rtcp.obj
 0002:0002a190       _pjmedia_rtcp_tx_rtp       004a0190 f   pjmedia-i386-win32-vc8-debug:rtcp.obj
 0002:0002a240       _pjmedia_wave_hdr_file_to_host 004a0240 f   pjmedia-i386-win32-vc8-debug:wave.obj
 0002:0002a270       _pjmedia_wave_hdr_host_to_file 004a0270 f   pjmedia-i386-win32-vc8-debug:wave.obj
 0002:0002b530       _pjmedia_wsola_create      004a1530 f   pjmedia-i386-win32-vc8-debug:wsola.obj
 0002:0002b970       _pjmedia_wsola_destroy     004a1970 f   pjmedia-i386-win32-vc8-debug:wsola.obj
 0002:0002b990       _pjmedia_wsola_discard     004a1990 f   pjmedia-i386-win32-vc8-debug:wsola.obj
 0002:0002beb0       _pjmedia_wsola_generate    004a1eb0 f   pjmedia-i386-win32-vc8-debug:wsola.obj
 0002:0002bfe0       _pjmedia_wsola_reset       004a1fe0 f   pjmedia-i386-win32-vc8-debug:wsola.obj
 0002:0002c0b0       _pjmedia_wsola_save        004a20b0 f   pjmedia-i386-win32-vc8-debug:wsola.obj
 0002:0002c610       _pjmedia_wsola_set_max_expand 004a2610 f   pjmedia-i386-win32-vc8-debug:wsola.obj
 0002:0002e820       _get_libsrtp_errstr        004a4820 f   pjmedia-i386-win32-vc8-debug:transport_srtp.obj
 0002:0002ed90       _pjmedia_srtp_init_lib     004a4d90 f   pjmedia-i386-win32-vc8-debug:transport_srtp.obj
 0002:0002ee60       _pjmedia_srtp_setting_default 004a4e60 f   pjmedia-i386-win32-vc8-debug:transport_srtp.obj
 0002:0002f210       _pjmedia_transport_srtp_create 004a5210 f   pjmedia-i386-win32-vc8-debug:transport_srtp.obj
 0002:0002f5f0       _pjmedia_transport_srtp_decrypt_pkt 004a55f0 f   pjmedia-i386-win32-vc8-debug:transport_srtp.obj
 0002:0002f840       _pjmedia_transport_srtp_get_member 004a5840 f   pjmedia-i386-win32-vc8-debug:transport_srtp.obj
 0002:0002f8b0       _pjmedia_transport_srtp_start 004a58b0 f   pjmedia-i386-win32-vc8-debug:transport_srtp.obj
 0002:00030350       _pjmedia_transport_srtp_stop 004a6350 f   pjmedia-i386-win32-vc8-debug:transport_srtp.obj
 0002:00031ac0       _pj_getopt                 004a7ac0 f   pjlib-util-i386-win32-vc8-debug:getopt.obj
 0002:00031b00       _pj_getopt_long            004a7b00 f   pjlib-util-i386-win32-vc8-debug:getopt.obj
 0002:00031b70       _pj_cis_add_alpha          004a7b70 f   pjlib-util-i386-win32-vc8-debug:scanner.obj
 0002:00031bb0       _pj_cis_add_cis            004a7bb0 f   pjlib-util-i386-win32-vc8-debug:scanner.obj
 0002:00031c40       _pj_cis_add_num            004a7c40 f   pjlib-util-i386-win32-vc8-debug:scanner.obj
 0002:00031c70       _pj_cis_add_range          004a7c70 f   pjlib-util-i386-win32-vc8-debug:scanner.obj
 0002:00031cf0       _pj_cis_add_str            004a7cf0 f   pjlib-util-i386-win32-vc8-debug:scanner.obj
 0002:00031d60       _pj_cis_buf_init           004a7d60 f   pjlib-util-i386-win32-vc8-debug:scanner.obj
 0002:00031da0       _pj_cis_del_range          004a7da0 f   pjlib-util-i386-win32-vc8-debug:scanner.obj
 0002:00031e00       _pj_cis_del_str            004a7e00 f   pjlib-util-i386-win32-vc8-debug:scanner.obj
 0002:00031e70       _pj_cis_dup                004a7e70 f   pjlib-util-i386-win32-vc8-debug:scanner.obj
 0002:00031f60       _pj_cis_init               004a7f60 f   pjlib-util-i386-win32-vc8-debug:scanner.obj
 0002:00032000       _pj_cis_invert             004a8000 f   pjlib-util-i386-win32-vc8-debug:scanner.obj
 0002:000321c0       _pj_scan_advance_n         004a81c0 f   pjlib-util-i386-win32-vc8-debug:scanner.obj
 0002:00032240       _pj_scan_fini              004a8240 f   pjlib-util-i386-win32-vc8-debug:scanner.obj
 0002:00032270       _pj_scan_get               004a8270 f   pjlib-util-i386-win32-vc8-debug:scanner.obj
 0002:00032370       _pj_scan_get_char          004a8370 f   pjlib-util-i386-win32-vc8-debug:scanner.obj
 0002:000323f0       _pj_scan_get_n             004a83f0 f   pjlib-util-i386-win32-vc8-debug:scanner.obj
 0002:00032490       _pj_scan_get_newline       004a8490 f   pjlib-util-i386-win32-vc8-debug:scanner.obj
 0002:00032550       _pj_scan_get_quote         004a8550 f   pjlib-util-i386-win32-vc8-debug:scanner.obj
 0002:000325a0       _pj_scan_get_quotes        004a85a0 f   pjlib-util-i386-win32-vc8-debug:scanner.obj
 0002:000327c0       _pj_scan_get_unescape      004a87c0 f   pjlib-util-i386-win32-vc8-debug:scanner.obj
 0002:00032a70       _pj_scan_get_until         004a8a70 f   pjlib-util-i386-win32-vc8-debug:scanner.obj
 0002:00032b40       _pj_scan_get_until_ch      004a8b40 f   pjlib-util-i386-win32-vc8-debug:scanner.obj
 0002:00032c00       _pj_scan_get_until_chr     004a8c00 f   pjlib-util-i386-win32-vc8-debug:scanner.obj
 0002:00032cf0       _pj_scan_init              004a8cf0 f   pjlib-util-i386-win32-vc8-debug:scanner.obj
 0002:00032d90       _pj_scan_peek              004a8d90 f   pjlib-util-i386-win32-vc8-debug:scanner.obj
 0002:00032e30       _pj_scan_peek_n            004a8e30 f   pjlib-util-i386-win32-vc8-debug:scanner.obj
 0002:00032ea0       _pj_scan_peek_until        004a8ea0 f   pjlib-util-i386-win32-vc8-debug:scanner.obj
 0002:00032f40       _pj_scan_restore_state     004a8f40 f   pjlib-util-i386-win32-vc8-debug:scanner.obj
 0002:00032f80       _pj_scan_save_state        004a8f80 f   pjlib-util-i386-win32-vc8-debug:scanner.obj
 0002:00032fc0       _pj_scan_skip_line         004a8fc0 f   pjlib-util-i386-win32-vc8-debug:scanner.obj
 0002:00033040       _pj_scan_skip_whitespace   004a9040 f   pjlib-util-i386-win32-vc8-debug:scanner.obj
 0002:000332a0       _pj_scan_strcmp            004a92a0 f   pjlib-util-i386-win32-vc8-debug:scanner.obj
 0002:00033300       _pj_scan_stricmp           004a9300 f   pjlib-util-i386-win32-vc8-debug:scanner.obj
 0002:00033360       _pj_scan_stricmp_alnum     004a9360 f   pjlib-util-i386-win32-vc8-debug:scanner.obj
 0002:00033650       _pj_base64_decode          004a9650 f   pjlib-util-i386-win32-vc8-debug:base64.obj
 0002:000339c0       _pj_base64_encode          004a99c0 f   pjlib-util-i386-win32-vc8-debug:base64.obj
 0002:00033d50       _pj_atexit                 004a9d50 f   pjlib-i386-win32-vc8-debug:os_core_win32.obj
 0002:00033da0       _pj_atomic_add             004a9da0 f   pjlib-i386-win32-vc8-debug:os_core_win32.obj
 0002:00033dc0       _pj_atomic_add_and_get     004a9dc0 f   pjlib-i386-win32-vc8-debug:os_core_win32.obj
 0002:00033df0       _pj_atomic_create          004a9df0 f   pjlib-i386-win32-vc8-debug:os_core_win32.obj
 0002:00033e40       _pj_atomic_dec             004a9e40 f   pjlib-i386-win32-vc8-debug:os_core_win32.obj
 0002:00033e70       _pj_atomic_dec_and_get     004a9e70 f   pjlib-i386-win32-vc8-debug:os_core_win32.obj
 0002:00033eb0       _pj_atomic_destroy         004a9eb0 f   pjlib-i386-win32-vc8-debug:os_core_win32.obj
 0002:00033f10       _pj_atomic_get             004a9f10 f   pjlib-i386-win32-vc8-debug:os_core_win32.obj
 0002:00033f80       _pj_atomic_inc             004a9f80 f   pjlib-i386-win32-vc8-debug:os_core_win32.obj
 0002:00033fb0       _pj_atomic_inc_and_get     004a9fb0 f   pjlib-i386-win32-vc8-debug:os_core_win32.obj
 0002:00034000       _pj_atomic_set             004aa000 f   pjlib-i386-win32-vc8-debug:os_core_win32.obj
 0002:000340f0       _pj_enter_critical_section 004aa0f0 f   pjlib-i386-win32-vc8-debug:os_core_win32.obj
 0002:00034120       _pj_event_create           004aa120 f   pjlib-i386-win32-vc8-debug:os_core_win32.obj
 0002:00034310       _pj_event_destroy          004aa310 f   pjlib-i386-win32-vc8-debug:os_core_win32.obj
 0002:00034400       _pj_event_pulse            004aa400 f   pjlib-i386-win32-vc8-debug:os_core_win32.obj
 0002:000344f0       _pj_event_reset            004aa4f0 f   pjlib-i386-win32-vc8-debug:os_core_win32.obj
 0002:000345e0       _pj_event_set              004aa5e0 f   pjlib-i386-win32-vc8-debug:os_core_win32.obj
 0002:000346d0       _pj_event_trywait          004aa6d0 f   pjlib-i386-win32-vc8-debug:os_core_win32.obj
 0002:00034740       _pj_event_wait             004aa740 f   pjlib-i386-win32-vc8-debug:os_core_win32.obj
 0002:000348e0       _pj_getpid                 004aa8e0 f   pjlib-i386-win32-vc8-debug:os_core_win32.obj
 0002:00034920       _pj_init                   004aa920 f   pjlib-i386-win32-vc8-debug:os_core_win32.obj
 0002:00034b80       _pj_leave_critical_section 004aab80 f   pjlib-i386-win32-vc8-debug:os_core_win32.obj
 0002:00034bb0       _pj_mutex_create           004aabb0 f   pjlib-i386-win32-vc8-debug:os_core_win32.obj
 0002:00034c70       _pj_mutex_create_recursive 004aac70 f   pjlib-i386-win32-vc8-debug:os_core_win32.obj
 0002:00034ca0       _pj_mutex_create_simple    004aaca0 f   pjlib-i386-win32-vc8-debug:os_core_win32.obj
 0002:00034cd0       _pj_mutex_destroy          004aacd0 f   pjlib-i386-win32-vc8-debug:os_core_win32.obj
 0002:00034d60       _pj_mutex_is_locked        004aad60 f   pjlib-i386-win32-vc8-debug:os_core_win32.obj
 0002:00034da0       _pj_mutex_lock             004aada0 f   pjlib-i386-win32-vc8-debug:os_core_win32.obj
 0002:00034e70       _pj_mutex_trylock          004aae70 f   pjlib-i386-win32-vc8-debug:os_core_win32.obj
 0002:00034f60       _pj_mutex_unlock           004aaf60 f   pjlib-i386-win32-vc8-debug:os_core_win32.obj
 0002:00035060       _pj_run_app                004ab060 f   pjlib-i386-win32-vc8-debug:os_core_win32.obj
 0002:00035090       _pj_rwmutex_create         004ab090 f   pjlib-i386-win32-vc8-debug:os_core_win32.obj
 0002:000351a0       _pj_rwmutex_destroy        004ab1a0 f   pjlib-i386-win32-vc8-debug:os_core_win32.obj
 0002:00035220       _pj_rwmutex_lock_read      004ab220 f   pjlib-i386-win32-vc8-debug:os_core_win32.obj
 0002:00035350       _pj_rwmutex_lock_write     004ab350 f   pjlib-i386-win32-vc8-debug:os_core_win32.obj
 0002:000353c0       _pj_rwmutex_unlock_read    004ab3c0 f   pjlib-i386-win32-vc8-debug:os_core_win32.obj
 0002:000354e0       _pj_rwmutex_unlock_write   004ab4e0 f   pjlib-i386-win32-vc8-debug:os_core_win32.obj
 0002:00035580       _pj_sem_create             004ab580 f   pjlib-i386-win32-vc8-debug:os_core_win32.obj
 0002:00035720       _pj_sem_destroy            004ab720 f   pjlib-i386-win32-vc8-debug:os_core_win32.obj
 0002:00035810       _pj_sem_post               004ab810 f   pjlib-i386-win32-vc8-debug:os_core_win32.obj
 0002:00035900       _pj_sem_trywait            004ab900 f   pjlib-i386-win32-vc8-debug:os_core_win32.obj
 0002:00035980       _pj_sem_wait               004ab980 f   pjlib-i386-win32-vc8-debug:os_core_win32.obj
 0002:00035b30       _pj_shutdown               004abb30 f   pjlib-i386-win32-vc8-debug:os_core_win32.obj
 0002:00035cc0       _pj_term_get_color         004abcc0 f   pjlib-i386-win32-vc8-debug:os_core_win32.obj
 0002:00035d30       _pj_term_set_color         004abd30 f   pjlib-i386-win32-vc8-debug:os_core_win32.obj
 0002:00035e00       _pj_thread_check_stack     004abe00 f   pjlib-i386-win32-vc8-debug:os_core_win32.obj
 0002:00035f00       _pj_thread_create          004abf00 f   pjlib-i386-win32-vc8-debug:os_core_win32.obj
 0002:00036140       _pj_thread_destroy         004ac140 f   pjlib-i386-win32-vc8-debug:os_core_win32.obj
 0002:00036220       _pj_thread_get_name        004ac220 f   pjlib-i386-win32-vc8-debug:os_core_win32.obj
 0002:000362a0       _pj_thread_get_os_handle   004ac2a0 f   pjlib-i386-win32-vc8-debug:os_core_win32.obj
 0002:00036300       _pj_thread_get_prio        004ac300 f   pjlib-i386-win32-vc8-debug:os_core_win32.obj
 0002:00036330       _pj_thread_get_prio_max    004ac330 f   pjlib-i386-win32-vc8-debug:os_core_win32.obj
 0002:00036350       _pj_thread_get_prio_min    004ac350 f   pjlib-i386-win32-vc8-debug:os_core_win32.obj
 0002:00036370       _pj_thread_get_stack_info  004ac370 f   pjlib-i386-win32-vc8-debug:os_core_win32.obj
 0002:000363d0       _pj_thread_get_stack_max_usage 004ac3d0 f   pjlib-i386-win32-vc8-debug:os_core_win32.obj
 0002:000363f0       _pj_thread_init            004ac3f0 f   pjlib-i386-win32-vc8-debug:os_core_win32.obj
 0002:00036450       _pj_thread_is_registered   004ac450 f   pjlib-i386-win32-vc8-debug:os_core_win32.obj
 0002:000364a0       _pj_thread_join            004ac4a0 f   pjlib-i386-win32-vc8-debug:os_core_win32.obj
 0002:000365d0       _pj_thread_local_alloc     004ac5d0 f   pjlib-i386-win32-vc8-debug:os_core_win32.obj
 0002:00036690       _pj_thread_local_free      004ac690 f   pjlib-i386-win32-vc8-debug:os_core_win32.obj
 0002:000366d0       _pj_thread_local_get       004ac6d0 f   pjlib-i386-win32-vc8-debug:os_core_win32.obj
 0002:000366f0       _pj_thread_local_set       004ac6f0 f   pjlib-i386-win32-vc8-debug:os_core_win32.obj
 0002:00036780       _pj_thread_register        004ac780 f   pjlib-i386-win32-vc8-debug:os_core_win32.obj
 0002:000368f0       _pj_thread_resume          004ac8f0 f   pjlib-i386-win32-vc8-debug:os_core_win32.obj
 0002:000369d0       _pj_thread_set_prio        004ac9d0 f   pjlib-i386-win32-vc8-debug:os_core_win32.obj
 0002:00036ae0       _pj_thread_sleep           004acae0 f   pjlib-i386-win32-vc8-debug:os_core_win32.obj
 0002:00036b20       _pj_thread_this            004acb20 f   pjlib-i386-win32-vc8-debug:os_core_win32.obj
 0002:00036c80       _pj_time_val_normalize     004acc80 f   pjlib-i386-win32-vc8-debug:types.obj
 0002:00036df0       _pj_getdefaultipinterface  004acdf0 f   pjlib-i386-win32-vc8-debug:sock_common.obj
 0002:00036e70       _pj_gethostaddr            004ace70 f   pjlib-i386-win32-vc8-debug:sock_common.obj
 0002:00036ec0       _pj_gethostip              004acec0 f   pjlib-i386-win32-vc8-debug:sock_common.obj
 0002:00037b90       _pj_getipinterface         004adb90 f   pjlib-i386-win32-vc8-debug:sock_common.obj
 0002:00037de0       _pj_inet_addr              004adde0 f   pjlib-i386-win32-vc8-debug:sock_common.obj
 0002:00037e10       _pj_inet_addr2             004ade10 f   pjlib-i386-win32-vc8-debug:sock_common.obj
 0002:00037e50       _pj_inet_ntop2             004ade50 f   pjlib-i386-win32-vc8-debug:sock_common.obj
 0002:00037f40       _pj_sock_bind_random       004adf40 f   pjlib-i386-win32-vc8-debug:sock_common.obj
 0002:000380c0       _pj_sock_setsockopt_sobuf  004ae0c0 f   pjlib-i386-win32-vc8-debug:sock_common.obj
 0002:000382f0       _pj_sockaddr_cmp           004ae2f0 f   pjlib-i386-win32-vc8-debug:sock_common.obj
 0002:00038400       _pj_sockaddr_copy_addr     004ae400 f   pjlib-i386-win32-vc8-debug:sock_common.obj
 0002:00038460       _pj_sockaddr_cp            004ae460 f   pjlib-i386-win32-vc8-debug:sock_common.obj
 0002:000384a0       _pj_sockaddr_get_addr      004ae4a0 f   pjlib-i386-win32-vc8-debug:sock_common.obj
 0002:00038570       _pj_sockaddr_get_addr_len  004ae570 f   pjlib-i386-win32-vc8-debug:sock_common.obj
 0002:00038640       _pj_sockaddr_get_len       004ae640 f   pjlib-i386-win32-vc8-debug:sock_common.obj
 0002:00038710       _pj_sockaddr_get_port      004ae710 f   pjlib-i386-win32-vc8-debug:sock_common.obj
 0002:00038800       _pj_sockaddr_has_addr      004ae800 f   pjlib-i386-win32-vc8-debug:sock_common.obj
 0002:000388f0       _pj_sockaddr_in_get_addr   004ae8f0 f   pjlib-i386-win32-vc8-debug:sock_common.obj
 0002:00038920       _pj_sockaddr_in_get_port   004ae920 f   pjlib-i386-win32-vc8-debug:sock_common.obj
 0002:00038950       _pj_sockaddr_in_init       004ae950 f   pjlib-i386-win32-vc8-debug:sock_common.obj
 0002:00038a00       _pj_sockaddr_in_set_addr   004aea00 f   pjlib-i386-win32-vc8-debug:sock_common.obj
 0002:00038a30       _pj_sockaddr_in_set_port   004aea30 f   pjlib-i386-win32-vc8-debug:sock_common.obj
 0002:00038a60       _pj_sockaddr_in_set_str_addr 004aea60 f   pjlib-i386-win32-vc8-debug:sock_common.obj
 0002:00038bc0       _pj_sockaddr_init          004aebc0 f   pjlib-i386-win32-vc8-debug:sock_common.obj
 0002:00038cc0       _pj_sockaddr_parse         004aecc0 f   pjlib-i386-win32-vc8-debug:sock_common.obj
 0002:00038e60       _pj_sockaddr_parse2        004aee60 f   pjlib-i386-win32-vc8-debug:sock_common.obj
 0002:00039300       _pj_sockaddr_print         004af300 f   pjlib-i386-win32-vc8-debug:sock_common.obj
 0002:00039460       _pj_sockaddr_set_port      004af460 f   pjlib-i386-win32-vc8-debug:sock_common.obj
 0002:00039540       _pj_sockaddr_set_str_addr  004af540 f   pjlib-i386-win32-vc8-debug:sock_common.obj
 0002:000396f0       _pj_create_random_string   004af6f0 f   pjlib-i386-win32-vc8-debug:string.obj
 0002:000399c0       _pj_str                    004af9c0 f   pjlib-i386-win32-vc8-debug:string.obj
 0002:00039a10       _pj_strassign              004afa10 f   pjlib-i386-win32-vc8-debug:string.obj
 0002:00039a50       _pj_strcat                 004afa50 f   pjlib-i386-win32-vc8-debug:string.obj
 0002:00039ab0       _pj_strcat2                004afab0 f   pjlib-i386-win32-vc8-debug:string.obj
 0002:00039b30       _pj_strcmp                 004afb30 f   pjlib-i386-win32-vc8-debug:string.obj
 0002:00039c50       _pj_strcmp2                004afc50 f   pjlib-i386-win32-vc8-debug:string.obj
 0002:00039cb0       _pj_strcpy                 004afcb0 f   pjlib-i386-win32-vc8-debug:string.obj
 0002:00039d10       _pj_strcpy2                004afd10 f   pjlib-i386-win32-vc8-debug:string.obj
 0002:00039d90       _pj_strdup                 004afd90 f   pjlib-i386-win32-vc8-debug:string.obj
 0002:00039e20       _pj_strdup2                004afe20 f   pjlib-i386-win32-vc8-debug:string.obj
 0002:00039ec0       _pj_strdup2_with_null      004afec0 f   pjlib-i386-win32-vc8-debug:string.obj
 0002:00039f70       _pj_strdup3                004aff70 f   pjlib-i386-win32-vc8-debug:string.obj
 0002:00039fb0       _pj_strdup_with_null       004affb0 f   pjlib-i386-win32-vc8-debug:string.obj
 0002:0003a040       _pj_stricmp                004b0040 f   pjlib-i386-win32-vc8-debug:string.obj
 0002:0003a160       _pj_stricmp2               004b0160 f   pjlib-i386-win32-vc8-debug:string.obj
 0002:0003a1c0       _pj_stristr                004b01c0 f   pjlib-i386-win32-vc8-debug:string.obj
 0002:0003a260       _pj_strltrim               004b0260 f   pjlib-i386-win32-vc8-debug:string.obj
 0002:0003a2f0       _pj_strncmp                004b02f0 f   pjlib-i386-win32-vc8-debug:string.obj
 0002:0003a370       _pj_strncmp2               004b0370 f   pjlib-i386-win32-vc8-debug:string.obj
 0002:0003a3d0       _pj_strncpy                004b03d0 f   pjlib-i386-win32-vc8-debug:string.obj
 0002:0003a430       _pj_strncpy_with_null      004b0430 f   pjlib-i386-win32-vc8-debug:string.obj
 0002:0003a4b0       _pj_strnicmp               004b04b0 f   pjlib-i386-win32-vc8-debug:string.obj
 0002:0003a530       _pj_strnicmp2              004b0530 f   pjlib-i386-win32-vc8-debug:string.obj
 0002:0003a590       _pj_strrtrim               004b0590 f   pjlib-i386-win32-vc8-debug:string.obj
 0002:0003a620       _pj_strstr                 004b0620 f   pjlib-i386-win32-vc8-debug:string.obj
 0002:0003a6c0       _pj_strtof                 004b06c0 f   pjlib-i386-win32-vc8-debug:string.obj
 0002:0003a890       _pj_strtol                 004b0890 f   pjlib-i386-win32-vc8-debug:string.obj
 0002:0003a990       _pj_strtoul                004b0990 f   pjlib-i386-win32-vc8-debug:string.obj
 0002:0003aa40       _pj_strtoul2               004b0a40 f   pjlib-i386-win32-vc8-debug:string.obj
 0002:0003abd0       _pj_strtrim                004b0bd0 f   pjlib-i386-win32-vc8-debug:string.obj
 0002:0003ac10       _pj_utoa                   004b0c10 f   pjlib-i386-win32-vc8-debug:string.obj
 0002:0003ac40       _pj_utoa_pad               004b0c40 f   pjlib-i386-win32-vc8-debug:string.obj
 0002:0003ae20       _pj_errno_clear_handlers   004b0e20 f   pjlib-i386-win32-vc8-debug:errno.obj
 0002:0003ae90       _pj_perror                 004b0e90 f   pjlib-i386-win32-vc8-debug:errno.obj
 0002:0003aee0       _pj_perror_1               004b0ee0 f   pjlib-i386-win32-vc8-debug:errno.obj
 0002:0003af30       _pj_perror_2               004b0f30 f   pjlib-i386-win32-vc8-debug:errno.obj
 0002:0003af80       _pj_perror_3               004b0f80 f   pjlib-i386-win32-vc8-debug:errno.obj
 0002:0003afd0       _pj_perror_4               004b0fd0 f   pjlib-i386-win32-vc8-debug:errno.obj
 0002:0003b020       _pj_perror_5               004b1020 f   pjlib-i386-win32-vc8-debug:errno.obj
 0002:0003b140       _pj_register_strerror      004b1140 f   pjlib-i386-win32-vc8-debug:errno.obj
 0002:0003b370       _pj_strerror               004b1370 f   pjlib-i386-win32-vc8-debug:errno.obj
 0002:0003b660       _pj_NO_MEMORY_EXCEPTION    004b1660 f   pjlib-i386-win32-vc8-debug:pool.obj
 0002:0003b6e0       _pj_pool_alloc             004b16e0 f   pjlib-i386-win32-vc8-debug:pool.obj
 0002:0003b740       _pj_pool_alloc_from_block  004b1740 f   pjlib-i386-win32-vc8-debug:pool.obj
 0002:0003b7b0       _pj_pool_allocate_find     004b17b0 f   pjlib-i386-win32-vc8-debug:pool.obj
 0002:0003b930       _pj_pool_calloc            004b1930 f   pjlib-i386-win32-vc8-debug:pool.obj
 0002:0003b990       _pj_pool_create            004b1990 f   pjlib-i386-win32-vc8-debug:pool.obj
 0002:0003baf0       _pj_pool_create_int        004b1af0 f   pjlib-i386-win32-vc8-debug:pool.obj
 0002:0003bc70       _pj_pool_destroy_int       004b1c70 f   pjlib-i386-win32-vc8-debug:pool.obj
 0002:0003bcf0       _pj_pool_get_capacity      004b1cf0 f   pjlib-i386-win32-vc8-debug:pool.obj
 0002:0003bd10       _pj_pool_get_used_size     004b1d10 f   pjlib-i386-win32-vc8-debug:pool.obj
 0002:0003bd80       _pj_pool_getobjname        004b1d80 f   pjlib-i386-win32-vc8-debug:pool.obj
 0002:0003bda0       _pj_pool_init_int          004b1da0 f   pjlib-i386-win32-vc8-debug:pool.obj
 0002:0003be70       _pj_pool_release           004b1e70 f   pjlib-i386-win32-vc8-debug:pool.obj
 0002:0003bec0       _pj_pool_reset             004b1ec0 f   pjlib-i386-win32-vc8-debug:pool.obj
 0002:0003c710       _pj_caching_pool_destroy   004b2710 f   pjlib-i386-win32-vc8-debug:pool_caching.obj
 0002:0003c880       _pj_caching_pool_init      004b2880 f   pjlib-i386-win32-vc8-debug:pool_caching.obj
 0002:0003ca70       _pj_log_write              004b2a70 f   pjlib-i386-win32-vc8-debug:log_writer_stdout.obj
 0002:0003ccf0       _pj_log                    004b2cf0 f   pjlib-i386-win32-vc8-debug:log.obj
 0002:0003d5a0       _pj_log_1                  004b35a0 f   pjlib-i386-win32-vc8-debug:log.obj
 0002:0003d5e0       _pj_log_2                  004b35e0 f   pjlib-i386-win32-vc8-debug:log.obj
 0002:0003d620       _pj_log_3                  004b3620 f   pjlib-i386-win32-vc8-debug:log.obj
 0002:0003d660       _pj_log_4                  004b3660 f   pjlib-i386-win32-vc8-debug:log.obj
 0002:0003d6a0       _pj_log_5                  004b36a0 f   pjlib-i386-win32-vc8-debug:log.obj
 0002:0003d6e0       _pj_log_add_indent         004b36e0 f   pjlib-i386-win32-vc8-debug:log.obj
 0002:0003d710       _pj_log_get_color          004b3710 f   pjlib-i386-win32-vc8-debug:log.obj
 0002:0003d7b0       _pj_log_get_decor          004b37b0 f   pjlib-i386-win32-vc8-debug:log.obj
 0002:0003d7d0       _pj_log_get_level          004b37d0 f   pjlib-i386-win32-vc8-debug:log.obj
 0002:0003d7f0       _pj_log_get_log_func       004b37f0 f   pjlib-i386-win32-vc8-debug:log.obj
 0002:0003d810       _pj_log_init               004b3810 f   pjlib-i386-win32-vc8-debug:log.obj
 0002:0003d8b0       _pj_log_pop_indent         004b38b0 f   pjlib-i386-win32-vc8-debug:log.obj
 0002:0003d8d0       _pj_log_push_indent        004b38d0 f   pjlib-i386-win32-vc8-debug:log.obj
 0002:0003d8f0       _pj_log_set_color          004b38f0 f   pjlib-i386-win32-vc8-debug:log.obj
 0002:0003da20       _pj_log_set_decor          004b3a20 f   pjlib-i386-win32-vc8-debug:log.obj
 0002:0003da40       _pj_log_set_level          004b3a40 f   pjlib-i386-win32-vc8-debug:log.obj
 0002:0003da60       _pj_log_set_log_func       004b3a60 f   pjlib-i386-win32-vc8-debug:log.obj
 0002:0003db60       _pj_file_close             004b3b60 f   pjlib-i386-win32-vc8-debug:file_io_win32.obj
 0002:0003dbe0       _pj_file_flush             004b3be0 f   pjlib-i386-win32-vc8-debug:file_io_win32.obj
 0002:0003dc70       _pj_file_getpos            004b3c70 f   pjlib-i386-win32-vc8-debug:file_io_win32.obj
 0002:0003dd40       _pj_file_open              004b3d40 f   pjlib-i386-win32-vc8-debug:file_io_win32.obj
 0002:0003df90       _pj_file_read              004b3f90 f   pjlib-i386-win32-vc8-debug:file_io_win32.obj
 0002:0003e040       _pj_file_setpos            004b4040 f   pjlib-i386-win32-vc8-debug:file_io_win32.obj
 0002:0003e160       _pj_file_write             004b4160 f   pjlib-i386-win32-vc8-debug:file_io_win32.obj
 0002:0003e210       _pj_rand                   004b4210 f   pjlib-i386-win32-vc8-debug:rand.obj
 0002:0003e250       _pj_srand                  004b4250 f   pjlib-i386-win32-vc8-debug:rand.obj
 0002:0003e430       _pj_pool_factory_get_default_policy 004b4430 f   pjlib-i386-win32-vc8-debug:pool_policy_malloc.obj
 0002:0003e480       _pj_gethostname            004b4480 f   pjlib-i386-win32-vc8-debug:sock_bsd.obj
 0002:0003e530       _pj_htonl                  004b4530 f   pjlib-i386-win32-vc8-debug:sock_bsd.obj
 0002:0003e550       _pj_htons                  004b4550 f   pjlib-i386-win32-vc8-debug:sock_bsd.obj
 0002:0003e580       _pj_inet_aton              004b4580 f   pjlib-i386-win32-vc8-debug:sock_bsd.obj
 0002:0003e6b0       _pj_inet_ntoa              004b46b0 f   pjlib-i386-win32-vc8-debug:sock_bsd.obj
 0002:0003e6d0       _pj_inet_ntop              004b46d0 f   pjlib-i386-win32-vc8-debug:sock_bsd.obj
 0002:0003e910       _pj_inet_pton              004b4910 f   pjlib-i386-win32-vc8-debug:sock_bsd.obj
 0002:0003ebc0       _pj_ntohl                  004b4bc0 f   pjlib-i386-win32-vc8-debug:sock_bsd.obj
 0002:0003ebe0       _pj_ntohs                  004b4be0 f   pjlib-i386-win32-vc8-debug:sock_bsd.obj
 0002:0003ec10       _pj_sock_accept            004b4c10 f   pjlib-i386-win32-vc8-debug:sock_bsd.obj
 0002:0003ed00       _pj_sock_bind              004b4d00 f   pjlib-i386-win32-vc8-debug:sock_bsd.obj
 0002:0003edf0       _pj_sock_bind_in           004b4df0 f   pjlib-i386-win32-vc8-debug:sock_bsd.obj
 0002:0003eea0       _pj_sock_close             004b4ea0 f   pjlib-i386-win32-vc8-debug:sock_bsd.obj
 0002:0003ef40       _pj_sock_connect           004b4f40 f   pjlib-i386-win32-vc8-debug:sock_bsd.obj
 0002:0003efe0       _pj_sock_getpeername       004b4fe0 f   pjlib-i386-win32-vc8-debug:sock_bsd.obj
 0002:0003f080       _pj_sock_getsockname       004b5080 f   pjlib-i386-win32-vc8-debug:sock_bsd.obj
 0002:0003f120       _pj_sock_getsockopt        004b5120 f   pjlib-i386-win32-vc8-debug:sock_bsd.obj
 0002:0003f220       _pj_sock_listen            004b5220 f   pjlib-i386-win32-vc8-debug:sock_bsd.obj
 0002:0003f2c0       _pj_sock_recv              004b52c0 f   pjlib-i386-win32-vc8-debug:sock_bsd.obj
 0002:0003f3c0       _pj_sock_recvfrom          004b53c0 f   pjlib-i386-win32-vc8-debug:sock_bsd.obj
 0002:0003f4d0       _pj_sock_send              004b54d0 f   pjlib-i386-win32-vc8-debug:sock_bsd.obj
 0002:0003f5c0       _pj_sock_sendto            004b55c0 f   pjlib-i386-win32-vc8-debug:sock_bsd.obj
 0002:0003f6c0       _pj_sock_setsockopt        004b56c0 f   pjlib-i386-win32-vc8-debug:sock_bsd.obj
 0002:0003f7a0       _pj_sock_setsockopt_params 004b57a0 f   pjlib-i386-win32-vc8-debug:sock_bsd.obj
 0002:0003f900       _pj_sock_shutdown          004b5900 f   pjlib-i386-win32-vc8-debug:sock_bsd.obj
 0002:0003f9a0       _pj_sock_socket            004b59a0 f   pjlib-i386-win32-vc8-debug:sock_bsd.obj
 0002:0003fb80       _pj_list_erase             004b5b80 f   pjlib-i386-win32-vc8-debug:list.obj
 0002:0003fbc0       _pj_list_find_node         004b5bc0 f   pjlib-i386-win32-vc8-debug:list.obj
 0002:0003fc60       _pj_list_insert_after      004b5c60 f   pjlib-i386-win32-vc8-debug:list.obj
 0002:0003fcb0       _pj_list_insert_before     004b5cb0 f   pjlib-i386-win32-vc8-debug:list.obj
 0002:0003fce0       _pj_list_insert_nodes_after 004b5ce0 f   pjlib-i386-win32-vc8-debug:list.obj
 0002:0003fd40       _pj_list_insert_nodes_before 004b5d40 f   pjlib-i386-win32-vc8-debug:list.obj
 0002:0003fd70       _pj_list_merge_first       004b5d70 f   pjlib-i386-win32-vc8-debug:list.obj
 0002:0003fde0       _pj_list_merge_last        004b5de0 f   pjlib-i386-win32-vc8-debug:list.obj
 0002:0003fe50       _pj_list_search            004b5e50 f   pjlib-i386-win32-vc8-debug:list.obj
 0002:0003fec0       _pj_list_size              004b5ec0 f   pjlib-i386-win32-vc8-debug:list.obj
 0002:0003ff10       _pj_array_erase            004b5f10 f   pjlib-i386-win32-vc8-debug:array.obj
 0002:0003ffa0       _pj_array_find             004b5fa0 f   pjlib-i386-win32-vc8-debug:array.obj
 0002:00040020       _pj_array_insert           004b6020 f   pjlib-i386-win32-vc8-debug:array.obj
 0002:000401d0       _pj_gettimeofday           004b61d0 f   pjlib-i386-win32-vc8-debug:os_time_win32.obj
 0002:000402b0       _pj_time_decode            004b62b0 f   pjlib-i386-win32-vc8-debug:os_time_win32.obj
 0002:000403c0       _pj_time_encode            004b63c0 f   pjlib-i386-win32-vc8-debug:os_time_win32.obj
 0002:000407f0       _ioqueue_dispatch_exception_event 004b67f0 f   pjlib-i386-win32-vc8-debug:ioqueue_select.obj
 0002:000409a0       _ioqueue_dispatch_read_event 004b69a0 f   pjlib-i386-win32-vc8-debug:ioqueue_select.obj
 0002:00040d80       _ioqueue_dispatch_write_event 004b6d80 f   pjlib-i386-win32-vc8-debug:ioqueue_select.obj
 0002:00041620       _pj_ioqueue_accept         004b7620 f   pjlib-i386-win32-vc8-debug:ioqueue_select.obj
 0002:00041850       _pj_ioqueue_connect        004b7850 f   pjlib-i386-win32-vc8-debug:ioqueue_select.obj
 0002:000419d0       _pj_ioqueue_create         004b79d0 f   pjlib-i386-win32-vc8-debug:ioqueue_select.obj
 0002:00041cf0       _pj_ioqueue_destroy        004b7cf0 f   pjlib-i386-win32-vc8-debug:ioqueue_select.obj
 0002:00041e40       _pj_ioqueue_get_user_data  004b7e40 f   pjlib-i386-win32-vc8-debug:ioqueue_select.obj
 0002:00041ea0       _pj_ioqueue_is_pending     004b7ea0 f   pjlib-i386-win32-vc8-debug:ioqueue_select.obj
 0002:00041ee0       _pj_ioqueue_lock_key       004b7ee0 f   pjlib-i386-win32-vc8-debug:ioqueue_select.obj
 0002:00041f30       _pj_ioqueue_name           004b7f30 f   pjlib-i386-win32-vc8-debug:ioqueue_select.obj
 0002:00041f50       _pj_ioqueue_op_key_init    004b7f50 f   pjlib-i386-win32-vc8-debug:ioqueue_select.obj
 0002:00041f80       _pj_ioqueue_poll           004b7f80 f   pjlib-i386-win32-vc8-debug:ioqueue_select.obj
 0002:00042670       _pj_ioqueue_post_completion 004b8670 f   pjlib-i386-win32-vc8-debug:ioqueue_select.obj
 0002:00042830       _pj_ioqueue_recv           004b8830 f   pjlib-i386-win32-vc8-debug:ioqueue_select.obj
 0002:00042a30       _pj_ioqueue_recvfrom       004b8a30 f   pjlib-i386-win32-vc8-debug:ioqueue_select.obj
 0002:00042c50       _pj_ioqueue_register_sock  004b8c50 f   pjlib-i386-win32-vc8-debug:ioqueue_select.obj
 0002:00042c90       _pj_ioqueue_register_sock2 004b8c90 f   pjlib-i386-win32-vc8-debug:ioqueue_select.obj
 0002:00042f00       _pj_ioqueue_send           004b8f00 f   pjlib-i386-win32-vc8-debug:ioqueue_select.obj
 0002:00043160       _pj_ioqueue_sendto         004b9160 f   pjlib-i386-win32-vc8-debug:ioqueue_select.obj
 0002:00043430       _pj_ioqueue_set_concurrency 004b9430 f   pjlib-i386-win32-vc8-debug:ioqueue_select.obj
 0002:000434f0       _pj_ioqueue_set_default_concurrency 004b94f0 f   pjlib-i386-win32-vc8-debug:ioqueue_select.obj
 0002:00043550       _pj_ioqueue_set_lock       004b9550 f   pjlib-i386-win32-vc8-debug:ioqueue_select.obj
 0002:000435f0       _pj_ioqueue_set_user_data  004b95f0 f   pjlib-i386-win32-vc8-debug:ioqueue_select.obj
 0002:00043670       _pj_ioqueue_unlock_key     004b9670 f   pjlib-i386-win32-vc8-debug:ioqueue_select.obj
 0002:000436c0       _pj_ioqueue_unregister     004b96c0 f   pjlib-i386-win32-vc8-debug:ioqueue_select.obj
 0002:00043c70       _pj_file_delete            004b9c70 f   pjlib-i386-win32-vc8-debug:file_access_win32.obj
 0002:00043d30       _pj_file_exists            004b9d30 f   pjlib-i386-win32-vc8-debug:file_access_win32.obj
 0002:00043dd0       _pj_file_getstat           004b9dd0 f   pjlib-i386-win32-vc8-debug:file_access_win32.obj
 0002:000440a0       _pj_file_move              004ba0a0 f   pjlib-i386-win32-vc8-debug:file_access_win32.obj
 0002:00044180       _pj_file_size              004ba180 f   pjlib-i386-win32-vc8-debug:file_access_win32.obj
 0002:00044310       _pj_exception_id_alloc     004ba310 f   pjlib-i386-win32-vc8-debug:except.obj
 0002:00044390       _pj_exception_id_free      004ba390 f   pjlib-i386-win32-vc8-debug:except.obj
 0002:00044420       _pj_exception_id_name      004ba420 f   pjlib-i386-win32-vc8-debug:except.obj
 0002:000444d0       _pj_pop_exception_handler_ 004ba4d0 f   pjlib-i386-win32-vc8-debug:except.obj
 0002:00044530       _pj_push_exception_handler_ 004ba530 f   pjlib-i386-win32-vc8-debug:except.obj
 0002:000445e0       _pj_throw_exception_       004ba5e0 f   pjlib-i386-win32-vc8-debug:except.obj
 0002:000446a0       _pj_get_timestamp          004ba6a0 f   pjlib-i386-win32-vc8-debug:os_timestamp_win32.obj
 0002:00044730       _pj_get_timestamp_freq     004ba730 f   pjlib-i386-win32-vc8-debug:os_timestamp_win32.obj
 0002:00044e70       _pj_grp_lock_acquire       004bae70 f   pjlib-i386-win32-vc8-debug:lock.obj
 0002:00044ea0       _pj_grp_lock_add_handler   004baea0 f   pjlib-i386-win32-vc8-debug:lock.obj
 0002:00044f30       _pj_grp_lock_add_ref       004baf30 f   pjlib-i386-win32-vc8-debug:lock.obj
 0002:00044f60       _pj_grp_lock_chain_lock    004baf60 f   pjlib-i386-win32-vc8-debug:lock.obj
 0002:00045050       _pj_grp_lock_config_default 004bb050 f   pjlib-i386-win32-vc8-debug:lock.obj
 0002:00045080       _pj_grp_lock_create        004bb080 f   pjlib-i386-win32-vc8-debug:lock.obj
 0002:00045260       _pj_grp_lock_dec_ref       004bb260 f   pjlib-i386-win32-vc8-debug:lock.obj
 0002:00045290       _pj_grp_lock_del_handler   004bb290 f   pjlib-i386-win32-vc8-debug:lock.obj
 0002:00045330       _pj_grp_lock_destroy       004bb330 f   pjlib-i386-win32-vc8-debug:lock.obj
 0002:00045360       _pj_grp_lock_dump          004bb360 f   pjlib-i386-win32-vc8-debug:lock.obj
 0002:00045380       _pj_grp_lock_get_ref       004bb380 f   pjlib-i386-win32-vc8-debug:lock.obj
 0002:000453b0       _pj_grp_lock_release       004bb3b0 f   pjlib-i386-win32-vc8-debug:lock.obj
 0002:000453e0       _pj_grp_lock_replace       004bb3e0 f   pjlib-i386-win32-vc8-debug:lock.obj
 0002:00045490       _pj_grp_lock_tryacquire    004bb490 f   pjlib-i386-win32-vc8-debug:lock.obj
 0002:000454c0       _pj_grp_lock_unchain_lock  004bb4c0 f   pjlib-i386-win32-vc8-debug:lock.obj
 0002:000455f0       _pj_lock_acquire           004bb5f0 f   pjlib-i386-win32-vc8-debug:lock.obj
 0002:00045660       _pj_lock_create_null_mutex 004bb660 f   pjlib-i386-win32-vc8-debug:lock.obj
 0002:000456c0       _pj_lock_create_recursive_mutex 004bb6c0 f   pjlib-i386-win32-vc8-debug:lock.obj
 0002:000456f0       _pj_lock_create_semaphore  004bb6f0 f   pjlib-i386-win32-vc8-debug:lock.obj
 0002:000457e0       _pj_lock_create_simple_mutex 004bb7e0 f   pjlib-i386-win32-vc8-debug:lock.obj
 0002:00045810       _pj_lock_destroy           004bb810 f   pjlib-i386-win32-vc8-debug:lock.obj
 0002:00045880       _pj_lock_release           004bb880 f   pjlib-i386-win32-vc8-debug:lock.obj
 0002:000458f0       _pj_lock_tryacquire        004bb8f0 f   pjlib-i386-win32-vc8-debug:lock.obj
 0002:00045b00       _pj_GUID_STRING_LENGTH     004bbb00 f   pjlib-i386-win32-vc8-debug:guid_win32.obj
 0002:00045b20       _pj_generate_unique_string 004bbb20 f   pjlib-i386-win32-vc8-debug:guid_win32.obj
 0002:00045b90       _pj_dump_config            004bbb90 f   pjlib-i386-win32-vc8-debug:config.obj
 0002:00046170       _pj_get_version            004bc170 f   pjlib-i386-win32-vc8-debug:config.obj
 0002:00046b60       _pj_enum_ip_interface      004bcb60 f   pjlib-i386-win32-vc8-debug:ip_helper_win32.obj
 0002:00046cc0       _pj_enum_ip_route          004bccc0 f   pjlib-i386-win32-vc8-debug:ip_helper_win32.obj
 0002:00047130       _pj_getaddrinfo            004bd130 f   pjlib-i386-win32-vc8-debug:addr_resolv_sock.obj
 0002:00047490       _pj_gethostbyname          004bd490 f   pjlib-i386-win32-vc8-debug:addr_resolv_sock.obj
 0002:00047620       _pj_get_netos_error        004bd620 f   pjlib-i386-win32-vc8-debug:os_error_win32.obj
 0002:00047670       _pj_get_os_error           004bd670 f   pjlib-i386-win32-vc8-debug:os_error_win32.obj
 0002:000476f0       _pj_set_netos_error        004bd6f0 f   pjlib-i386-win32-vc8-debug:os_error_win32.obj
 0002:00047740       _pj_set_os_error           004bd740 f   pjlib-i386-win32-vc8-debug:os_error_win32.obj
 0002:00047790       _platform_strerror         004bd790 f   pjlib-i386-win32-vc8-debug:os_error_win32.obj
 0002:00047990       _pj_pool_create_on_buf     004bd990 f   pjlib-i386-win32-vc8-debug:pool_buf.obj
 0002:00047da0       _pj_elapsed_cycle          004bdda0 f   pjlib-i386-win32-vc8-debug:os_timestamp_common.obj
 0002:00047dc0       _pj_elapsed_msec           004bddc0 f   pjlib-i386-win32-vc8-debug:os_timestamp_common.obj
 0002:00047e00       _pj_elapsed_msec64         004bde00 f   pjlib-i386-win32-vc8-debug:os_timestamp_common.obj
 0002:00047e40       _pj_elapsed_nanosec        004bde40 f   pjlib-i386-win32-vc8-debug:os_timestamp_common.obj
 0002:00047f00       _pj_elapsed_time           004bdf00 f   pjlib-i386-win32-vc8-debug:os_timestamp_common.obj
 0002:00047fe0       _pj_elapsed_usec           004bdfe0 f   pjlib-i386-win32-vc8-debug:os_timestamp_common.obj
 0002:00048020       _pj_gettickcount           004be020 f   pjlib-i386-win32-vc8-debug:os_timestamp_common.obj
 0002:000480c0       _PJ_FD_CLR                 004be0c0 f   pjlib-i386-win32-vc8-debug:sock_select.obj
 0002:00048210       _PJ_FD_COUNT               004be210 f   pjlib-i386-win32-vc8-debug:sock_select.obj
 0002:00048240       _PJ_FD_ISSET               004be240 f   pjlib-i386-win32-vc8-debug:sock_select.obj
 0002:000482a0       _PJ_FD_SET                 004be2a0 f   pjlib-i386-win32-vc8-debug:sock_select.obj
 0002:000483e0       _PJ_FD_ZERO                004be3e0 f   pjlib-i386-win32-vc8-debug:sock_select.obj
 0002:00048440       _pj_sock_select            004be440 f   pjlib-i386-win32-vc8-debug:sock_select.obj
 0002:00048550       _gsm_create                004be550 f   libgsmcodec-i386-win32-vc8-debug:gsm_create.obj
 0002:000485c0       _gsm_destroy               004be5c0 f   libgsmcodec-i386-win32-vc8-debug:gsm_destroy.obj
 0002:000485f0       _gsm_encode                004be5f0 f   libgsmcodec-i386-win32-vc8-debug:gsm_encode.obj
 0002:00049320       _gsm_decode                004bf320 f   libgsmcodec-i386-win32-vc8-debug:gsm_decode.obj
 0002:0004a3a0       _Gsm_Coder                 004c03a0 f   libgsmcodec-i386-win32-vc8-debug:code.obj
 0002:0004a660       _Gsm_Decoder               004c0660 f   libgsmcodec-i386-win32-vc8-debug:decode.obj
 0002:0004b720       _Gsm_Long_Term_Predictor   004c1720 f   libgsmcodec-i386-win32-vc8-debug:long_term.obj
 0002:0004b880       _Gsm_Long_Term_Synthesis_Filtering 004c1880 f   libgsmcodec-i386-win32-vc8-debug:long_term.obj
 0002:0004d0a0       _Gsm_LPC_Analysis          004c30a0 f   libgsmcodec-i386-win32-vc8-debug:lpc.obj
 0002:0004e750       _Gsm_Preprocess            004c4750 f   libgsmcodec-i386-win32-vc8-debug:preprocess.obj
 0002:0004fd40       _Gsm_Short_Term_Analysis_Filter 004c5d40 f   libgsmcodec-i386-win32-vc8-debug:short_term.obj
 0002:0004ff00       _Gsm_Short_Term_Synthesis_Filter 004c5f00 f   libgsmcodec-i386-win32-vc8-debug:short_term.obj
 0002:00050ff0       _Gsm_RPE_Decoding          004c6ff0 f   libgsmcodec-i386-win32-vc8-debug:rpe.obj
 0002:00051080       _Gsm_RPE_Encoding          004c7080 f   libgsmcodec-i386-win32-vc8-debug:rpe.obj
 0002:000526b0       _gsm_L_add                 004c86b0 f   libgsmcodec-i386-win32-vc8-debug:add.obj
 0002:00052770       _gsm_L_asl                 004c8770 f   libgsmcodec-i386-win32-vc8-debug:add.obj
 0002:000527f0       _gsm_L_asr                 004c87f0 f   libgsmcodec-i386-win32-vc8-debug:add.obj
 0002:00052860       _gsm_L_mult                004c8860 f   libgsmcodec-i386-win32-vc8-debug:add.obj
 0002:000528d0       _gsm_L_sub                 004c88d0 f   libgsmcodec-i386-win32-vc8-debug:add.obj
 0002:00052990       _gsm_abs                   004c8990 f   libgsmcodec-i386-win32-vc8-debug:add.obj
 0002:000529f0       _gsm_add                   004c89f0 f   libgsmcodec-i386-win32-vc8-debug:add.obj
 0002:00052a60       _gsm_asl                   004c8a60 f   libgsmcodec-i386-win32-vc8-debug:add.obj
 0002:00052ae0       _gsm_asr                   004c8ae0 f   libgsmcodec-i386-win32-vc8-debug:add.obj
 0002:00052b60       _gsm_div                   004c8b60 f   libgsmcodec-i386-win32-vc8-debug:add.obj
 0002:00052c40       _gsm_mult                  004c8c40 f   libgsmcodec-i386-win32-vc8-debug:add.obj
 0002:00052cd0       _gsm_mult_r                004c8cd0 f   libgsmcodec-i386-win32-vc8-debug:add.obj
 0002:00052d40       _gsm_norm                  004c8d40 f   libgsmcodec-i386-win32-vc8-debug:add.obj
 0002:00052e60       _gsm_sub                   004c8e60 f   libgsmcodec-i386-win32-vc8-debug:add.obj
 0002:00052ed0       _iLBC_encode               004c8ed0 f   libilbccodec-i386-win32-vc8-debug:iLBC_encode.obj
 0002:000548b0       _initEncode                004ca8b0 f   libilbccodec-i386-win32-vc8-debug:iLBC_encode.obj
 0002:00054a50       _Decode                    004caa50 f   libilbccodec-i386-win32-vc8-debug:iLBC_decode.obj
 0002:00055190       _iLBC_decode               004cb190 f   libilbccodec-i386-win32-vc8-debug:iLBC_decode.obj
 0002:000562a0       _initDecode                004cc2a0 f   libilbccodec-i386-win32-vc8-debug:iLBC_decode.obj
 0002:00056590       _LPCencode                 004cc590 f   libilbccodec-i386-win32-vc8-debug:LPCencode.obj
 0002:00056660       _LSFinterpolate2a_enc      004cc660 f   libilbccodec-i386-win32-vc8-debug:LPCencode.obj
 0002:000566d0       _SimpleAnalysis            004cc6d0 f   libilbccodec-i386-win32-vc8-debug:LPCencode.obj
 0002:000568f0       _SimpleInterpolateLSF      004cc8f0 f   libilbccodec-i386-win32-vc8-debug:LPCencode.obj
 0002:00056ca0       _SimplelsfQ                004ccca0 f   libilbccodec-i386-win32-vc8-debug:LPCencode.obj
 0002:00056d30       _FrameClassify             004ccd30 f   libilbccodec-i386-win32-vc8-debug:FrameClassify.obj
 0002:00057290       _AbsQuantW                 004cd290 f   libilbccodec-i386-win32-vc8-debug:StateSearchW.obj
 0002:00057530       _StateSearchW              004cd530 f   libilbccodec-i386-win32-vc8-debug:StateSearchW.obj
 0002:00057970       _StateConstructW           004cd970 f   libilbccodec-i386-win32-vc8-debug:StateConstructW.obj
 0002:00057c50       _dopack                    004cdc50 f   libilbccodec-i386-win32-vc8-debug:packing.obj
 0002:00057d80       _packcombine               004cdd80 f   libilbccodec-i386-win32-vc8-debug:packing.obj
 0002:00057dc0       _packsplit                 004cddc0 f   libilbccodec-i386-win32-vc8-debug:packing.obj
 0002:00057e10       _unpack                    004cde10 f   libilbccodec-i386-win32-vc8-debug:packing.obj
 0002:00057f70       _iCBSearch                 004cdf70 f   libilbccodec-i386-win32-vc8-debug:iCBSearch.obj
 0002:00059470       _iCBConstruct              004cf470 f   libilbccodec-i386-win32-vc8-debug:iCBConstruct.obj
 0002:00059700       _index_conv_dec            004cf700 f   libilbccodec-i386-win32-vc8-debug:iCBConstruct.obj
 0002:000597b0       _index_conv_enc            004cf7b0 f   libilbccodec-i386-win32-vc8-debug:iCBConstruct.obj
 0002:00059860       _hpInput                   004cf860 f   libilbccodec-i386-win32-vc8-debug:hpInput.obj
 0002:00059ab0       _anaFilter                 004cfab0 f   libilbccodec-i386-win32-vc8-debug:anaFilter.obj
 0002:00059cd0       _DecoderInterpolateLSF     004cfcd0 f   libilbccodec-i386-win32-vc8-debug:LPCdecode.obj
 0002:00059fa0       _LSFinterpolate2a_dec      004cffa0 f   libilbccodec-i386-win32-vc8-debug:LPCdecode.obj
 0002:0005a010       _SimplelsfDEQ              004d0010 f   libilbccodec-i386-win32-vc8-debug:LPCdecode.obj
 0002:0005a1e0       _compCorr                  004d01e0 f   libilbccodec-i386-win32-vc8-debug:doCPLC.obj
 0002:0005a460       _doThePLC                  004d0460 f   libilbccodec-i386-win32-vc8-debug:doCPLC.obj
 0002:0005ab50       _LSF_check                 004d0b50 f   libilbccodec-i386-win32-vc8-debug:helpfun.obj
 0002:0005ad80       _SplitVQ                   004d0d80 f   libilbccodec-i386-win32-vc8-debug:helpfun.obj
 0002:0005ae50       _autocorr                  004d0e50 f   libilbccodec-i386-win32-vc8-debug:helpfun.obj
 0002:0005af00       _bwexpand                  004d0f00 f   libilbccodec-i386-win32-vc8-debug:helpfun.obj
 0002:0005afa0       _interpolate               004d0fa0 f   libilbccodec-i386-win32-vc8-debug:helpfun.obj
 0002:0005b030       _levdurb                   004d1030 f   libilbccodec-i386-win32-vc8-debug:helpfun.obj
 0002:0005b340       _sort_sq                   004d1340 f   libilbccodec-i386-win32-vc8-debug:helpfun.obj
 0002:0005b450       _vq                        004d1450 f   libilbccodec-i386-win32-vc8-debug:helpfun.obj
 0002:0005b5d0       _window                    004d15d0 f   libilbccodec-i386-win32-vc8-debug:helpfun.obj
 0002:0005b630       _NearestNeighbor           004d1630 f   libilbccodec-i386-win32-vc8-debug:enhancer.obj
 0002:0005b700       _enh_upsample              004d1700 f   libilbccodec-i386-win32-vc8-debug:enhancer.obj
 0002:0005bac0       _enhancer                  004d1ac0 f   libilbccodec-i386-win32-vc8-debug:enhancer.obj
 0002:0005bb50       _enhancerInterface         004d1b50 f   libilbccodec-i386-win32-vc8-debug:enhancer.obj
 0002:0005c430       _getsseq                   004d2430 f   libilbccodec-i386-win32-vc8-debug:enhancer.obj
 0002:0005c7f0       _mycorr1                   004d27f0 f   libilbccodec-i386-win32-vc8-debug:enhancer.obj
 0002:0005c8a0       _refiner                   004d28a0 f   libilbccodec-i386-win32-vc8-debug:enhancer.obj
 0002:0005cbc0       _smath                     004d2bc0 f   libilbccodec-i386-win32-vc8-debug:enhancer.obj
 0002:0005d1d0       _xCorrCoef                 004d31d0 f   libilbccodec-i386-win32-vc8-debug:enhancer.obj
 0002:0005d2b0       _hpOutput                  004d32b0 f   libilbccodec-i386-win32-vc8-debug:hpOutput.obj
 0002:0005d500       _syntFilter                004d3500 f   libilbccodec-i386-win32-vc8-debug:syntFilter.obj
 0002:0005d720       _a2lsf                     004d3720 f   libilbccodec-i386-win32-vc8-debug:lsf.obj
 0002:0005df40       _lsf2a                     004d3f40 f   libilbccodec-i386-win32-vc8-debug:lsf.obj
 0002:0005e5a0       _AllPoleFilter             004d45a0 f   libilbccodec-i386-win32-vc8-debug:filter.obj
 0002:0005e640       _AllZeroFilter             004d4640 f   libilbccodec-i386-win32-vc8-debug:filter.obj
 0002:0005e720       _DownSample                004d4720 f   libilbccodec-i386-win32-vc8-debug:filter.obj
 0002:0005ea00       _ZeroPoleFilter            004d4a00 f   libilbccodec-i386-win32-vc8-debug:filter.obj
 0002:0005ea60       _gaindequant               004d4a60 f   libilbccodec-i386-win32-vc8-debug:gainquant.obj
 0002:0005eb40       _gainquant                 004d4b40 f   libilbccodec-i386-win32-vc8-debug:gainquant.obj
 0002:0005ec90       _createAugmentedVec        004d4c90 f   libilbccodec-i386-win32-vc8-debug:createCB.obj
 0002:0005edf0       _filteredCBvecs            004d4df0 f   libilbccodec-i386-win32-vc8-debug:createCB.obj
 0002:0005ef70       _searchAugmentedCB         004d4f70 f   libilbccodec-i386-win32-vc8-debug:createCB.obj
 0002:0005f3f0       _getCBvec                  004d53f0 f   libilbccodec-i386-win32-vc8-debug:getCBvec.obj
 0002:0005fb90       _speex_bits_advance        004d5b90 f   libspeex-i386-win32-vc8-debug:bits.obj
 0002:0005fc20       _speex_bits_destroy        004d5c20 f   libspeex-i386-win32-vc8-debug:bits.obj
 0002:0005fd00       _speex_bits_init           004d5d00 f   libspeex-i386-win32-vc8-debug:bits.obj
 0002:0005fd60       _speex_bits_init_buffer    004d5d60 f   libspeex-i386-win32-vc8-debug:bits.obj
 0002:0005fdb0       _speex_bits_insert_terminator 004d5db0 f   libspeex-i386-win32-vc8-debug:bits.obj
 0002:0005fe10       _speex_bits_nbytes         004d5e10 f   libspeex-i386-win32-vc8-debug:bits.obj
 0002:0005fe40       _speex_bits_pack           004d5e40 f   libspeex-i386-win32-vc8-debug:bits.obj
 0002:00060030       _speex_bits_peek           004d6030 f   libspeex-i386-win32-vc8-debug:bits.obj
 0002:000600b0       _speex_bits_peek_unsigned  004d60b0 f   libspeex-i386-win32-vc8-debug:bits.obj
 0002:000601a0       _speex_bits_read_from      004d61a0 f   libspeex-i386-win32-vc8-debug:bits.obj
 0002:00060310       _speex_bits_read_whole_bytes 004d6310 f   libspeex-i386-win32-vc8-debug:bits.obj
 0002:000604c0       _speex_bits_remaining      004d64c0 f   libspeex-i386-win32-vc8-debug:bits.obj
 0002:00060510       _speex_bits_reset          004d6510 f   libspeex-i386-win32-vc8-debug:bits.obj
 0002:00060570       _speex_bits_rewind         004d6570 f   libspeex-i386-win32-vc8-debug:bits.obj
 0002:000605b0       _speex_bits_set_bit_buffer 004d65b0 f   libspeex-i386-win32-vc8-debug:bits.obj
 0002:00060620       _speex_bits_unpack_signed  004d6620 f   libspeex-i386-win32-vc8-debug:bits.obj
 0002:00060680       _speex_bits_unpack_unsigned 004d6680 f   libspeex-i386-win32-vc8-debug:bits.obj
 0002:00060770       _speex_bits_write          004d6770 f   libspeex-i386-win32-vc8-debug:bits.obj
 0002:00060850       _speex_bits_write_whole_bytes 004d6850 f   libspeex-i386-win32-vc8-debug:bits.obj
 0002:000609d0       _nb_mode_query             004d69d0 f   libspeex-i386-win32-vc8-debug:speex.obj
 0002:00060ab0       _speex_decode              004d6ab0 f   libspeex-i386-win32-vc8-debug:speex.obj
 0002:00060af0       _speex_decode_int          004d6af0 f   libspeex-i386-win32-vc8-debug:speex.obj
 0002:00060c40       _speex_decode_native       004d6c40 f   libspeex-i386-win32-vc8-debug:speex.obj
 0002:00060c80       _speex_decoder_ctl         004d6c80 f   libspeex-i386-win32-vc8-debug:speex.obj
 0002:00060cc0       _speex_decoder_destroy     004d6cc0 f   libspeex-i386-win32-vc8-debug:speex.obj
 0002:00060cf0       _speex_decoder_init        004d6cf0 f   libspeex-i386-win32-vc8-debug:speex.obj
 0002:00060d20       _speex_encode              004d6d20 f   libspeex-i386-win32-vc8-debug:speex.obj
 0002:00060d60       _speex_encode_int          004d6d60 f   libspeex-i386-win32-vc8-debug:speex.obj
 0002:00060e10       _speex_encode_native       004d6e10 f   libspeex-i386-win32-vc8-debug:speex.obj
 0002:00060e50       _speex_encoder_ctl         004d6e50 f   libspeex-i386-win32-vc8-debug:speex.obj
 0002:00060e90       _speex_encoder_destroy     004d6e90 f   libspeex-i386-win32-vc8-debug:speex.obj
 0002:00060ec0       _speex_encoder_init        004d6ec0 f   libspeex-i386-win32-vc8-debug:speex.obj
 0002:00060ef0       _speex_lib_ctl             004d6ef0 f   libspeex-i386-win32-vc8-debug:speex.obj
 0002:00060fe0       _speex_mode_query          004d6fe0 f   libspeex-i386-win32-vc8-debug:modes.obj
 0002:00061020       _wb_mode_query             004d7020 f   libspeex-i386-win32-vc8-debug:modes_wb.obj
 0002:00061100       _speex_lib_get_mode        004d7100 f   libspeex-i386-win32-vc8-debug:modes_wb.obj
 0002:00061190       _nb_decode                 004d7190 f   libspeex-i386-win32-vc8-debug:nb_celp.obj
 0002:00063650       _nb_decoder_ctl            004d9650 f   libspeex-i386-win32-vc8-debug:nb_celp.obj
 0002:00063c70       _nb_decoder_destroy        004d9c70 f   libspeex-i386-win32-vc8-debug:nb_celp.obj
 0002:00063d00       _nb_decoder_init           004d9d00 f   libspeex-i386-win32-vc8-debug:nb_celp.obj
 0002:000640a0       _nb_encode                 004da0a0 f   libspeex-i386-win32-vc8-debug:nb_celp.obj
 0002:00066bc0       _nb_encoder_ctl            004dcbc0 f   libspeex-i386-win32-vc8-debug:nb_celp.obj
 0002:00067590       _nb_encoder_destroy        004dd590 f   libspeex-i386-win32-vc8-debug:nb_celp.obj
 0002:000676d0       _nb_encoder_init           004dd6d0 f   libspeex-i386-win32-vc8-debug:nb_celp.obj
 0002:00067fb0       _forced_pitch_quant        004ddfb0 f   libspeex-i386-win32-vc8-debug:ltp.obj
 0002:00068170       _forced_pitch_unquant      004de170 f   libspeex-i386-win32-vc8-debug:ltp.obj
 0002:00068270       _inner_prod                004de270 f   libspeex-i386-win32-vc8-debug:ltp.obj
 0002:000683c0       _open_loop_nbest_pitch     004de3c0 f   libspeex-i386-win32-vc8-debug:ltp.obj
 0002:000696d0       _pitch_search_3tap         004df6d0 f   libspeex-i386-win32-vc8-debug:ltp.obj
 0002:00069b70       _pitch_unquant_3tap        004dfb70 f   libspeex-i386-win32-vc8-debug:ltp.obj
 0002:0006a130       _pitch_xcorr               004e0130 f   libspeex-i386-win32-vc8-debug:ltp.obj
 0002:0006a430       _lsp_quant_high            004e0430 f   libspeex-i386-win32-vc8-debug:quant_lsp.obj
 0002:0006a6c0       _lsp_quant_lbr             004e06c0 f   libspeex-i386-win32-vc8-debug:quant_lsp.obj
 0002:0006a990       _lsp_quant_nb              004e0990 f   libspeex-i386-win32-vc8-debug:quant_lsp.obj
 0002:0006ad60       _lsp_unquant_high          004e0d60 f   libspeex-i386-win32-vc8-debug:quant_lsp.obj
 0002:0006aed0       _lsp_unquant_lbr           004e0ed0 f   libspeex-i386-win32-vc8-debug:quant_lsp.obj
 0002:0006b0b0       _lsp_unquant_nb            004e10b0 f   libspeex-i386-win32-vc8-debug:quant_lsp.obj
 0002:0006b700       _noise_codebook_quant      004e1700 f   libspeex-i386-win32-vc8-debug:cb_search.obj
 0002:0006b7f0       _noise_codebook_unquant    004e17f0 f   libspeex-i386-win32-vc8-debug:cb_search.obj
 0002:0006b900       _split_cb_search_shape_sign 004e1900 f   libspeex-i386-win32-vc8-debug:cb_search.obj
 0002:0006cd80       _split_cb_shape_sign_unquant 004e2d80 f   libspeex-i386-win32-vc8-debug:cb_search.obj
 0002:0006d010       _sb_decode                 004e3010 f   libspeex-i386-win32-vc8-debug:sb_celp.obj
 0002:0006de90       _sb_decoder_ctl            004e3e90 f   libspeex-i386-win32-vc8-debug:sb_celp.obj
 0002:0006e4e0       _sb_decoder_destroy        004e44e0 f   libspeex-i386-win32-vc8-debug:sb_celp.obj
 0002:0006e5c0       _sb_decoder_init           004e45c0 f   libspeex-i386-win32-vc8-debug:sb_celp.obj
 0002:0006e820       _sb_encode                 004e4820 f   libspeex-i386-win32-vc8-debug:sb_celp.obj
 0002:00070540       _sb_encoder_ctl            004e6540 f   libspeex-i386-win32-vc8-debug:sb_celp.obj
 0002:00071180       _sb_encoder_destroy        004e7180 f   libspeex-i386-win32-vc8-debug:sb_celp.obj
 0002:00071290       _sb_encoder_init           004e7290 f   libspeex-i386-win32-vc8-debug:sb_celp.obj
 0002:00071810       _vbr_analysis              004e7810 f   libspeex-i386-win32-vc8-debug:vbr.obj
 0002:000724b0       _vbr_destroy               004e84b0 f   libspeex-i386-win32-vc8-debug:vbr.obj
 0002:000724d0       _vbr_init                  004e84d0 f   libspeex-i386-win32-vc8-debug:vbr.obj
 0002:00072690       _speex_default_user_handler 004e8690 f   libspeex-i386-win32-vc8-debug:speex_callbacks.obj
 0002:000726e0       _speex_inband_handler      004e86e0 f   libspeex-i386-win32-vc8-debug:speex_callbacks.obj
 0002:000727d0       _speex_std_char_handler    004e87d0 f   libspeex-i386-win32-vc8-debug:speex_callbacks.obj
 0002:00072820       _speex_std_enh_request_handler 004e8820 f   libspeex-i386-win32-vc8-debug:speex_callbacks.obj
 0002:00072870       _speex_std_high_mode_request_handler 004e8870 f   libspeex-i386-win32-vc8-debug:speex_callbacks.obj
 0002:000728c0       _speex_std_low_mode_request_handler 004e88c0 f   libspeex-i386-win32-vc8-debug:speex_callbacks.obj
 0002:00072910       _speex_std_mode_request_handler 004e8910 f   libspeex-i386-win32-vc8-debug:speex_callbacks.obj
 0002:00072960       _speex_std_vbr_quality_request_handler 004e8960 f   libspeex-i386-win32-vc8-debug:speex_callbacks.obj
 0002:000729d0       _speex_std_vbr_request_handler 004e89d0 f   libspeex-i386-win32-vc8-debug:speex_callbacks.obj
 0002:00072a20       _bw_lpc                    004e8a20 f   libspeex-i386-win32-vc8-debug:filters.obj
 0002:00072aa0       _compute_impulse_response  004e8aa0 f   libspeex-i386-win32-vc8-debug:filters.obj
 0002:00072d80       _compute_rms               004e8d80 f   libspeex-i386-win32-vc8-debug:filters.obj
 0002:00072e30       _compute_rms16             004e8e30 f   libspeex-i386-win32-vc8-debug:filters.obj
 0002:00072e60       _filter_mem16              004e8e60 f   libspeex-i386-win32-vc8-debug:filters.obj
 0002:00072fc0       _fir_mem16                 004e8fc0 f   libspeex-i386-win32-vc8-debug:filters.obj
 0002:000730d0       _highpass                  004e90d0 f   libspeex-i386-win32-vc8-debug:filters.obj
 0002:000734a0       _iir_mem16                 004e94a0 f   libspeex-i386-win32-vc8-debug:filters.obj
 0002:000735c0       _interp_pitch              004e95c0 f   libspeex-i386-win32-vc8-debug:filters.obj
 0002:00073990       _multicomb                 004e9990 f   libspeex-i386-win32-vc8-debug:filters.obj
 0002:00073fd0       _qmf_decomp                004e9fd0 f   libspeex-i386-win32-vc8-debug:filters.obj
 0002:00074330       _qmf_synth                 004ea330 f   libspeex-i386-win32-vc8-debug:filters.obj
 0002:00074860       _residue_percep_zero16     004ea860 f   libspeex-i386-win32-vc8-debug:filters.obj
 0002:00074980       _sanitize_values32         004ea980 f   libspeex-i386-win32-vc8-debug:filters.obj
 0002:00074a60       _signal_div                004eaa60 f   libspeex-i386-win32-vc8-debug:filters.obj
 0002:00074ad0       _signal_mul                004eaad0 f   libspeex-i386-win32-vc8-debug:filters.obj
 0002:00074b30       _syn_percep_zero16         004eab30 f   libspeex-i386-win32-vc8-debug:filters.obj
 0002:00074c50       __spx_autocorr             004eac50 f   libspeex-i386-win32-vc8-debug:lpc.obj
 0002:00074d30       __spx_lpc                  004ead30 f   libspeex-i386-win32-vc8-debug:lpc.obj
 0002:000750f0       _lpc_to_lsp                004eb0f0 f   libspeex-i386-win32-vc8-debug:lsp.obj
 0002:00075710       _lsp_enforce_margin        004eb710 f   libspeex-i386-win32-vc8-debug:lsp.obj
 0002:000758f0       _lsp_interpolate           004eb8f0 f   libspeex-i386-win32-vc8-debug:lsp.obj
 0002:00075990       _lsp_to_lpc                004eb990 f   libspeex-i386-win32-vc8-debug:lsp.obj
 0002:00075e00       _scal_quant                004ebe00 f   libspeex-i386-win32-vc8-debug:vq.obj
 0002:00075e70       _scal_quant32              004ebe70 f   libspeex-i386-win32-vc8-debug:vq.obj
 0002:00075ee0       _vq_nbest                  004ebee0 f   libspeex-i386-win32-vc8-debug:vq.obj
 0002:00076080       _vq_nbest_sign             004ec080 f   libspeex-i386-win32-vc8-debug:vq.obj
 0002:00076280       _crypto_get_random         004ec280 f   libsrtp-i386-win32-vc8-debug:crypto_kernel.obj
 0002:000762c0       _crypto_kernel_alloc_auth  004ec2c0 f   libsrtp-i386-win32-vc8-debug:crypto_kernel.obj
 0002:00076330       _crypto_kernel_alloc_cipher 004ec330 f   libsrtp-i386-win32-vc8-debug:crypto_kernel.obj
 0002:000763a0       _crypto_kernel_get_auth_type 004ec3a0 f   libsrtp-i386-win32-vc8-debug:crypto_kernel.obj
 0002:000763f0       _crypto_kernel_get_cipher_type 004ec3f0 f   libsrtp-i386-win32-vc8-debug:crypto_kernel.obj
 0002:00076440       _crypto_kernel_init        004ec440 f   libsrtp-i386-win32-vc8-debug:crypto_kernel.obj
 0002:000766b0       _crypto_kernel_list_debug_modules 004ec6b0 f   libsrtp-i386-win32-vc8-debug:crypto_kernel.obj
 0002:00076750       _crypto_kernel_load_auth_type 004ec750 f   libsrtp-i386-win32-vc8-debug:crypto_kernel.obj
[...]
 0004:0000cde0       ___wargv                   005b0de0     LIBCMTD:crt0dat.obj
 0004:0000cde4       __environ                  005b0de4     LIBCMTD:crt0dat.obj
 0004:0000cde8       __wenviron                 005b0de8     LIBCMTD:crt0dat.obj
 0004:0000cdec       __pgmptr                   005b0dec     LIBCMTD:crt0dat.obj
 0004:0000cdf0       __wpgmptr                  005b0df0     LIBCMTD:crt0dat.obj
 0004:0000cdf4       __C_Exit_Done              005b0df4     LIBCMTD:crt0dat.obj
 0004:0000ce04       __cflush                   005b0e04     LIBCMTD:_file.obj
 0004:0000ce14       ___isa_available           005b0e14     LIBCMTD:cpu_disp.obj
 0004:0000ce18       ___favor                   005b0e18     LIBCMTD:cpu_disp.obj
 0004:0000ce20       ___pInvalidArgHandler      005b0e20     LIBCMTD:invarg.obj
 0004:0000ce24       __stdbuf                   005b0e24     LIBCMTD:_sftbuf.obj
 0004:0000ce30       ___pioinfo                 005b0e30     LIBCMTD:ioinit.obj
 0004:0000cf64       ___error_mode              005b0f64     LIBCMTD:errmode.obj
 0004:0000cf98       ___app_type                005b0f98     LIBCMTD:crt0msg.obj
 0004:0000d704       __crtheap                  005b1704     LIBCMTD:heapinit.obj
 0004:0000d844       ___crtDebugCheckCount      005b1844     LIBCMTD:dbgheap.obj
 0004:0000d84c       ?_pfnDumpClient@@3P6AXPAXI@ZA 005b184c     LIBCMTD:dbgheap.obj
 0004:0000d870       ___mbcodepage              005b1870     LIBCMTD:mbctype.obj
 0004:0000d874       ___ismbcodepage            005b1874     LIBCMTD:mbctype.obj
 0004:0000d878       ___mbulinfo                005b1878     LIBCMTD:mbctype.obj
 0004:0000d884       ___mblocalename            005b1884     LIBCMTD:mbctype.obj
 0004:0000d894       ___locale_changed          005b1894     LIBCMTD:wsetloca.obj
 0004:0000d898       __newmode                  005b1898     LIBCMTD:_newmode.obj
 0004:0000da50       ?__pInconsistency@@3P6AXXZA 005b1a50     LIBCMTD:hooks.obj
 0004:0000da54       ?_pnhHeap@@3P6AHI@ZA       005b1a54     LIBCMTD:handler.obj
 0004:0000da58       ___pPurecall               005b1a58     LIBCMTD:inithelp.obj
 0004:0000da64       __outputformat             005b1a64     LIBCMTD:outputformat.obj
 0004:0000da68       ___lconv_static_null       005b1a68     LIBCMTD:lconv.obj
 0004:0000da6c       ___lconv_static_W_null     005b1a6c     LIBCMTD:lconv.obj
 0004:0000da74       ?g_OutOfMemoryExceptionCallback@@3P6GPAXXZA 005b1a74     LIBCMTD:frame.obj
 0004:0000da84       ?pArgList@UnDecorator@@0PAVReplicator@@A 005b1a84     LIBCMTD:undname.obj
 0004:0000da88       ?pZNameList@UnDecorator@@0PAVReplicator@@A 005b1a88     LIBCMTD:undname.obj
 0004:0000da8c       ?pTemplateArgList@UnDecorator@@0PAVReplicator@@A 005b1a8c     LIBCMTD:undname.obj
 0004:0000da90       ?gName@UnDecorator@@0PBDB  005b1a90     LIBCMTD:undname.obj
 0004:0000da94       ?name@UnDecorator@@0PBDB   005b1a94     LIBCMTD:undname.obj
 0004:0000da98       ?outputString@UnDecorator@@0PADA 005b1a98     LIBCMTD:undname.obj
 0004:0000da9c       ?maxStringLength@UnDecorator@@0HA 005b1a9c     LIBCMTD:undname.obj
 0004:0000daa0       ?disableFlags@UnDecorator@@0KA 005b1aa0     LIBCMTD:undname.obj
 0004:0000daa4       ?fExplicitTemplateParams@UnDecorator@@0_NA 005b1aa4     LIBCMTD:undname.obj
 0004:0000daa5       ?fGetTemplateArgumentList@UnDecorator@@0_NA 005b1aa5     LIBCMTD:undname.obj
 0004:0000daa8       ?m_pGetParameter@UnDecorator@@0P6APADJ@ZA 005b1aa8     LIBCMTD:undname.obj
 0004:0000db30       ?nodes@?1??make@DNameStatusNode@@SAPAV2@W4DNameStatus@@@Z@4PAV2@A 005b1b30     LIBCMTD:undname.obj
 0004:0000db6c       ??_B?1??make@DNameStatusNode@@SAPAV1@W4DNameStatus@@@Z@51 005b1b6c     LIBCMTD:undname.obj
 0004:0000e14c       _PJ_NO_MEMORY_EXCEPTION    005b214c     <common>
 0004:0000e160       _bit_string                005b2160     <common>
 0004:0000e640       _ctr_prng                  005b2640     <common>
 0004:0000e774       __pReportHookListW         005b2774     <common>
 0004:0000e784       __pReportHookList          005b2784     <common>
 0004:0000e788       __pfnReportHook            005b2788     <common>
 0004:0000e78c       __pmatherr                 005b278c     <common>
 0004:0000e798       ___use_sse2_mathfcns       005b2798     <common>
 0004:0000e7a4       ___unguarded_readlc_active 005b27a4     <common>
 0004:0000e7b4       ___setlc_active            005b27b4     <common>
 0004:0000e7b8       __nhandle                  005b27b8     <common>
 0004:0000e7e0       _encodedKERNEL32Functions  005b27e0     <common>
 0004:0000e888       __debugger_hook_dummy      005b2888     <common>
 0004:0000e8a0       __bufin                    005b28a0     <common>
 0004:0000fbdc       ___piob                    005b3bdc     <common>
 0004:0000fbe0       __nstream                  005b3be0     <common>
 0004:0000fbe4       ___dyn_tls_init_callback   005b3be4     <common>
 0004:0000fbf4       ___onexitend               005b3bf4     <common>
 0004:0000fbf8       ___onexitbegin             005b3bf8     <common>
 0004:0000fbfc       ___mbctype_initialized     005b3bfc     <common>
 0004:0000fc00       ___env_initialized         005b3c00     <common>
 0004:0000fc04       __setjmpexused             005b3c04     <common>
 0004:0000fc10       __acmdln                   005b3c10     <common>
 0005:00000000       __imp__IsProcessorFeaturePresent@4 005b4000     kernel32:KERNEL32.dll
 0005:00000004       __imp__GetStringTypeW@16   005b4004     kernel32:KERNEL32.dll
 0005:00000008       __imp__HeapAlloc@12        005b4008     kernel32:KERNEL32.dll
 0005:0000000c       __imp__HeapQueryInformation@20 005b400c     kernel32:KERNEL32.dll
 0005:00000010       __imp__HeapSize@12         005b4010     kernel32:KERNEL32.dll
 0005:00000014       __imp__HeapReAlloc@16      005b4014     kernel32:KERNEL32.dll
 0005:00000018       __imp__HeapFree@12         005b4018     kernel32:KERNEL32.dll
 0005:0000001c       __imp__SetFilePointerEx@20 005b401c     kernel32:KERNEL32.dll
 0005:00000020       __imp__GetConsoleMode@8    005b4020     kernel32:KERNEL32.dll
 0005:00000024       __imp__GetConsoleCP@0      005b4024     kernel32:KERNEL32.dll
 0005:00000028       __imp__OutputDebugStringA@4 005b4028     kernel32:KERNEL32.dll
 0005:0000002c       __imp__FatalAppExitA@8     005b402c     kernel32:KERNEL32.dll
 0005:00000030       __imp__RaiseException@16   005b4030     kernel32:KERNEL32.dll
 0005:00000034       __imp__GetCPInfo@8         005b4034     kernel32:KERNEL32.dll
 0005:00000038       __imp__GetOEMCP@0          005b4038     kernel32:KERNEL32.dll
 0005:0000003c       __imp__GetACP@0            005b403c     kernel32:KERNEL32.dll
 0005:00000040       __imp__IsValidCodePage@4   005b4040     kernel32:KERNEL32.dll
 0005:00000044       __imp__FreeEnvironmentStringsW@4 005b4044     kernel32:KERNEL32.dll
 0005:00000048       __imp__GetEnvironmentStringsW@0 005b4048     kernel32:KERNEL32.dll
 0005:0000004c       __imp__GetSystemInfo@4     005b404c     kernel32:KERNEL32.dll
 0005:00000050       __imp__HeapValidate@12     005b4050     kernel32:KERNEL32.dll
 0005:00000054       __imp__GetModuleFileNameA@12 005b4054     kernel32:KERNEL32.dll
 0005:00000058       __imp__GetProcessHeap@0    005b4058     kernel32:KERNEL32.dll
 0005:0000005c       __imp__LoadLibraryExW@12   005b405c     kernel32:KERNEL32.dll
 0005:00000060       __imp__WaitForSingleObjectEx@12 005b4060     kernel32:KERNEL32.dll
 0005:00000064       __imp__WaitForMultipleObjects@16 005b4064     kernel32:KERNEL32.dll
 0005:00000068       __imp__CreateFileW@28      005b4068     kernel32:KERNEL32.dll
 0005:0000006c       __imp__SetStdHandle@8      005b406c     kernel32:KERNEL32.dll
 0005:00000070       __imp__LCMapStringW@24     005b4070     kernel32:KERNEL32.dll
 0005:00000074       __imp__CompareStringW@24   005b4074     kernel32:KERNEL32.dll
 0005:00000078       __imp__GetTimeFormatW@24   005b4078     kernel32:KERNEL32.dll
 0005:0000007c       __imp__GetDateFormatW@24   005b407c     kernel32:KERNEL32.dll
 0005:00000080       __imp__EnumSystemLocalesW@8 005b4080     kernel32:KERNEL32.dll
 0005:00000084       __imp__GetUserDefaultLCID@0 005b4084     kernel32:KERNEL32.dll
 0005:00000088       __imp__IsValidLocale@8     005b4088     kernel32:KERNEL32.dll
 0005:0000008c       __imp__GetStdHandle@4      005b408c     kernel32:KERNEL32.dll
 0005:00000090       __imp__CloseHandle@4       005b4090     kernel32:KERNEL32.dll
 0005:00000094       __imp__GetLastError@0      005b4094     kernel32:KERNEL32.dll
 0005:00000098       __imp__InitializeCriticalSection@4 005b4098     kernel32:KERNEL32.dll
 0005:0000009c       __imp__EnterCriticalSection@4 005b409c     kernel32:KERNEL32.dll
 0005:000000a0       __imp__LeaveCriticalSection@4 005b40a0     kernel32:KERNEL32.dll
 0005:000000a4       __imp__TryEnterCriticalSection@4 005b40a4     kernel32:KERNEL32.dll
 0005:000000a8       __imp__DeleteCriticalSection@4 005b40a8     kernel32:KERNEL32.dll
 0005:000000ac       __imp__SetEvent@4          005b40ac     kernel32:KERNEL32.dll
 0005:000000b0       __imp__ResetEvent@4        005b40b0     kernel32:KERNEL32.dll
 0005:000000b4       __imp__ReleaseSemaphore@12 005b40b4     kernel32:KERNEL32.dll
 0005:000000b8       __imp__WaitForSingleObject@8 005b40b8     kernel32:KERNEL32.dll
 0005:000000bc       __imp__CreateEventA@16     005b40bc     kernel32:KERNEL32.dll
 0005:000000c0       __imp__Sleep@4             005b40c0     kernel32:KERNEL32.dll
 0005:000000c4       __imp__GetCurrentProcessId@0 005b40c4     kernel32:KERNEL32.dll
 0005:000000c8       __imp__CreateThread@24     005b40c8     kernel32:KERNEL32.dll
 0005:000000cc       __imp__GetCurrentThread@0  005b40cc     kernel32:KERNEL32.dll
 0005:000000d0       __imp__GetCurrentThreadId@0 005b40d0     kernel32:KERNEL32.dll
 0005:000000d4       __imp__SetThreadPriority@8 005b40d4     kernel32:KERNEL32.dll
 0005:000000d8       __imp__GetThreadPriority@4 005b40d8     kernel32:KERNEL32.dll
 0005:000000dc       __imp__ResumeThread@4      005b40dc     kernel32:KERNEL32.dll
 0005:000000e0       __imp__TlsAlloc@0          005b40e0     kernel32:KERNEL32.dll
 0005:000000e4       __imp__TlsGetValue@4       005b40e4     kernel32:KERNEL32.dll
 0005:000000e8       __imp__TlsSetValue@8       005b40e8     kernel32:KERNEL32.dll
 0005:000000ec       __imp__TlsFree@4           005b40ec     kernel32:KERNEL32.dll
 0005:000000f0       __imp__PulseEvent@4        005b40f0     kernel32:KERNEL32.dll
 0005:000000f4       __imp__CreateSemaphoreA@16 005b40f4     kernel32:KERNEL32.dll
 0005:000000f8       __imp__GetConsoleScreenBufferInfo@8 005b40f8     kernel32:KERNEL32.dll
 0005:000000fc       __imp__SetConsoleTextAttribute@8 005b40fc     kernel32:KERNEL32.dll
 0005:00000100       __imp__CreateFileA@28      005b4100     kernel32:KERNEL32.dll
 0005:00000104       __imp__FlushFileBuffers@4  005b4104     kernel32:KERNEL32.dll
 0005:00000108       __imp__ReadFile@20         005b4108     kernel32:KERNEL32.dll
 0005:0000010c       __imp__SetFilePointer@16   005b410c     kernel32:KERNEL32.dll
 0005:00000110       __imp__WriteFile@20        005b4110     kernel32:KERNEL32.dll
 0005:00000114       __imp__GetLocalTime@4      005b4114     kernel32:KERNEL32.dll
 0005:00000118       __imp__FileTimeToSystemTime@8 005b4118     kernel32:KERNEL32.dll
 0005:0000011c       __imp__SystemTimeToFileTime@8 005b411c     kernel32:KERNEL32.dll
 0005:00000120       __imp__DeleteFileA@4       005b4120     kernel32:KERNEL32.dll
 0005:00000124       __imp__FileTimeToLocalFileTime@8 005b4124     kernel32:KERNEL32.dll
 0005:00000128       __imp__GetFileSize@8       005b4128     kernel32:KERNEL32.dll
 0005:0000012c       __imp__GetFileTime@16      005b412c     kernel32:KERNEL32.dll
 0005:00000130       __imp__MoveFileExA@12      005b4130     kernel32:KERNEL32.dll
 0005:00000134       __imp__QueryPerformanceCounter@4 005b4134     kernel32:KERNEL32.dll
 0005:00000138       __imp__QueryPerformanceFrequency@4 005b4138     kernel32:KERNEL32.dll
 0005:0000013c       __imp__FreeLibrary@4       005b413c     kernel32:KERNEL32.dll
 0005:00000140       __imp__GetProcAddress@8    005b4140     kernel32:KERNEL32.dll
 0005:00000144       __imp__LoadLibraryA@4      005b4144     kernel32:KERNEL32.dll
 0005:00000148       __imp__SetLastError@4      005b4148     kernel32:KERNEL32.dll
 0005:0000014c       __imp__FormatMessageA@28   005b414c     kernel32:KERNEL32.dll
 0005:00000150       __imp__IsDebuggerPresent@0 005b4150     kernel32:KERNEL32.dll
 0005:00000154       __imp__OutputDebugStringW@4 005b4154     kernel32:KERNEL32.dll
 0005:00000158       __imp__GetFileType@4       005b4158     kernel32:KERNEL32.dll
 0005:0000015c       __imp__GetModuleFileNameW@12 005b415c     kernel32:KERNEL32.dll
 0005:00000160       __imp__GetModuleHandleExW@12 005b4160     kernel32:KERNEL32.dll
 0005:00000164       __imp__WriteConsoleW@20    005b4164     kernel32:KERNEL32.dll
 0005:00000168       __imp__GetCommandLineA@0   005b4168     kernel32:KERNEL32.dll
 0005:0000016c       __imp__RtlUnwind@16        005b416c     kernel32:KERNEL32.dll
 0005:00000170       __imp__EncodePointer@4     005b4170     kernel32:KERNEL32.dll
 0005:00000174       __imp__DecodePointer@4     005b4174     kernel32:KERNEL32.dll
 0005:00000178       __imp__ExitProcess@4       005b4178     kernel32:KERNEL32.dll
 0005:0000017c       __imp__AreFileApisANSI@0   005b417c     kernel32:KERNEL32.dll
 0005:00000180       __imp__MultiByteToWideChar@24 005b4180     kernel32:KERNEL32.dll
 0005:00000184       __imp__WideCharToMultiByte@32 005b4184     kernel32:KERNEL32.dll
 0005:00000188       __imp__GetSystemTimeAsFileTime@4 005b4188     kernel32:KERNEL32.dll
 0005:0000018c       __imp__UnhandledExceptionFilter@4 005b418c     kernel32:KERNEL32.dll
 0005:00000190       __imp__SetUnhandledExceptionFilter@4 005b4190     kernel32:KERNEL32.dll
 0005:00000194       __imp__InitializeCriticalSectionAndSpinCount@8 005b4194     kernel32:KERNEL32.dll
 0005:00000198       __imp__CreateEventW@16     005b4198     kernel32:KERNEL32.dll
 0005:0000019c       __imp__GetCurrentProcess@0 005b419c     kernel32:KERNEL32.dll
 0005:000001a0       __imp__TerminateProcess@8  005b41a0     kernel32:KERNEL32.dll
 0005:000001a4       __imp__GetStartupInfoW@4   005b41a4     kernel32:KERNEL32.dll
 0005:000001a8       __imp__GetTickCount@0      005b41a8     kernel32:KERNEL32.dll
 0005:000001ac       __imp__GetModuleHandleW@4  005b41ac     kernel32:KERNEL32.dll
 0005:000001b0       __imp__CreateSemaphoreW@16 005b41b0     kernel32:KERNEL32.dll
 0005:000001b4       __imp__SetConsoleCtrlHandler@8 005b41b4     kernel32:KERNEL32.dll
 0005:000001b8       __imp__GetLocaleInfoW@16   005b41b8     kernel32:KERNEL32.dll
 0005:000001bc       \177KERNEL32_NULL_THUNK_DATA 005b41bc     kernel32:KERNEL32.dll
 0005:00000240       __imp__waveOutGetErrorTextA@12 005b4240     winmm:WINMM.dll
 0005:00000244       __imp__waveInGetErrorTextA@12 005b4244     winmm:WINMM.dll
 0005:00000248       __imp__waveOutGetNumDevs@0 005b4248     winmm:WINMM.dll
 0005:0000024c       __imp__waveOutGetDevCapsA@12 005b424c     winmm:WINMM.dll
 0005:00000250       __imp__waveOutGetVolume@8  005b4250     winmm:WINMM.dll
 0005:00000254       __imp__waveOutSetVolume@8  005b4254     winmm:WINMM.dll
 0005:00000258       __imp__waveOutOpen@24      005b4258     winmm:WINMM.dll
 0005:0000025c       __imp__waveOutClose@4      005b425c     winmm:WINMM.dll
 0005:00000260       __imp__waveOutPrepareHeader@12 005b4260     winmm:WINMM.dll
 0005:00000264       __imp__waveOutUnprepareHeader@12 005b4264     winmm:WINMM.dll
 0005:00000268       __imp__waveOutWrite@12     005b4268     winmm:WINMM.dll
 0005:0000026c       __imp__waveOutPause@4      005b426c     winmm:WINMM.dll
 0005:00000270       __imp__waveOutRestart@4    005b4270     winmm:WINMM.dll
 0005:00000274       __imp__waveOutReset@4      005b4274     winmm:WINMM.dll
 0005:00000278       __imp__waveInGetNumDevs@0  005b4278     winmm:WINMM.dll
 0005:0000027c       __imp__waveInGetDevCapsA@12 005b427c     winmm:WINMM.dll
 0005:00000280       __imp__waveInOpen@24       005b4280     winmm:WINMM.dll
 0005:00000284       __imp__waveInClose@4       005b4284     winmm:WINMM.dll
 0005:00000288       __imp__waveInPrepareHeader@12 005b4288     winmm:WINMM.dll
 0005:0000028c       __imp__waveInUnprepareHeader@12 005b428c     winmm:WINMM.dll
 0005:00000290       __imp__waveInAddBuffer@12  005b4290     winmm:WINMM.dll
 0005:00000294       __imp__waveInStart@4       005b4294     winmm:WINMM.dll
 0005:00000298       __imp__waveInStop@4        005b4298     winmm:WINMM.dll
 0005:0000029c       __imp__waveInReset@4       005b429c     winmm:WINMM.dll
 0005:000002a0       \177WINMM_NULL_THUNK_DATA  005b42a0     winmm:WINMM.dll
 0005:000002dc       __imp__select@20           005b42dc     ws2_32:WS2_32.dll
 0005:000002e0       __imp____WSAFDIsSet@8      005b42e0     ws2_32:WS2_32.dll
 0005:000002e4       __imp__WSASetLastError@4   005b42e4     ws2_32:WS2_32.dll
 0005:000002e8       __imp__gethostbyname@4     005b42e8     ws2_32:WS2_32.dll
 0005:000002ec       __imp__ioctlsocket@12      005b42ec     ws2_32:WS2_32.dll
 0005:000002f0       __imp__WSAStringToAddressA@20 005b42f0     ws2_32:WS2_32.dll
 0005:000002f4       __imp__WSAAddressToStringA@20 005b42f4     ws2_32:WS2_32.dll
 0005:000002f8       __imp__WSASocketA@24       005b42f8     ws2_32:WS2_32.dll
 0005:000002fc       __imp__WSAIoctl@36         005b42fc     ws2_32:WS2_32.dll
 0005:00000300       __imp__gethostname@8       005b4300     ws2_32:WS2_32.dll
 0005:00000304       __imp__shutdown@8          005b4304     ws2_32:WS2_32.dll
 0005:00000308       __imp__setsockopt@20       005b4308     ws2_32:WS2_32.dll
 0005:0000030c       __imp__sendto@24           005b430c     ws2_32:WS2_32.dll
 0005:00000310       __imp__send@16             005b4310     ws2_32:WS2_32.dll
 0005:00000314       __imp__recvfrom@24         005b4314     ws2_32:WS2_32.dll
 0005:00000318       __imp__recv@16             005b4318     ws2_32:WS2_32.dll
 0005:0000031c       __imp__ntohs@4             005b431c     ws2_32:WS2_32.dll
 0005:00000320       __imp__ntohl@4             005b4320     ws2_32:WS2_32.dll
 0005:00000324       __imp__listen@8            005b4324     ws2_32:WS2_32.dll
 0005:00000328       __imp__inet_ntoa@4         005b4328     ws2_32:WS2_32.dll
 0005:0000032c       __imp__inet_addr@4         005b432c     ws2_32:WS2_32.dll
 0005:00000330       __imp__htons@4             005b4330     ws2_32:WS2_32.dll
 0005:00000334       __imp__htonl@4             005b4334     ws2_32:WS2_32.dll
 0005:00000338       __imp__getsockopt@20       005b4338     ws2_32:WS2_32.dll
 0005:0000033c       __imp__getsockname@12      005b433c     ws2_32:WS2_32.dll
 0005:00000340       __imp__getpeername@12      005b4340     ws2_32:WS2_32.dll
 0005:00000344       __imp__connect@12          005b4344     ws2_32:WS2_32.dll
 0005:00000348       __imp__closesocket@4       005b4348     ws2_32:WS2_32.dll
 0005:0000034c       __imp__bind@12             005b434c     ws2_32:WS2_32.dll
 0005:00000350       __imp__accept@12           005b4350     ws2_32:WS2_32.dll
 0005:00000354       __imp__WSAGetLastError@0   005b4354     ws2_32:WS2_32.dll
 0005:00000358       __imp__WSACleanup@0        005b4358     ws2_32:WS2_32.dll
 0005:0000035c       __imp__WSAStartup@8        005b435c     ws2_32:WS2_32.dll
 0005:00000360       \177WS2_32_NULL_THUNK_DATA 005b4360     ws2_32:WS2_32.dll
 0005:000003a4       __imp__CoCreateGuid@4      005b43a4     ole32:ole32.dll
 0005:000003a8       \177ole32_NULL_THUNK_DATA  005b43a8     ole32:ole32.dll
 0005:000003d4       __IMPORT_DESCRIPTOR_ole32  005b43d4     ole32:ole32.dll
 0005:000003e8       __IMPORT_DESCRIPTOR_WS2_32 005b43e8     ws2_32:WS2_32.dll
 0005:000003fc       __IMPORT_DESCRIPTOR_KERNEL32 005b43fc     kernel32:KERNEL32.dll
 0005:00000410       __IMPORT_DESCRIPTOR_WINMM  005b4410     winmm:WINMM.dll
 0005:00000424       __NULL_IMPORT_DESCRIPTOR   005b4424     ole32:ole32.dll
