 playfile

 Timestamp is 54f828eb (Thu Mar 05 17:59:07 2015)

 Preferred load address is 00400000

 Start         Length     Name                   Class
 0001:00000000 0005aea9H .textbss                DATA
 0002:00000000 000bb146H .text$mn                CODE
 0002:000bb150 00001161H .text$x                 CODE
 0003:00000000 00000104H .CRT$XCA                DATA
 0003:00000104 00000104H .CRT$XCZ                DATA
 0003:00000208 00000104H .CRT$XIA                DATA
 0003:0000030c 0000011cH .CRT$XIC                DATA
 0003:00000428 00000104H .CRT$XIY                DATA
 0003:0000052c 00000104H .CRT$XIZ                DATA
 0003:00000630 00000104H .CRT$XPA                DATA
 0003:00000734 00000109H .CRT$XPX                DATA
 0003:00000840 00000104H .CRT$XPXA               DATA
 0003:00000944 00000104H .CRT$XPZ                DATA
 0003:00000a48 00000104H .CRT$XTA                DATA
 0003:00000b4c 00000104H .CRT$XTZ                DATA
 0003:00000c50 00032d77H .rdata                  DATA
 0003:000339c8 000001c9H .rdata$debug            DATA
 0003:00033b94 00000563H .rdata$r                DATA
 0003:000340f8 00000104H .rtc$IAA                DATA
 0003:000341fc 00000104H .rtc$IZZ                DATA
 0003:00034300 00000104H .rtc$TAA                DATA
 0003:00034404 00000104H .rtc$TZZ                DATA
 0003:00034508 00000e4eH .xdata$x                DATA
 0003:00035356 00000000H .edata                  DATA
 0004:00000000 00007271H .data                   DATA
 0004:00007274 00000293H .data$r                 DATA
 0004:00007520 00003c64H .bss                    DATA
 0005:00000000 000003d8H .idata$5                DATA
 0005:000003d8 00000050H .idata$2                DATA
 0005:00000428 00000014H .idata$3                DATA
 0005:0000043c 000003d8H .idata$4                DATA
 0005:00000814 00000c81H .idata$6                DATA

  Address         Publics by Value              Rva+Base       Lib:Object

 0000:00000000       ___safe_se_handler_count   00000000     <absolute>
 0000:00000000       ___guard_fids_table        00000000     <absolute>
 0000:00000000       __except_list              00000000     <absolute>
 0000:00000000       ___guard_fids_count        00000000     <absolute>
 0000:00000000       ___guard_flags             00000000     <absolute>
 0000:00000000       ___safe_se_handler_table   00000000     <absolute>
 0000:00000000       ___ImageBase               00400000     <linker-defined>
 0001:00000000       __enc$textbss$begin        00401000     <linker-defined>
 0001:0005aea9       __enc$textbss$end          0045bea9     <linker-defined>
 0002:00004ff0       _get_snd_options           00460ff0 f   playfile.obj
 0002:00005350       _dump_pool_usage           00461350 f   playfile.obj
 0002:000053f0       _main                      004613f0 f   playfile.obj
 0002:00005af0       _pjmedia_port_destroy      00461af0 f   pjmedia-i386-win32-vc8-debug:port.obj
 0002:00005b80       _pjmedia_port_get_clock_src 00461b80 f   pjmedia-i386-win32-vc8-debug:port.obj
 0002:00005bd0       _pjmedia_port_get_frame    00461bd0 f   pjmedia-i386-win32-vc8-debug:port.obj
 0002:00005c70       _pjmedia_port_info_init    00461c70 f   pjmedia-i386-win32-vc8-debug:port.obj
 0002:00005d40       _pjmedia_port_info_init2   00461d40 f   pjmedia-i386-win32-vc8-debug:port.obj
 0002:00005db0       _pjmedia_port_put_frame    00461db0 f   pjmedia-i386-win32-vc8-debug:port.obj
 0002:00006290       _pjmedia_endpt_atexit      00462290 f   pjmedia-i386-win32-vc8-debug:endpoint.obj
 0002:00006360       _pjmedia_endpt_create      00462360 f   pjmedia-i386-win32-vc8-debug:endpoint.obj
 0002:00006710       _pjmedia_endpt_create_audio_sdp 00462710 f   pjmedia-i386-win32-vc8-debug:endpoint.obj
 0002:00006f80       _pjmedia_endpt_create_base_sdp 00462f80 f   pjmedia-i386-win32-vc8-debug:endpoint.obj
 0002:00007210       _pjmedia_endpt_create_pool 00463210 f   pjmedia-i386-win32-vc8-debug:endpoint.obj
 0002:00007280       _pjmedia_endpt_create_sdp  00463280 f   pjmedia-i386-win32-vc8-debug:endpoint.obj
 0002:00007410       _pjmedia_endpt_destroy     00463410 f   pjmedia-i386-win32-vc8-debug:endpoint.obj
 0002:00007500       _pjmedia_endpt_dump        00463500 f   pjmedia-i386-win32-vc8-debug:endpoint.obj
 0002:00007890       _pjmedia_endpt_get_codec_mgr 00463890 f   pjmedia-i386-win32-vc8-debug:endpoint.obj
 0002:000078b0       _pjmedia_endpt_get_flag    004638b0 f   pjmedia-i386-win32-vc8-debug:endpoint.obj
 0002:00007940       _pjmedia_endpt_get_ioqueue 00463940 f   pjmedia-i386-win32-vc8-debug:endpoint.obj
 0002:000079a0       _pjmedia_endpt_get_thread  004639a0 f   pjmedia-i386-win32-vc8-debug:endpoint.obj
 0002:00007a50       _pjmedia_endpt_get_thread_count 00463a50 f   pjmedia-i386-win32-vc8-debug:endpoint.obj
 0002:00007ab0       _pjmedia_endpt_set_flag    00463ab0 f   pjmedia-i386-win32-vc8-debug:endpoint.obj
 0002:00007b40       _pjmedia_endpt_stop_threads 00463b40 f   pjmedia-i386-win32-vc8-debug:endpoint.obj
 0002:00007db0       _pjmedia_snd_port_connect  00463db0 f   pjmedia-i386-win32-vc8-debug:sound_port.obj
 0002:00007ec0       _pjmedia_snd_port_create   00463ec0 f   pjmedia-i386-win32-vc8-debug:sound_port.obj
 0002:00007f90       _pjmedia_snd_port_create2  00463f90 f   pjmedia-i386-win32-vc8-debug:sound_port.obj
 0002:000081e0       _pjmedia_snd_port_create_player 004641e0 f   pjmedia-i386-win32-vc8-debug:sound_port.obj
 0002:000082a0       _pjmedia_snd_port_create_rec 004642a0 f   pjmedia-i386-win32-vc8-debug:sound_port.obj
 0002:00008360       _pjmedia_snd_port_destroy  00464360 f   pjmedia-i386-win32-vc8-debug:sound_port.obj
 0002:000083d0       _pjmedia_snd_port_disconnect 004643d0 f   pjmedia-i386-win32-vc8-debug:sound_port.obj
 0002:00008440       _pjmedia_snd_port_get_clock_src 00464440 f   pjmedia-i386-win32-vc8-debug:sound_port.obj
 0002:00008480       _pjmedia_snd_port_get_ec_tail 00464480 f   pjmedia-i386-win32-vc8-debug:sound_port.obj
 0002:000085d0       _pjmedia_snd_port_get_port 004645d0 f   pjmedia-i386-win32-vc8-debug:sound_port.obj
 0002:00008630       _pjmedia_snd_port_get_snd_stream 00464630 f   pjmedia-i386-win32-vc8-debug:sound_port.obj
 0002:00008690       _pjmedia_snd_port_param_default 00464690 f   pjmedia-i386-win32-vc8-debug:sound_port.obj
 0002:000086c0       _pjmedia_snd_port_set_ec   004646c0 f   pjmedia-i386-win32-vc8-debug:sound_port.obj
 0002:00009c50       _pjmedia_wav_player_get_info 00465c50 f   pjmedia-i386-win32-vc8-debug:wav_player.obj
 0002:00009e00       _pjmedia_wav_player_get_len 00465e00 f   pjmedia-i386-win32-vc8-debug:wav_player.obj
 0002:00009ed0       _pjmedia_wav_player_port_create 00465ed0 f   pjmedia-i386-win32-vc8-debug:wav_player.obj
 0002:0000a6d0       _pjmedia_wav_player_port_get_pos 004666d0 f   pjmedia-i386-win32-vc8-debug:wav_player.obj
 0002:0000a7f0       _pjmedia_wav_player_port_set_pos 004667f0 f   pjmedia-i386-win32-vc8-debug:wav_player.obj
 0002:0000a9a0       _pjmedia_wav_player_set_eof_cb 004669a0 f   pjmedia-i386-win32-vc8-debug:wav_player.obj
 0002:0000aaa0       _pjmedia_format_copy       00466aa0 f   pjmedia-i386-win32-vc8-debug:format.obj
 0002:0000aad0       _pjmedia_format_get_audio_format_detail 00466ad0 f   pjmedia-i386-win32-vc8-debug:format.obj
 0002:0000ac30       _pjmedia_codec_info_to_id  00466c30 f   pjmedia-i386-win32-vc8-debug:codec.obj
 0002:0000ad10       _pjmedia_codec_mgr_alloc_codec 00466d10 f   pjmedia-i386-win32-vc8-debug:codec.obj
 0002:0000ae50       _pjmedia_codec_mgr_dealloc_codec 00466e50 f   pjmedia-i386-win32-vc8-debug:codec.obj
 0002:0000aee0       _pjmedia_codec_mgr_destroy 00466ee0 f   pjmedia-i386-win32-vc8-debug:codec.obj
 0002:0000b050       _pjmedia_codec_mgr_enum_codecs 00467050 f   pjmedia-i386-win32-vc8-debug:codec.obj
 0002:0000b1a0       _pjmedia_codec_mgr_find_codecs_by_id 004671a0 f   pjmedia-i386-win32-vc8-debug:codec.obj
 0002:0000b340       _pjmedia_codec_mgr_get_codec_info 00467340 f   pjmedia-i386-win32-vc8-debug:codec.obj
 0002:0000b460       _pjmedia_codec_mgr_get_default_param 00467460 f   pjmedia-i386-win32-vc8-debug:codec.obj
 0002:0000b6e0       _pjmedia_codec_mgr_init    004676e0 f   pjmedia-i386-win32-vc8-debug:codec.obj
 0002:0000b7f0       _pjmedia_codec_mgr_register_factory 004677f0 f   pjmedia-i386-win32-vc8-debug:codec.obj
 0002:0000bab0       _pjmedia_codec_mgr_set_codec_priority 00467ab0 f   pjmedia-i386-win32-vc8-debug:codec.obj
 0002:0000bc00       _pjmedia_codec_mgr_set_default_param 00467c00 f   pjmedia-i386-win32-vc8-debug:codec.obj
 0002:0000beb0       _pjmedia_codec_mgr_unregister_factory 00467eb0 f   pjmedia-i386-win32-vc8-debug:codec.obj
 0002:0000c070       _pjmedia_codec_param_clone 00468070 f   pjmedia-i386-win32-vc8-debug:codec.obj
 0002:0000d0c0       _pjmedia_sdp_attr_add      004690c0 f   pjmedia-i386-win32-vc8-debug:sdp.obj
 0002:0000d1a0       _pjmedia_sdp_attr_clone    004691a0 f   pjmedia-i386-win32-vc8-debug:sdp.obj
 0002:0000d250       _pjmedia_sdp_attr_create   00469250 f   pjmedia-i386-win32-vc8-debug:sdp.obj
 0002:0000d320       _pjmedia_sdp_attr_create_rtcp 00469320 f   pjmedia-i386-win32-vc8-debug:sdp.obj
 0002:0000d4a0       _pjmedia_sdp_attr_find     004694a0 f   pjmedia-i386-win32-vc8-debug:sdp.obj
 0002:0000d570       _pjmedia_sdp_attr_find2    00469570 f   pjmedia-i386-win32-vc8-debug:sdp.obj
 0002:0000d5c0       _pjmedia_sdp_attr_get_fmtp 004695c0 f   pjmedia-i386-win32-vc8-debug:sdp.obj
 0002:0000d700       _pjmedia_sdp_attr_get_rtcp 00469700 f   pjmedia-i386-win32-vc8-debug:sdp.obj
 0002:0000d910       _pjmedia_sdp_attr_get_rtpmap 00469910 f   pjmedia-i386-win32-vc8-debug:sdp.obj
 0002:0000dc80       _pjmedia_sdp_attr_remove   00469c80 f   pjmedia-i386-win32-vc8-debug:sdp.obj
 0002:0000dd90       _pjmedia_sdp_attr_remove_all 00469d90 f   pjmedia-i386-win32-vc8-debug:sdp.obj
 0002:0000deb0       _pjmedia_sdp_attr_to_rtpmap 00469eb0 f   pjmedia-i386-win32-vc8-debug:sdp.obj
 0002:0000dfa0       _pjmedia_sdp_bandw_clone   00469fa0 f   pjmedia-i386-win32-vc8-debug:sdp.obj
 0002:0000e010       _pjmedia_sdp_conn_clone    0046a010 f   pjmedia-i386-win32-vc8-debug:sdp.obj
 0002:0000e0d0       _pjmedia_sdp_media_add_attr 0046a0d0 f   pjmedia-i386-win32-vc8-debug:sdp.obj
 0002:0000e110       _pjmedia_sdp_media_clone   0046a110 f   pjmedia-i386-win32-vc8-debug:sdp.obj
 0002:0000e470       _pjmedia_sdp_media_clone_deactivate 0046a470 f   pjmedia-i386-win32-vc8-debug:sdp.obj
 0002:0000e700       _pjmedia_sdp_media_deactivate 0046a700 f   pjmedia-i386-win32-vc8-debug:sdp.obj
 0002:0000e770       _pjmedia_sdp_media_find_attr 0046a770 f   pjmedia-i386-win32-vc8-debug:sdp.obj
 0002:0000e800       _pjmedia_sdp_media_find_attr2 0046a800 f   pjmedia-i386-win32-vc8-debug:sdp.obj
 0002:0000e890       _pjmedia_sdp_media_remove_all_attr 0046a890 f   pjmedia-i386-win32-vc8-debug:sdp.obj
 0002:0000e8d0       _pjmedia_sdp_media_remove_attr 0046a8d0 f   pjmedia-i386-win32-vc8-debug:sdp.obj
 0002:0000e910       _pjmedia_sdp_parse         0046a910 f   pjmedia-i386-win32-vc8-debug:sdp.obj
 0002:0000ef90       _pjmedia_sdp_print         0046af90 f   pjmedia-i386-win32-vc8-debug:sdp.obj
 0002:0000efc0       _pjmedia_sdp_rtpmap_to_attr 0046afc0 f   pjmedia-i386-win32-vc8-debug:sdp.obj
 0002:0000f240       _pjmedia_sdp_session_add_attr 0046b240 f   pjmedia-i386-win32-vc8-debug:sdp.obj
 0002:0000f280       _pjmedia_sdp_session_clone 0046b280 f   pjmedia-i386-win32-vc8-debug:sdp.obj
 0002:0000f5c0       _pjmedia_sdp_transport_cmp 0046b5c0 f   pjmedia-i386-win32-vc8-debug:sdp.obj
 0002:0000f670       _pjmedia_sdp_validate      0046b670 f   pjmedia-i386-win32-vc8-debug:sdp.obj
 0002:0000f6a0       _pjmedia_sdp_validate2     0046b6a0 f   pjmedia-i386-win32-vc8-debug:sdp.obj
 0002:00010590       _pjmedia_strerror          0046c590 f   pjmedia-i386-win32-vc8-debug:errno.obj
 0002:00010a70       _pjmedia_clock_create      0046ca70 f   pjmedia-i386-win32-vc8-debug:clock_thread.obj
 0002:00010af0       _pjmedia_clock_create2     0046caf0 f   pjmedia-i386-win32-vc8-debug:clock_thread.obj
 0002:00010d40       _pjmedia_clock_destroy     0046cd40 f   pjmedia-i386-win32-vc8-debug:clock_thread.obj
 0002:00010e50       _pjmedia_clock_modify      0046ce50 f   pjmedia-i386-win32-vc8-debug:clock_thread.obj
 0002:00010ed0       _pjmedia_clock_src_get_current_timestamp 0046ced0 f   pjmedia-i386-win32-vc8-debug:clock_thread.obj
 0002:00010fb0       _pjmedia_clock_src_get_time_msec 0046cfb0 f   pjmedia-i386-win32-vc8-debug:clock_thread.obj
 0002:00011050       _pjmedia_clock_src_init    0046d050 f   pjmedia-i386-win32-vc8-debug:clock_thread.obj
 0002:000110f0       _pjmedia_clock_src_update  0046d0f0 f   pjmedia-i386-win32-vc8-debug:clock_thread.obj
 0002:00011180       _pjmedia_clock_start       0046d180 f   pjmedia-i386-win32-vc8-debug:clock_thread.obj
 0002:000112b0       _pjmedia_clock_stop        0046d2b0 f   pjmedia-i386-win32-vc8-debug:clock_thread.obj
 0002:00011380       _pjmedia_clock_wait        0046d380 f   pjmedia-i386-win32-vc8-debug:clock_thread.obj
 0002:000116d0       _pjmedia_echo_cancel       0046d6d0 f   pjmedia-i386-win32-vc8-debug:echo_common.obj
 0002:00011720       _pjmedia_echo_capture      0046d720 f   pjmedia-i386-win32-vc8-debug:echo_common.obj
 0002:00011880       _pjmedia_echo_create       0046d880 f   pjmedia-i386-win32-vc8-debug:echo_common.obj
 0002:000118d0       _pjmedia_echo_create2      0046d8d0 f   pjmedia-i386-win32-vc8-debug:echo_common.obj
 0002:00011c90       _pjmedia_echo_destroy      0046dc90 f   pjmedia-i386-win32-vc8-debug:echo_common.obj
 0002:00011d00       _pjmedia_echo_playback     0046dd00 f   pjmedia-i386-win32-vc8-debug:echo_common.obj
 0002:00011e60       _pjmedia_echo_reset        0046de60 f   pjmedia-i386-win32-vc8-debug:echo_common.obj
 0002:00011f40       _pjmedia_wave_hdr_file_to_host 0046df40 f   pjmedia-i386-win32-vc8-debug:wave.obj
 0002:00011f70       _pjmedia_wave_hdr_host_to_file 0046df70 f   pjmedia-i386-win32-vc8-debug:wave.obj
 0002:00013f70       _get_libsrtp_errstr        0046ff70 f   pjmedia-i386-win32-vc8-debug:transport_srtp.obj
 0002:000144e0       _pjmedia_srtp_init_lib     004704e0 f   pjmedia-i386-win32-vc8-debug:transport_srtp.obj
 0002:000145b0       _pjmedia_srtp_setting_default 004705b0 f   pjmedia-i386-win32-vc8-debug:transport_srtp.obj
 0002:00014960       _pjmedia_transport_srtp_create 00470960 f   pjmedia-i386-win32-vc8-debug:transport_srtp.obj
 0002:00014d40       _pjmedia_transport_srtp_decrypt_pkt 00470d40 f   pjmedia-i386-win32-vc8-debug:transport_srtp.obj
 0002:00014f90       _pjmedia_transport_srtp_get_member 00470f90 f   pjmedia-i386-win32-vc8-debug:transport_srtp.obj
 0002:00015000       _pjmedia_transport_srtp_start 00471000 f   pjmedia-i386-win32-vc8-debug:transport_srtp.obj
 0002:00015aa0       _pjmedia_transport_srtp_stop 00471aa0 f   pjmedia-i386-win32-vc8-debug:transport_srtp.obj
 0002:000162b0       _echo_supp_cancel_echo     004722b0 f   pjmedia-i386-win32-vc8-debug:echo_suppress.obj
 0002:000168d0       _echo_supp_create          004728d0 f   pjmedia-i386-win32-vc8-debug:echo_suppress.obj
 0002:00016b30       _echo_supp_destroy         00472b30 f   pjmedia-i386-win32-vc8-debug:echo_suppress.obj
 0002:00016b50       _echo_supp_reset           00472b50 f   pjmedia-i386-win32-vc8-debug:echo_suppress.obj
 0002:00016d20       _echo_supp_soft_reset      00472d20 f   pjmedia-i386-win32-vc8-debug:echo_suppress.obj
 0002:00017c00       _speex_aec_cancel_echo     00473c00 f   pjmedia-i386-win32-vc8-debug:echo_speex.obj
 0002:00017d00       _speex_aec_capture         00473d00 f   pjmedia-i386-win32-vc8-debug:echo_speex.obj
 0002:00017dd0       _speex_aec_create          00473dd0 f   pjmedia-i386-win32-vc8-debug:echo_speex.obj
 0002:00017ff0       _speex_aec_destroy         00473ff0 f   pjmedia-i386-win32-vc8-debug:echo_speex.obj
 0002:000180c0       _speex_aec_playback        004740c0 f   pjmedia-i386-win32-vc8-debug:echo_speex.obj
 0002:00018150       _speex_aec_reset           00474150 f   pjmedia-i386-win32-vc8-debug:echo_speex.obj
 0002:00018780       _pjmedia_delay_buf_create  00474780 f   pjmedia-i386-win32-vc8-debug:delaybuf.obj
 0002:00018a00       _pjmedia_delay_buf_destroy 00474a00 f   pjmedia-i386-win32-vc8-debug:delaybuf.obj
 0002:00018ae0       _pjmedia_delay_buf_get     00474ae0 f   pjmedia-i386-win32-vc8-debug:delaybuf.obj
 0002:00018d70       _pjmedia_delay_buf_put     00474d70 f   pjmedia-i386-win32-vc8-debug:delaybuf.obj
 0002:00018fc0       _pjmedia_delay_buf_reset   00474fc0 f   pjmedia-i386-win32-vc8-debug:delaybuf.obj
 0002:00019450       _pjmedia_calc_avg_signal   00475450 f   pjmedia-i386-win32-vc8-debug:silencedet.obj
 0002:000194f0       _pjmedia_silence_det_apply 004754f0 f   pjmedia-i386-win32-vc8-debug:silencedet.obj
 0002:000198c0       _pjmedia_silence_det_create 004758c0 f   pjmedia-i386-win32-vc8-debug:silencedet.obj
 0002:000199c0       _pjmedia_silence_det_detect 004759c0 f   pjmedia-i386-win32-vc8-debug:silencedet.obj
 0002:00019a20       _pjmedia_silence_det_disable 00475a20 f   pjmedia-i386-win32-vc8-debug:silencedet.obj
 0002:00019a90       _pjmedia_silence_det_set_adaptive 00475a90 f   pjmedia-i386-win32-vc8-debug:silencedet.obj
 0002:00019b10       _pjmedia_silence_det_set_fixed 00475b10 f   pjmedia-i386-win32-vc8-debug:silencedet.obj
 0002:00019b90       _pjmedia_silence_det_set_name 00475b90 f   pjmedia-i386-win32-vc8-debug:silencedet.obj
 0002:00019c30       _pjmedia_silence_det_set_params 00475c30 f   pjmedia-i386-win32-vc8-debug:silencedet.obj
 0002:0001af50       _pjmedia_wsola_create      00476f50 f   pjmedia-i386-win32-vc8-debug:wsola.obj
 0002:0001b390       _pjmedia_wsola_destroy     00477390 f   pjmedia-i386-win32-vc8-debug:wsola.obj
 0002:0001b3b0       _pjmedia_wsola_discard     004773b0 f   pjmedia-i386-win32-vc8-debug:wsola.obj
 0002:0001b8d0       _pjmedia_wsola_generate    004778d0 f   pjmedia-i386-win32-vc8-debug:wsola.obj
 0002:0001ba00       _pjmedia_wsola_reset       00477a00 f   pjmedia-i386-win32-vc8-debug:wsola.obj
 0002:0001bad0       _pjmedia_wsola_save        00477ad0 f   pjmedia-i386-win32-vc8-debug:wsola.obj
 0002:0001c030       _pjmedia_wsola_set_max_expand 00478030 f   pjmedia-i386-win32-vc8-debug:wsola.obj
 0002:0001d2a0       _pj_getopt                 004792a0 f   pjlib-util-i386-win32-vc8-debug:getopt.obj
 0002:0001d2e0       _pj_getopt_long            004792e0 f   pjlib-util-i386-win32-vc8-debug:getopt.obj
 0002:0001d350       _pj_cis_add_alpha          00479350 f   pjlib-util-i386-win32-vc8-debug:scanner.obj
 0002:0001d390       _pj_cis_add_cis            00479390 f   pjlib-util-i386-win32-vc8-debug:scanner.obj
 0002:0001d420       _pj_cis_add_num            00479420 f   pjlib-util-i386-win32-vc8-debug:scanner.obj
 0002:0001d450       _pj_cis_add_range          00479450 f   pjlib-util-i386-win32-vc8-debug:scanner.obj
 0002:0001d4d0       _pj_cis_add_str            004794d0 f   pjlib-util-i386-win32-vc8-debug:scanner.obj
 0002:0001d540       _pj_cis_buf_init           00479540 f   pjlib-util-i386-win32-vc8-debug:scanner.obj
 0002:0001d580       _pj_cis_del_range          00479580 f   pjlib-util-i386-win32-vc8-debug:scanner.obj
 0002:0001d5e0       _pj_cis_del_str            004795e0 f   pjlib-util-i386-win32-vc8-debug:scanner.obj
 0002:0001d650       _pj_cis_dup                00479650 f   pjlib-util-i386-win32-vc8-debug:scanner.obj
 0002:0001d740       _pj_cis_init               00479740 f   pjlib-util-i386-win32-vc8-debug:scanner.obj
 0002:0001d7e0       _pj_cis_invert             004797e0 f   pjlib-util-i386-win32-vc8-debug:scanner.obj
 0002:0001d9a0       _pj_scan_advance_n         004799a0 f   pjlib-util-i386-win32-vc8-debug:scanner.obj
 0002:0001da20       _pj_scan_fini              00479a20 f   pjlib-util-i386-win32-vc8-debug:scanner.obj
 0002:0001da50       _pj_scan_get               00479a50 f   pjlib-util-i386-win32-vc8-debug:scanner.obj
 0002:0001db50       _pj_scan_get_char          00479b50 f   pjlib-util-i386-win32-vc8-debug:scanner.obj
 0002:0001dbd0       _pj_scan_get_n             00479bd0 f   pjlib-util-i386-win32-vc8-debug:scanner.obj
 0002:0001dc70       _pj_scan_get_newline       00479c70 f   pjlib-util-i386-win32-vc8-debug:scanner.obj
 0002:0001dd30       _pj_scan_get_quote         00479d30 f   pjlib-util-i386-win32-vc8-debug:scanner.obj
 0002:0001dd80       _pj_scan_get_quotes        00479d80 f   pjlib-util-i386-win32-vc8-debug:scanner.obj
 0002:0001dfa0       _pj_scan_get_unescape      00479fa0 f   pjlib-util-i386-win32-vc8-debug:scanner.obj
 0002:0001e250       _pj_scan_get_until         0047a250 f   pjlib-util-i386-win32-vc8-debug:scanner.obj
 0002:0001e320       _pj_scan_get_until_ch      0047a320 f   pjlib-util-i386-win32-vc8-debug:scanner.obj
 0002:0001e3e0       _pj_scan_get_until_chr     0047a3e0 f   pjlib-util-i386-win32-vc8-debug:scanner.obj
 0002:0001e4d0       _pj_scan_init              0047a4d0 f   pjlib-util-i386-win32-vc8-debug:scanner.obj
 0002:0001e570       _pj_scan_peek              0047a570 f   pjlib-util-i386-win32-vc8-debug:scanner.obj
 0002:0001e610       _pj_scan_peek_n            0047a610 f   pjlib-util-i386-win32-vc8-debug:scanner.obj
 0002:0001e680       _pj_scan_peek_until        0047a680 f   pjlib-util-i386-win32-vc8-debug:scanner.obj
 0002:0001e720       _pj_scan_restore_state     0047a720 f   pjlib-util-i386-win32-vc8-debug:scanner.obj
 0002:0001e760       _pj_scan_save_state        0047a760 f   pjlib-util-i386-win32-vc8-debug:scanner.obj
 0002:0001e7a0       _pj_scan_skip_line         0047a7a0 f   pjlib-util-i386-win32-vc8-debug:scanner.obj
 0002:0001e820       _pj_scan_skip_whitespace   0047a820 f   pjlib-util-i386-win32-vc8-debug:scanner.obj
 0002:0001ea80       _pj_scan_strcmp            0047aa80 f   pjlib-util-i386-win32-vc8-debug:scanner.obj
 0002:0001eae0       _pj_scan_stricmp           0047aae0 f   pjlib-util-i386-win32-vc8-debug:scanner.obj
 0002:0001eb40       _pj_scan_stricmp_alnum     0047ab40 f   pjlib-util-i386-win32-vc8-debug:scanner.obj
 0002:0001ee30       _pj_base64_decode          0047ae30 f   pjlib-util-i386-win32-vc8-debug:base64.obj
 0002:0001f1a0       _pj_base64_encode          0047b1a0 f   pjlib-util-i386-win32-vc8-debug:base64.obj
 0002:0001f530       _pj_atexit                 0047b530 f   pjlib-i386-win32-vc8-debug:os_core_win32.obj
 0002:0001f580       _pj_atomic_add             0047b580 f   pjlib-i386-win32-vc8-debug:os_core_win32.obj
 0002:0001f5a0       _pj_atomic_add_and_get     0047b5a0 f   pjlib-i386-win32-vc8-debug:os_core_win32.obj
 0002:0001f5d0       _pj_atomic_create          0047b5d0 f   pjlib-i386-win32-vc8-debug:os_core_win32.obj
 0002:0001f620       _pj_atomic_dec             0047b620 f   pjlib-i386-win32-vc8-debug:os_core_win32.obj
 0002:0001f650       _pj_atomic_dec_and_get     0047b650 f   pjlib-i386-win32-vc8-debug:os_core_win32.obj
 0002:0001f690       _pj_atomic_destroy         0047b690 f   pjlib-i386-win32-vc8-debug:os_core_win32.obj
 0002:0001f6f0       _pj_atomic_get             0047b6f0 f   pjlib-i386-win32-vc8-debug:os_core_win32.obj
 0002:0001f760       _pj_atomic_inc             0047b760 f   pjlib-i386-win32-vc8-debug:os_core_win32.obj
 0002:0001f790       _pj_atomic_inc_and_get     0047b790 f   pjlib-i386-win32-vc8-debug:os_core_win32.obj
 0002:0001f7e0       _pj_atomic_set             0047b7e0 f   pjlib-i386-win32-vc8-debug:os_core_win32.obj
 0002:0001f8d0       _pj_enter_critical_section 0047b8d0 f   pjlib-i386-win32-vc8-debug:os_core_win32.obj
 0002:0001f900       _pj_event_create           0047b900 f   pjlib-i386-win32-vc8-debug:os_core_win32.obj
 0002:0001faf0       _pj_event_destroy          0047baf0 f   pjlib-i386-win32-vc8-debug:os_core_win32.obj
 0002:0001fbe0       _pj_event_pulse            0047bbe0 f   pjlib-i386-win32-vc8-debug:os_core_win32.obj
 0002:0001fcd0       _pj_event_reset            0047bcd0 f   pjlib-i386-win32-vc8-debug:os_core_win32.obj
 0002:0001fdc0       _pj_event_set              0047bdc0 f   pjlib-i386-win32-vc8-debug:os_core_win32.obj
 0002:0001feb0       _pj_event_trywait          0047beb0 f   pjlib-i386-win32-vc8-debug:os_core_win32.obj
 0002:0001ff20       _pj_event_wait             0047bf20 f   pjlib-i386-win32-vc8-debug:os_core_win32.obj
 0002:000200c0       _pj_getpid                 0047c0c0 f   pjlib-i386-win32-vc8-debug:os_core_win32.obj
 0002:00020100       _pj_init                   0047c100 f   pjlib-i386-win32-vc8-debug:os_core_win32.obj
 0002:00020360       _pj_leave_critical_section 0047c360 f   pjlib-i386-win32-vc8-debug:os_core_win32.obj
 0002:00020390       _pj_mutex_create           0047c390 f   pjlib-i386-win32-vc8-debug:os_core_win32.obj
 0002:00020450       _pj_mutex_create_recursive 0047c450 f   pjlib-i386-win32-vc8-debug:os_core_win32.obj
 0002:00020480       _pj_mutex_create_simple    0047c480 f   pjlib-i386-win32-vc8-debug:os_core_win32.obj
 0002:000204b0       _pj_mutex_destroy          0047c4b0 f   pjlib-i386-win32-vc8-debug:os_core_win32.obj
 0002:00020540       _pj_mutex_is_locked        0047c540 f   pjlib-i386-win32-vc8-debug:os_core_win32.obj
 0002:00020580       _pj_mutex_lock             0047c580 f   pjlib-i386-win32-vc8-debug:os_core_win32.obj
 0002:00020650       _pj_mutex_trylock          0047c650 f   pjlib-i386-win32-vc8-debug:os_core_win32.obj
 0002:00020740       _pj_mutex_unlock           0047c740 f   pjlib-i386-win32-vc8-debug:os_core_win32.obj
 0002:00020840       _pj_run_app                0047c840 f   pjlib-i386-win32-vc8-debug:os_core_win32.obj
 0002:00020870       _pj_rwmutex_create         0047c870 f   pjlib-i386-win32-vc8-debug:os_core_win32.obj
 0002:00020980       _pj_rwmutex_destroy        0047c980 f   pjlib-i386-win32-vc8-debug:os_core_win32.obj
 0002:00020a00       _pj_rwmutex_lock_read      0047ca00 f   pjlib-i386-win32-vc8-debug:os_core_win32.obj
 0002:00020b30       _pj_rwmutex_lock_write     0047cb30 f   pjlib-i386-win32-vc8-debug:os_core_win32.obj
 0002:00020ba0       _pj_rwmutex_unlock_read    0047cba0 f   pjlib-i386-win32-vc8-debug:os_core_win32.obj
 0002:00020cc0       _pj_rwmutex_unlock_write   0047ccc0 f   pjlib-i386-win32-vc8-debug:os_core_win32.obj
 0002:00020d60       _pj_sem_create             0047cd60 f   pjlib-i386-win32-vc8-debug:os_core_win32.obj
 0002:00020f00       _pj_sem_destroy            0047cf00 f   pjlib-i386-win32-vc8-debug:os_core_win32.obj
 0002:00020ff0       _pj_sem_post               0047cff0 f   pjlib-i386-win32-vc8-debug:os_core_win32.obj
 0002:000210e0       _pj_sem_trywait            0047d0e0 f   pjlib-i386-win32-vc8-debug:os_core_win32.obj
 0002:00021160       _pj_sem_wait               0047d160 f   pjlib-i386-win32-vc8-debug:os_core_win32.obj
 0002:00021310       _pj_shutdown               0047d310 f   pjlib-i386-win32-vc8-debug:os_core_win32.obj
 0002:000214a0       _pj_term_get_color         0047d4a0 f   pjlib-i386-win32-vc8-debug:os_core_win32.obj
 0002:00021510       _pj_term_set_color         0047d510 f   pjlib-i386-win32-vc8-debug:os_core_win32.obj
 0002:000215e0       _pj_thread_check_stack     0047d5e0 f   pjlib-i386-win32-vc8-debug:os_core_win32.obj
 0002:000216e0       _pj_thread_create          0047d6e0 f   pjlib-i386-win32-vc8-debug:os_core_win32.obj
 0002:00021920       _pj_thread_destroy         0047d920 f   pjlib-i386-win32-vc8-debug:os_core_win32.obj
 0002:00021a00       _pj_thread_get_name        0047da00 f   pjlib-i386-win32-vc8-debug:os_core_win32.obj
 0002:00021a80       _pj_thread_get_os_handle   0047da80 f   pjlib-i386-win32-vc8-debug:os_core_win32.obj
 0002:00021ae0       _pj_thread_get_prio        0047dae0 f   pjlib-i386-win32-vc8-debug:os_core_win32.obj
 0002:00021b10       _pj_thread_get_prio_max    0047db10 f   pjlib-i386-win32-vc8-debug:os_core_win32.obj
 0002:00021b30       _pj_thread_get_prio_min    0047db30 f   pjlib-i386-win32-vc8-debug:os_core_win32.obj
 0002:00021b50       _pj_thread_get_stack_info  0047db50 f   pjlib-i386-win32-vc8-debug:os_core_win32.obj
 0002:00021bb0       _pj_thread_get_stack_max_usage 0047dbb0 f   pjlib-i386-win32-vc8-debug:os_core_win32.obj
 0002:00021bd0       _pj_thread_init            0047dbd0 f   pjlib-i386-win32-vc8-debug:os_core_win32.obj
 0002:00021c30       _pj_thread_is_registered   0047dc30 f   pjlib-i386-win32-vc8-debug:os_core_win32.obj
 0002:00021c80       _pj_thread_join            0047dc80 f   pjlib-i386-win32-vc8-debug:os_core_win32.obj
 0002:00021db0       _pj_thread_local_alloc     0047ddb0 f   pjlib-i386-win32-vc8-debug:os_core_win32.obj
 0002:00021e70       _pj_thread_local_free      0047de70 f   pjlib-i386-win32-vc8-debug:os_core_win32.obj
 0002:00021eb0       _pj_thread_local_get       0047deb0 f   pjlib-i386-win32-vc8-debug:os_core_win32.obj
 0002:00021ed0       _pj_thread_local_set       0047ded0 f   pjlib-i386-win32-vc8-debug:os_core_win32.obj
 0002:00021f60       _pj_thread_register        0047df60 f   pjlib-i386-win32-vc8-debug:os_core_win32.obj
 0002:000220d0       _pj_thread_resume          0047e0d0 f   pjlib-i386-win32-vc8-debug:os_core_win32.obj
 0002:000221b0       _pj_thread_set_prio        0047e1b0 f   pjlib-i386-win32-vc8-debug:os_core_win32.obj
 0002:000222c0       _pj_thread_sleep           0047e2c0 f   pjlib-i386-win32-vc8-debug:os_core_win32.obj
 0002:00022300       _pj_thread_this            0047e300 f   pjlib-i386-win32-vc8-debug:os_core_win32.obj
 0002:000224e0       _pj_errno_clear_handlers   0047e4e0 f   pjlib-i386-win32-vc8-debug:errno.obj
 0002:00022550       _pj_perror                 0047e550 f   pjlib-i386-win32-vc8-debug:errno.obj
 0002:000225a0       _pj_perror_1               0047e5a0 f   pjlib-i386-win32-vc8-debug:errno.obj
 0002:000225f0       _pj_perror_2               0047e5f0 f   pjlib-i386-win32-vc8-debug:errno.obj
 0002:00022640       _pj_perror_3               0047e640 f   pjlib-i386-win32-vc8-debug:errno.obj
 0002:00022690       _pj_perror_4               0047e690 f   pjlib-i386-win32-vc8-debug:errno.obj
 0002:000226e0       _pj_perror_5               0047e6e0 f   pjlib-i386-win32-vc8-debug:errno.obj
 0002:00022800       _pj_register_strerror      0047e800 f   pjlib-i386-win32-vc8-debug:errno.obj
 0002:00022a30       _pj_strerror               0047ea30 f   pjlib-i386-win32-vc8-debug:errno.obj
 0002:00022d20       _pj_NO_MEMORY_EXCEPTION    0047ed20 f   pjlib-i386-win32-vc8-debug:pool.obj
 0002:00022da0       _pj_pool_alloc             0047eda0 f   pjlib-i386-win32-vc8-debug:pool.obj
 0002:00022e00       _pj_pool_alloc_from_block  0047ee00 f   pjlib-i386-win32-vc8-debug:pool.obj
 0002:00022e70       _pj_pool_allocate_find     0047ee70 f   pjlib-i386-win32-vc8-debug:pool.obj
 0002:00022ff0       _pj_pool_calloc            0047eff0 f   pjlib-i386-win32-vc8-debug:pool.obj
 0002:00023050       _pj_pool_create            0047f050 f   pjlib-i386-win32-vc8-debug:pool.obj
 0002:000231b0       _pj_pool_create_int        0047f1b0 f   pjlib-i386-win32-vc8-debug:pool.obj
 0002:00023330       _pj_pool_destroy_int       0047f330 f   pjlib-i386-win32-vc8-debug:pool.obj
 0002:000233b0       _pj_pool_get_capacity      0047f3b0 f   pjlib-i386-win32-vc8-debug:pool.obj
 0002:000233d0       _pj_pool_get_used_size     0047f3d0 f   pjlib-i386-win32-vc8-debug:pool.obj
 0002:00023440       _pj_pool_getobjname        0047f440 f   pjlib-i386-win32-vc8-debug:pool.obj
 0002:00023460       _pj_pool_init_int          0047f460 f   pjlib-i386-win32-vc8-debug:pool.obj
 0002:00023530       _pj_pool_release           0047f530 f   pjlib-i386-win32-vc8-debug:pool.obj
 0002:00023580       _pj_pool_reset             0047f580 f   pjlib-i386-win32-vc8-debug:pool.obj
 0002:00023dd0       _pj_caching_pool_destroy   0047fdd0 f   pjlib-i386-win32-vc8-debug:pool_caching.obj
 0002:00023f40       _pj_caching_pool_init      0047ff40 f   pjlib-i386-win32-vc8-debug:pool_caching.obj
 0002:000242d0       _pj_log                    004802d0 f   pjlib-i386-win32-vc8-debug:log.obj
 0002:00024b80       _pj_log_1                  00480b80 f   pjlib-i386-win32-vc8-debug:log.obj
 0002:00024bc0       _pj_log_2                  00480bc0 f   pjlib-i386-win32-vc8-debug:log.obj
 0002:00024c00       _pj_log_3                  00480c00 f   pjlib-i386-win32-vc8-debug:log.obj
 0002:00024c40       _pj_log_4                  00480c40 f   pjlib-i386-win32-vc8-debug:log.obj
 0002:00024c80       _pj_log_5                  00480c80 f   pjlib-i386-win32-vc8-debug:log.obj
 0002:00024cc0       _pj_log_add_indent         00480cc0 f   pjlib-i386-win32-vc8-debug:log.obj
 0002:00024cf0       _pj_log_get_color          00480cf0 f   pjlib-i386-win32-vc8-debug:log.obj
 0002:00024d90       _pj_log_get_decor          00480d90 f   pjlib-i386-win32-vc8-debug:log.obj
 0002:00024db0       _pj_log_get_level          00480db0 f   pjlib-i386-win32-vc8-debug:log.obj
 0002:00024dd0       _pj_log_get_log_func       00480dd0 f   pjlib-i386-win32-vc8-debug:log.obj
 0002:00024df0       _pj_log_init               00480df0 f   pjlib-i386-win32-vc8-debug:log.obj
 0002:00024e90       _pj_log_pop_indent         00480e90 f   pjlib-i386-win32-vc8-debug:log.obj
 0002:00024eb0       _pj_log_push_indent        00480eb0 f   pjlib-i386-win32-vc8-debug:log.obj
 0002:00024ed0       _pj_log_set_color          00480ed0 f   pjlib-i386-win32-vc8-debug:log.obj
 0002:00025000       _pj_log_set_decor          00481000 f   pjlib-i386-win32-vc8-debug:log.obj
 0002:00025020       _pj_log_set_level          00481020 f   pjlib-i386-win32-vc8-debug:log.obj
 0002:00025040       _pj_log_set_log_func       00481040 f   pjlib-i386-win32-vc8-debug:log.obj
 0002:000252a0       _pj_pool_factory_get_default_policy 004812a0 f   pjlib-i386-win32-vc8-debug:pool_policy_malloc.obj
 0002:000252f0       _pj_gethostname            004812f0 f   pjlib-i386-win32-vc8-debug:sock_bsd.obj
 0002:000253a0       _pj_htonl                  004813a0 f   pjlib-i386-win32-vc8-debug:sock_bsd.obj
 0002:000253c0       _pj_htons                  004813c0 f   pjlib-i386-win32-vc8-debug:sock_bsd.obj
 0002:000253f0       _pj_inet_aton              004813f0 f   pjlib-i386-win32-vc8-debug:sock_bsd.obj
 0002:00025520       _pj_inet_ntoa              00481520 f   pjlib-i386-win32-vc8-debug:sock_bsd.obj
 0002:00025540       _pj_inet_ntop              00481540 f   pjlib-i386-win32-vc8-debug:sock_bsd.obj
 0002:00025780       _pj_inet_pton              00481780 f   pjlib-i386-win32-vc8-debug:sock_bsd.obj
 0002:00025a30       _pj_ntohl                  00481a30 f   pjlib-i386-win32-vc8-debug:sock_bsd.obj
 0002:00025a50       _pj_ntohs                  00481a50 f   pjlib-i386-win32-vc8-debug:sock_bsd.obj
 0002:00025a80       _pj_sock_accept            00481a80 f   pjlib-i386-win32-vc8-debug:sock_bsd.obj
 0002:00025b70       _pj_sock_bind              00481b70 f   pjlib-i386-win32-vc8-debug:sock_bsd.obj
 0002:00025c60       _pj_sock_bind_in           00481c60 f   pjlib-i386-win32-vc8-debug:sock_bsd.obj
 0002:00025d10       _pj_sock_close             00481d10 f   pjlib-i386-win32-vc8-debug:sock_bsd.obj
 0002:00025db0       _pj_sock_connect           00481db0 f   pjlib-i386-win32-vc8-debug:sock_bsd.obj
 0002:00025e50       _pj_sock_getpeername       00481e50 f   pjlib-i386-win32-vc8-debug:sock_bsd.obj
 0002:00025ef0       _pj_sock_getsockname       00481ef0 f   pjlib-i386-win32-vc8-debug:sock_bsd.obj
 0002:00025f90       _pj_sock_getsockopt        00481f90 f   pjlib-i386-win32-vc8-debug:sock_bsd.obj
 0002:00026090       _pj_sock_listen            00482090 f   pjlib-i386-win32-vc8-debug:sock_bsd.obj
 0002:00026130       _pj_sock_recv              00482130 f   pjlib-i386-win32-vc8-debug:sock_bsd.obj
 0002:00026230       _pj_sock_recvfrom          00482230 f   pjlib-i386-win32-vc8-debug:sock_bsd.obj
 0002:00026340       _pj_sock_send              00482340 f   pjlib-i386-win32-vc8-debug:sock_bsd.obj
 0002:00026430       _pj_sock_sendto            00482430 f   pjlib-i386-win32-vc8-debug:sock_bsd.obj
 0002:00026530       _pj_sock_setsockopt        00482530 f   pjlib-i386-win32-vc8-debug:sock_bsd.obj
 0002:00026610       _pj_sock_setsockopt_params 00482610 f   pjlib-i386-win32-vc8-debug:sock_bsd.obj
 0002:00026770       _pj_sock_shutdown          00482770 f   pjlib-i386-win32-vc8-debug:sock_bsd.obj
 0002:00026810       _pj_sock_socket            00482810 f   pjlib-i386-win32-vc8-debug:sock_bsd.obj
 0002:000269b0       _pj_getdefaultipinterface  004829b0 f   pjlib-i386-win32-vc8-debug:sock_common.obj
 0002:00026a30       _pj_gethostaddr            00482a30 f   pjlib-i386-win32-vc8-debug:sock_common.obj
 0002:00026a80       _pj_gethostip              00482a80 f   pjlib-i386-win32-vc8-debug:sock_common.obj
 0002:00027750       _pj_getipinterface         00483750 f   pjlib-i386-win32-vc8-debug:sock_common.obj
 0002:000279a0       _pj_inet_addr              004839a0 f   pjlib-i386-win32-vc8-debug:sock_common.obj
 0002:000279d0       _pj_inet_addr2             004839d0 f   pjlib-i386-win32-vc8-debug:sock_common.obj
 0002:00027a10       _pj_inet_ntop2             00483a10 f   pjlib-i386-win32-vc8-debug:sock_common.obj
 0002:00027b00       _pj_sock_bind_random       00483b00 f   pjlib-i386-win32-vc8-debug:sock_common.obj
 0002:00027c80       _pj_sock_setsockopt_sobuf  00483c80 f   pjlib-i386-win32-vc8-debug:sock_common.obj
 0002:00027eb0       _pj_sockaddr_cmp           00483eb0 f   pjlib-i386-win32-vc8-debug:sock_common.obj
 0002:00027fc0       _pj_sockaddr_copy_addr     00483fc0 f   pjlib-i386-win32-vc8-debug:sock_common.obj
 0002:00028020       _pj_sockaddr_cp            00484020 f   pjlib-i386-win32-vc8-debug:sock_common.obj
 0002:00028060       _pj_sockaddr_get_addr      00484060 f   pjlib-i386-win32-vc8-debug:sock_common.obj
 0002:00028130       _pj_sockaddr_get_addr_len  00484130 f   pjlib-i386-win32-vc8-debug:sock_common.obj
 0002:00028200       _pj_sockaddr_get_len       00484200 f   pjlib-i386-win32-vc8-debug:sock_common.obj
 0002:000282d0       _pj_sockaddr_get_port      004842d0 f   pjlib-i386-win32-vc8-debug:sock_common.obj
 0002:000283c0       _pj_sockaddr_has_addr      004843c0 f   pjlib-i386-win32-vc8-debug:sock_common.obj
 0002:000284b0       _pj_sockaddr_in_get_addr   004844b0 f   pjlib-i386-win32-vc8-debug:sock_common.obj
 0002:000284e0       _pj_sockaddr_in_get_port   004844e0 f   pjlib-i386-win32-vc8-debug:sock_common.obj
 0002:00028510       _pj_sockaddr_in_init       00484510 f   pjlib-i386-win32-vc8-debug:sock_common.obj
 0002:000285c0       _pj_sockaddr_in_set_addr   004845c0 f   pjlib-i386-win32-vc8-debug:sock_common.obj
 0002:000285f0       _pj_sockaddr_in_set_port   004845f0 f   pjlib-i386-win32-vc8-debug:sock_common.obj
 0002:00028620       _pj_sockaddr_in_set_str_addr 00484620 f   pjlib-i386-win32-vc8-debug:sock_common.obj
 0002:00028780       _pj_sockaddr_init          00484780 f   pjlib-i386-win32-vc8-debug:sock_common.obj
 0002:00028880       _pj_sockaddr_parse         00484880 f   pjlib-i386-win32-vc8-debug:sock_common.obj
 0002:00028a20       _pj_sockaddr_parse2        00484a20 f   pjlib-i386-win32-vc8-debug:sock_common.obj
 0002:00028ec0       _pj_sockaddr_print         00484ec0 f   pjlib-i386-win32-vc8-debug:sock_common.obj
 0002:00029020       _pj_sockaddr_set_port      00485020 f   pjlib-i386-win32-vc8-debug:sock_common.obj
 0002:00029100       _pj_sockaddr_set_str_addr  00485100 f   pjlib-i386-win32-vc8-debug:sock_common.obj
 0002:000292b0       _pj_create_random_string   004852b0 f   pjlib-i386-win32-vc8-debug:string.obj
 0002:00029580       _pj_str                    00485580 f   pjlib-i386-win32-vc8-debug:string.obj
 0002:000295d0       _pj_strassign              004855d0 f   pjlib-i386-win32-vc8-debug:string.obj
 0002:00029610       _pj_strcat                 00485610 f   pjlib-i386-win32-vc8-debug:string.obj
 0002:00029670       _pj_strcat2                00485670 f   pjlib-i386-win32-vc8-debug:string.obj
 0002:000296f0       _pj_strcmp                 004856f0 f   pjlib-i386-win32-vc8-debug:string.obj
 0002:00029810       _pj_strcmp2                00485810 f   pjlib-i386-win32-vc8-debug:string.obj
 0002:00029870       _pj_strcpy                 00485870 f   pjlib-i386-win32-vc8-debug:string.obj
 0002:000298d0       _pj_strcpy2                004858d0 f   pjlib-i386-win32-vc8-debug:string.obj
 0002:00029950       _pj_strdup                 00485950 f   pjlib-i386-win32-vc8-debug:string.obj
 0002:000299e0       _pj_strdup2                004859e0 f   pjlib-i386-win32-vc8-debug:string.obj
 0002:00029a80       _pj_strdup2_with_null      00485a80 f   pjlib-i386-win32-vc8-debug:string.obj
 0002:00029b30       _pj_strdup3                00485b30 f   pjlib-i386-win32-vc8-debug:string.obj
 0002:00029b70       _pj_strdup_with_null       00485b70 f   pjlib-i386-win32-vc8-debug:string.obj
 0002:00029c00       _pj_stricmp                00485c00 f   pjlib-i386-win32-vc8-debug:string.obj
 0002:00029d20       _pj_stricmp2               00485d20 f   pjlib-i386-win32-vc8-debug:string.obj
 0002:00029d80       _pj_stristr                00485d80 f   pjlib-i386-win32-vc8-debug:string.obj
 0002:00029e20       _pj_strltrim               00485e20 f   pjlib-i386-win32-vc8-debug:string.obj
 0002:00029eb0       _pj_strncmp                00485eb0 f   pjlib-i386-win32-vc8-debug:string.obj
 0002:00029f30       _pj_strncmp2               00485f30 f   pjlib-i386-win32-vc8-debug:string.obj
 0002:00029f90       _pj_strncpy                00485f90 f   pjlib-i386-win32-vc8-debug:string.obj
 0002:00029ff0       _pj_strncpy_with_null      00485ff0 f   pjlib-i386-win32-vc8-debug:string.obj
 0002:0002a070       _pj_strnicmp               00486070 f   pjlib-i386-win32-vc8-debug:string.obj
 0002:0002a0f0       _pj_strnicmp2              004860f0 f   pjlib-i386-win32-vc8-debug:string.obj
 0002:0002a150       _pj_strrtrim               00486150 f   pjlib-i386-win32-vc8-debug:string.obj
 0002:0002a1e0       _pj_strstr                 004861e0 f   pjlib-i386-win32-vc8-debug:string.obj
 0002:0002a280       _pj_strtof                 00486280 f   pjlib-i386-win32-vc8-debug:string.obj
 0002:0002a450       _pj_strtol                 00486450 f   pjlib-i386-win32-vc8-debug:string.obj
 0002:0002a550       _pj_strtoul                00486550 f   pjlib-i386-win32-vc8-debug:string.obj
 0002:0002a600       _pj_strtoul2               00486600 f   pjlib-i386-win32-vc8-debug:string.obj
 0002:0002a790       _pj_strtrim                00486790 f   pjlib-i386-win32-vc8-debug:string.obj
 0002:0002a7d0       _pj_utoa                   004867d0 f   pjlib-i386-win32-vc8-debug:string.obj
 0002:0002a800       _pj_utoa_pad               00486800 f   pjlib-i386-win32-vc8-debug:string.obj
 0002:0002aa60       _pj_gettimeofday           00486a60 f   pjlib-i386-win32-vc8-debug:os_time_win32.obj
 0002:0002ab40       _pj_time_decode            00486b40 f   pjlib-i386-win32-vc8-debug:os_time_win32.obj
 0002:0002ac50       _pj_time_encode            00486c50 f   pjlib-i386-win32-vc8-debug:os_time_win32.obj
 0002:0002ade0       _pj_list_erase             00486de0 f   pjlib-i386-win32-vc8-debug:list.obj
 0002:0002ae20       _pj_list_find_node         00486e20 f   pjlib-i386-win32-vc8-debug:list.obj
 0002:0002aec0       _pj_list_insert_after      00486ec0 f   pjlib-i386-win32-vc8-debug:list.obj
 0002:0002af10       _pj_list_insert_before     00486f10 f   pjlib-i386-win32-vc8-debug:list.obj
 0002:0002af40       _pj_list_insert_nodes_after 00486f40 f   pjlib-i386-win32-vc8-debug:list.obj
 0002:0002afa0       _pj_list_insert_nodes_before 00486fa0 f   pjlib-i386-win32-vc8-debug:list.obj
 0002:0002afd0       _pj_list_merge_first       00486fd0 f   pjlib-i386-win32-vc8-debug:list.obj
 0002:0002b040       _pj_list_merge_last        00487040 f   pjlib-i386-win32-vc8-debug:list.obj
 0002:0002b0b0       _pj_list_search            004870b0 f   pjlib-i386-win32-vc8-debug:list.obj
 0002:0002b120       _pj_list_size              00487120 f   pjlib-i386-win32-vc8-debug:list.obj
 0002:0002b480       _ioqueue_dispatch_exception_event 00487480 f   pjlib-i386-win32-vc8-debug:ioqueue_select.obj
 0002:0002b630       _ioqueue_dispatch_read_event 00487630 f   pjlib-i386-win32-vc8-debug:ioqueue_select.obj
 0002:0002ba10       _ioqueue_dispatch_write_event 00487a10 f   pjlib-i386-win32-vc8-debug:ioqueue_select.obj
 0002:0002c2b0       _pj_ioqueue_accept         004882b0 f   pjlib-i386-win32-vc8-debug:ioqueue_select.obj
 0002:0002c4e0       _pj_ioqueue_connect        004884e0 f   pjlib-i386-win32-vc8-debug:ioqueue_select.obj
 0002:0002c660       _pj_ioqueue_create         00488660 f   pjlib-i386-win32-vc8-debug:ioqueue_select.obj
 0002:0002c980       _pj_ioqueue_destroy        00488980 f   pjlib-i386-win32-vc8-debug:ioqueue_select.obj
 0002:0002cad0       _pj_ioqueue_get_user_data  00488ad0 f   pjlib-i386-win32-vc8-debug:ioqueue_select.obj
 0002:0002cb30       _pj_ioqueue_is_pending     00488b30 f   pjlib-i386-win32-vc8-debug:ioqueue_select.obj
 0002:0002cb70       _pj_ioqueue_lock_key       00488b70 f   pjlib-i386-win32-vc8-debug:ioqueue_select.obj
 0002:0002cbc0       _pj_ioqueue_name           00488bc0 f   pjlib-i386-win32-vc8-debug:ioqueue_select.obj
 0002:0002cbe0       _pj_ioqueue_op_key_init    00488be0 f   pjlib-i386-win32-vc8-debug:ioqueue_select.obj
 0002:0002cc10       _pj_ioqueue_poll           00488c10 f   pjlib-i386-win32-vc8-debug:ioqueue_select.obj
 0002:0002d300       _pj_ioqueue_post_completion 00489300 f   pjlib-i386-win32-vc8-debug:ioqueue_select.obj
 0002:0002d4c0       _pj_ioqueue_recv           004894c0 f   pjlib-i386-win32-vc8-debug:ioqueue_select.obj
 0002:0002d6c0       _pj_ioqueue_recvfrom       004896c0 f   pjlib-i386-win32-vc8-debug:ioqueue_select.obj
 0002:0002d8e0       _pj_ioqueue_register_sock  004898e0 f   pjlib-i386-win32-vc8-debug:ioqueue_select.obj
 0002:0002d920       _pj_ioqueue_register_sock2 00489920 f   pjlib-i386-win32-vc8-debug:ioqueue_select.obj
 0002:0002db90       _pj_ioqueue_send           00489b90 f   pjlib-i386-win32-vc8-debug:ioqueue_select.obj
 0002:0002ddf0       _pj_ioqueue_sendto         00489df0 f   pjlib-i386-win32-vc8-debug:ioqueue_select.obj
 0002:0002e0c0       _pj_ioqueue_set_concurrency 0048a0c0 f   pjlib-i386-win32-vc8-debug:ioqueue_select.obj
 0002:0002e180       _pj_ioqueue_set_default_concurrency 0048a180 f   pjlib-i386-win32-vc8-debug:ioqueue_select.obj
 0002:0002e1e0       _pj_ioqueue_set_lock       0048a1e0 f   pjlib-i386-win32-vc8-debug:ioqueue_select.obj
 0002:0002e280       _pj_ioqueue_set_user_data  0048a280 f   pjlib-i386-win32-vc8-debug:ioqueue_select.obj
 0002:0002e300       _pj_ioqueue_unlock_key     0048a300 f   pjlib-i386-win32-vc8-debug:ioqueue_select.obj
 0002:0002e350       _pj_ioqueue_unregister     0048a350 f   pjlib-i386-win32-vc8-debug:ioqueue_select.obj
 0002:0002e900       _pj_file_delete            0048a900 f   pjlib-i386-win32-vc8-debug:file_access_win32.obj
 0002:0002e9c0       _pj_file_exists            0048a9c0 f   pjlib-i386-win32-vc8-debug:file_access_win32.obj
 0002:0002ea60       _pj_file_getstat           0048aa60 f   pjlib-i386-win32-vc8-debug:file_access_win32.obj
 0002:0002ed30       _pj_file_move              0048ad30 f   pjlib-i386-win32-vc8-debug:file_access_win32.obj
 0002:0002ee10       _pj_file_size              0048ae10 f   pjlib-i386-win32-vc8-debug:file_access_win32.obj
 0002:0002ef30       _pj_file_close             0048af30 f   pjlib-i386-win32-vc8-debug:file_io_win32.obj
 0002:0002efb0       _pj_file_flush             0048afb0 f   pjlib-i386-win32-vc8-debug:file_io_win32.obj
 0002:0002f040       _pj_file_getpos            0048b040 f   pjlib-i386-win32-vc8-debug:file_io_win32.obj
 0002:0002f110       _pj_file_open              0048b110 f   pjlib-i386-win32-vc8-debug:file_io_win32.obj
 0002:0002f360       _pj_file_read              0048b360 f   pjlib-i386-win32-vc8-debug:file_io_win32.obj
 0002:0002f410       _pj_file_setpos            0048b410 f   pjlib-i386-win32-vc8-debug:file_io_win32.obj
 0002:0002f530       _pj_file_write             0048b530 f   pjlib-i386-win32-vc8-debug:file_io_win32.obj
 0002:0002f5e0       _pj_array_erase            0048b5e0 f   pjlib-i386-win32-vc8-debug:array.obj
 0002:0002f670       _pj_array_find             0048b670 f   pjlib-i386-win32-vc8-debug:array.obj
 0002:0002f6f0       _pj_array_insert           0048b6f0 f   pjlib-i386-win32-vc8-debug:array.obj
 0002:0002f810       _pj_exception_id_alloc     0048b810 f   pjlib-i386-win32-vc8-debug:except.obj
 0002:0002f890       _pj_exception_id_free      0048b890 f   pjlib-i386-win32-vc8-debug:except.obj
 0002:0002f920       _pj_exception_id_name      0048b920 f   pjlib-i386-win32-vc8-debug:except.obj
 0002:0002f9d0       _pj_pop_exception_handler_ 0048b9d0 f   pjlib-i386-win32-vc8-debug:except.obj
 0002:0002fa30       _pj_push_exception_handler_ 0048ba30 f   pjlib-i386-win32-vc8-debug:except.obj
 0002:0002fae0       _pj_throw_exception_       0048bae0 f   pjlib-i386-win32-vc8-debug:except.obj
 0002:00030250       _pj_grp_lock_acquire       0048c250 f   pjlib-i386-win32-vc8-debug:lock.obj
 0002:00030280       _pj_grp_lock_add_handler   0048c280 f   pjlib-i386-win32-vc8-debug:lock.obj
 0002:00030310       _pj_grp_lock_add_ref       0048c310 f   pjlib-i386-win32-vc8-debug:lock.obj
 0002:00030340       _pj_grp_lock_chain_lock    0048c340 f   pjlib-i386-win32-vc8-debug:lock.obj
 0002:00030430       _pj_grp_lock_config_default 0048c430 f   pjlib-i386-win32-vc8-debug:lock.obj
 0002:00030460       _pj_grp_lock_create        0048c460 f   pjlib-i386-win32-vc8-debug:lock.obj
 0002:00030640       _pj_grp_lock_dec_ref       0048c640 f   pjlib-i386-win32-vc8-debug:lock.obj
 0002:00030670       _pj_grp_lock_del_handler   0048c670 f   pjlib-i386-win32-vc8-debug:lock.obj
 0002:00030710       _pj_grp_lock_destroy       0048c710 f   pjlib-i386-win32-vc8-debug:lock.obj
 0002:00030740       _pj_grp_lock_dump          0048c740 f   pjlib-i386-win32-vc8-debug:lock.obj
 0002:00030760       _pj_grp_lock_get_ref       0048c760 f   pjlib-i386-win32-vc8-debug:lock.obj
 0002:00030790       _pj_grp_lock_release       0048c790 f   pjlib-i386-win32-vc8-debug:lock.obj
 0002:000307c0       _pj_grp_lock_replace       0048c7c0 f   pjlib-i386-win32-vc8-debug:lock.obj
 0002:00030870       _pj_grp_lock_tryacquire    0048c870 f   pjlib-i386-win32-vc8-debug:lock.obj
 0002:000308a0       _pj_grp_lock_unchain_lock  0048c8a0 f   pjlib-i386-win32-vc8-debug:lock.obj
 0002:000309d0       _pj_lock_acquire           0048c9d0 f   pjlib-i386-win32-vc8-debug:lock.obj
 0002:00030a40       _pj_lock_create_null_mutex 0048ca40 f   pjlib-i386-win32-vc8-debug:lock.obj
 0002:00030aa0       _pj_lock_create_recursive_mutex 0048caa0 f   pjlib-i386-win32-vc8-debug:lock.obj
 0002:00030ad0       _pj_lock_create_semaphore  0048cad0 f   pjlib-i386-win32-vc8-debug:lock.obj
 0002:00030bc0       _pj_lock_create_simple_mutex 0048cbc0 f   pjlib-i386-win32-vc8-debug:lock.obj
 0002:00030bf0       _pj_lock_destroy           0048cbf0 f   pjlib-i386-win32-vc8-debug:lock.obj
 0002:00030c60       _pj_lock_release           0048cc60 f   pjlib-i386-win32-vc8-debug:lock.obj
 0002:00030cd0       _pj_lock_tryacquire        0048ccd0 f   pjlib-i386-win32-vc8-debug:lock.obj
 0002:00030da0       _pj_get_timestamp          0048cda0 f   pjlib-i386-win32-vc8-debug:os_timestamp_win32.obj
 0002:00030e30       _pj_get_timestamp_freq     0048ce30 f   pjlib-i386-win32-vc8-debug:os_timestamp_win32.obj
 0002:00031060       _pj_elapsed_cycle          0048d060 f   pjlib-i386-win32-vc8-debug:os_timestamp_common.obj
 0002:00031080       _pj_elapsed_msec           0048d080 f   pjlib-i386-win32-vc8-debug:os_timestamp_common.obj
 0002:000310c0       _pj_elapsed_msec64         0048d0c0 f   pjlib-i386-win32-vc8-debug:os_timestamp_common.obj
 0002:00031100       _pj_elapsed_nanosec        0048d100 f   pjlib-i386-win32-vc8-debug:os_timestamp_common.obj
 0002:000311c0       _pj_elapsed_time           0048d1c0 f   pjlib-i386-win32-vc8-debug:os_timestamp_common.obj
 0002:000312a0       _pj_elapsed_usec           0048d2a0 f   pjlib-i386-win32-vc8-debug:os_timestamp_common.obj
 0002:000312e0       _pj_gettickcount           0048d2e0 f   pjlib-i386-win32-vc8-debug:os_timestamp_common.obj
 0002:000314c0       _pj_GUID_STRING_LENGTH     0048d4c0 f   pjlib-i386-win32-vc8-debug:guid_win32.obj
 0002:000314e0       _pj_generate_unique_string 0048d4e0 f   pjlib-i386-win32-vc8-debug:guid_win32.obj
 0002:00031550       _pj_dump_config            0048d550 f   pjlib-i386-win32-vc8-debug:config.obj
 0002:00031b30       _pj_get_version            0048db30 f   pjlib-i386-win32-vc8-debug:config.obj
 0002:00031b50       _pj_get_netos_error        0048db50 f   pjlib-i386-win32-vc8-debug:os_error_win32.obj
 0002:00031ba0       _pj_get_os_error           0048dba0 f   pjlib-i386-win32-vc8-debug:os_error_win32.obj
 0002:00031c20       _pj_set_netos_error        0048dc20 f   pjlib-i386-win32-vc8-debug:os_error_win32.obj
 0002:00031c70       _pj_set_os_error           0048dc70 f   pjlib-i386-win32-vc8-debug:os_error_win32.obj
 0002:00031cc0       _platform_strerror         0048dcc0 f   pjlib-i386-win32-vc8-debug:os_error_win32.obj
 0002:00031ec0       _pj_pool_create_on_buf     0048dec0 f   pjlib-i386-win32-vc8-debug:pool_buf.obj
 0002:00032130       _pj_log_write              0048e130 f   pjlib-i386-win32-vc8-debug:log_writer_stdout.obj
 0002:00032be0       _pj_enum_ip_interface      0048ebe0 f   pjlib-i386-win32-vc8-debug:ip_helper_win32.obj
 0002:00032d40       _pj_enum_ip_route          0048ed40 f   pjlib-i386-win32-vc8-debug:ip_helper_win32.obj
 0002:000331b0       _pj_getaddrinfo            0048f1b0 f   pjlib-i386-win32-vc8-debug:addr_resolv_sock.obj
 0002:00033510       _pj_gethostbyname          0048f510 f   pjlib-i386-win32-vc8-debug:addr_resolv_sock.obj
 0002:000336a0       _pj_rand                   0048f6a0 f   pjlib-i386-win32-vc8-debug:rand.obj
 0002:000336e0       _pj_srand                  0048f6e0 f   pjlib-i386-win32-vc8-debug:rand.obj
 0002:00033760       _pj_time_val_normalize     0048f760 f   pjlib-i386-win32-vc8-debug:types.obj
 0002:000338a0       _PJ_FD_CLR                 0048f8a0 f   pjlib-i386-win32-vc8-debug:sock_select.obj
 0002:000339f0       _PJ_FD_COUNT               0048f9f0 f   pjlib-i386-win32-vc8-debug:sock_select.obj
 0002:00033a20       _PJ_FD_ISSET               0048fa20 f   pjlib-i386-win32-vc8-debug:sock_select.obj
 0002:00033a80       _PJ_FD_SET                 0048fa80 f   pjlib-i386-win32-vc8-debug:sock_select.obj
 0002:00033bc0       _PJ_FD_ZERO                0048fbc0 f   pjlib-i386-win32-vc8-debug:sock_select.obj
 0002:00033c20       _pj_sock_select            0048fc20 f   pjlib-i386-win32-vc8-debug:sock_select.obj
 0002:000344a0       _speex_echo_cancel         004904a0 f   libspeex-i386-win32-vc8-debug:mdf.obj
 0002:000344e0       _speex_echo_cancellation   004904e0 f   libspeex-i386-win32-vc8-debug:mdf.obj
 0002:00036250       _speex_echo_capture        00492250 f   libspeex-i386-win32-vc8-debug:mdf.obj
 0002:000363f0       _speex_echo_ctl            004923f0 f   libspeex-i386-win32-vc8-debug:mdf.obj
 0002:00036580       _speex_echo_get_residual   00492580 f   libspeex-i386-win32-vc8-debug:mdf.obj
 0002:000366e0       _speex_echo_playback       004926e0 f   libspeex-i386-win32-vc8-debug:mdf.obj
 0002:000368b0       _speex_echo_state_destroy  004928b0 f   libspeex-i386-win32-vc8-debug:mdf.obj
 0002:00036aa0       _speex_echo_state_init     00492aa0 f   libspeex-i386-win32-vc8-debug:mdf.obj
 0002:000372f0       _speex_echo_state_reset    004932f0 f   libspeex-i386-win32-vc8-debug:mdf.obj
 0002:000385d0       _speex_preprocess          004945d0 f   libspeex-i386-win32-vc8-debug:preprocess.obj
 0002:00038600       _speex_preprocess_ctl      00494600 f   libspeex-i386-win32-vc8-debug:preprocess.obj
 0002:00039010       _speex_preprocess_estimate_update 00495010 f   libspeex-i386-win32-vc8-debug:preprocess.obj
 0002:00039250       _speex_preprocess_run      00495250 f   libspeex-i386-win32-vc8-debug:preprocess.obj
 0002:0003aa50       _speex_preprocess_state_destroy 00496a50 f   libspeex-i386-win32-vc8-debug:preprocess.obj
 0002:0003ac60       _speex_preprocess_state_init 00496c60 f   libspeex-i386-win32-vc8-debug:preprocess.obj
 0002:0003bad0       _spx_fft                   00497ad0 f   libspeex-i386-win32-vc8-debug:fftwrap.obj
 0002:0003bc10       _spx_fft_destroy           00497c10 f   libspeex-i386-win32-vc8-debug:fftwrap.obj
 0002:0003bc50       _spx_fft_float             00497c50 f   libspeex-i386-win32-vc8-debug:fftwrap.obj
 0002:0003bc80       _spx_fft_init              00497c80 f   libspeex-i386-win32-vc8-debug:fftwrap.obj
 0002:0003bcc0       _spx_ifft                  00497cc0 f   libspeex-i386-win32-vc8-debug:fftwrap.obj
 0002:0003bd60       _spx_ifft_float            00497d60 f   libspeex-i386-win32-vc8-debug:fftwrap.obj
 0002:0003bd90       _filterbank_compute_bank   00497d90 f   libspeex-i386-win32-vc8-debug:filterbank.obj
 0002:0003bf00       _filterbank_compute_bank32 00497f00 f   libspeex-i386-win32-vc8-debug:filterbank.obj
 0002:0003c020       _filterbank_compute_psd    00498020 f   libspeex-i386-win32-vc8-debug:filterbank.obj
 0002:0003c0f0       _filterbank_compute_psd16  004980f0 f   libspeex-i386-win32-vc8-debug:filterbank.obj
 0002:0003c1c0       _filterbank_destroy        004981c0 f   libspeex-i386-win32-vc8-debug:filterbank.obj
 0002:0003c240       _filterbank_new            00498240 f   libspeex-i386-win32-vc8-debug:filterbank.obj
 0002:0003c780       _filterbank_psy_smooth     00498780 f   libspeex-i386-win32-vc8-debug:filterbank.obj
 0002:00041720       _spx_drft_backward         0049d720 f   libspeex-i386-win32-vc8-debug:smallft.obj
 0002:00041780       _spx_drft_clear            0049d780 f   libspeex-i386-win32-vc8-debug:smallft.obj
 0002:000417e0       _spx_drft_forward          0049d7e0 f   libspeex-i386-win32-vc8-debug:smallft.obj
 0002:00041840       _spx_drft_init             0049d840 f   libspeex-i386-win32-vc8-debug:smallft.obj
 0002:000418c0       _crypto_get_random         0049d8c0 f   libsrtp-i386-win32-vc8-debug:crypto_kernel.obj
 0002:00041900       _crypto_kernel_alloc_auth  0049d900 f   libsrtp-i386-win32-vc8-debug:crypto_kernel.obj
 0002:00041970       _crypto_kernel_alloc_cipher 0049d970 f   libsrtp-i386-win32-vc8-debug:crypto_kernel.obj
 0002:000419e0       _crypto_kernel_get_auth_type 0049d9e0 f   libsrtp-i386-win32-vc8-debug:crypto_kernel.obj
 0002:00041a30       _crypto_kernel_get_cipher_type 0049da30 f   libsrtp-i386-win32-vc8-debug:crypto_kernel.obj
 0002:00041a80       _crypto_kernel_init        0049da80 f   libsrtp-i386-win32-vc8-debug:crypto_kernel.obj
 0002:00041cf0       _crypto_kernel_list_debug_modules 0049dcf0 f   libsrtp-i386-win32-vc8-debug:crypto_kernel.obj
 0002:00041d90       _crypto_kernel_load_auth_type 0049dd90 f   libsrtp-i386-win32-vc8-debug:crypto_kernel.obj
 0002:00041e90       _crypto_kernel_load_cipher_type 0049de90 f   libsrtp-i386-win32-vc8-debug:crypto_kernel.obj
 0002:00041f90       _crypto_kernel_load_debug_module 0049df90 f   libsrtp-i386-win32-vc8-debug:crypto_kernel.obj
 0002:00042050       _crypto_kernel_set_debug_module 0049e050 f   libsrtp-i386-win32-vc8-debug:crypto_kernel.obj
 0002:000420c0       _crypto_kernel_shutdown    0049e0c0 f   libsrtp-i386-win32-vc8-debug:crypto_kernel.obj
 0002:00042230       _crypto_kernel_status      0049e230 f   libsrtp-i386-win32-vc8-debug:crypto_kernel.obj
 0002:000424b0       _srtp_event_reporter       0049e4b0 f   libsrtp-i386-win32-vc8-debug:srtp.obj
 0002:00042580       _append_salt_to_key        0049e580 f   libsrtp-i386-win32-vc8-debug:srtp.obj
 0002:00042610       _crypto_policy_set_aes_cm_128_hmac_sha1_32 0049e610 f   libsrtp-i386-win32-vc8-debug:srtp.obj
 0002:00042670       _crypto_policy_set_aes_cm_128_null_auth 0049e670 f   libsrtp-i386-win32-vc8-debug:srtp.obj
 0002:000426d0       _crypto_policy_set_from_profile_for_rtcp 0049e6d0 f   libsrtp-i386-win32-vc8-debug:srtp.obj
 0002:00042750       _crypto_policy_set_from_profile_for_rtp 0049e750 f   libsrtp-i386-win32-vc8-debug:srtp.obj
 0002:000427d0       _crypto_policy_set_null_cipher_hmac_sha1_80 0049e7d0 f   libsrtp-i386-win32-vc8-debug:srtp.obj
 0002:00042830       _crypto_policy_set_rtcp_default 0049e830 f   libsrtp-i386-win32-vc8-debug:srtp.obj
 0002:00042890       _crypto_policy_set_rtp_default 0049e890 f   libsrtp-i386-win32-vc8-debug:srtp.obj
 0002:000428f0       _srtp_add_stream           0049e8f0 f   libsrtp-i386-win32-vc8-debug:srtp.obj
 0002:00042a50       _srtp_create               0049ea50 f   libsrtp-i386-win32-vc8-debug:srtp.obj
 0002:00042b10       _srtp_dealloc              0049eb10 f   libsrtp-i386-win32-vc8-debug:srtp.obj
 0002:00042ca0       _srtp_deinit               0049eca0 f   libsrtp-i386-win32-vc8-debug:srtp.obj
 0002:00042cd0       _srtp_get_stream           0049ecd0 f   libsrtp-i386-win32-vc8-debug:srtp.obj
 0002:00042d20       _srtp_init                 0049ed20 f   libsrtp-i386-win32-vc8-debug:srtp.obj
 0002:00042d70       _srtp_install_event_handler 0049ed70 f   libsrtp-i386-win32-vc8-debug:srtp.obj
 0002:00042d90       _srtp_kdf_clear            0049ed90 f   libsrtp-i386-win32-vc8-debug:srtp.obj
 0002:00042dc0       _srtp_kdf_generate         0049edc0 f   libsrtp-i386-win32-vc8-debug:srtp.obj
 0002:00042e80       _srtp_kdf_init             0049ee80 f   libsrtp-i386-win32-vc8-debug:srtp.obj
 0002:00042eb0       _srtp_profile_get_master_key_length 0049eeb0 f   libsrtp-i386-win32-vc8-debug:srtp.obj
 0002:00042f10       _srtp_profile_get_master_salt_length 0049ef10 f   libsrtp-i386-win32-vc8-debug:srtp.obj
 0002:00042f70       _srtp_protect              0049ef70 f   libsrtp-i386-win32-vc8-debug:srtp.obj
 0002:000436f0       _srtp_protect_rtcp         0049f6f0 f   libsrtp-i386-win32-vc8-debug:srtp.obj
 0002:00043c40       _srtp_remove_stream        0049fc40 f   libsrtp-i386-win32-vc8-debug:srtp.obj
 0002:00043cf0       _srtp_stream_alloc         0049fcf0 f   libsrtp-i386-win32-vc8-debug:srtp.obj
 0002:00043fb0       _srtp_stream_clone         0049ffb0 f   libsrtp-i386-win32-vc8-debug:srtp.obj
 0002:00044100       _srtp_stream_dealloc       004a0100 f   libsrtp-i386-win32-vc8-debug:srtp.obj
 0002:000442b0       _srtp_stream_init          004a02b0 f   libsrtp-i386-win32-vc8-debug:srtp.obj
 0002:000443b0       _srtp_stream_init_keys     004a03b0 f   libsrtp-i386-win32-vc8-debug:srtp.obj
 0002:000448e0       _srtp_unprotect            004a08e0 f   libsrtp-i386-win32-vc8-debug:srtp.obj
 0002:000450c0       _srtp_unprotect_rtcp       004a10c0 f   libsrtp-i386-win32-vc8-debug:srtp.obj
 0002:000456c0       _crypto_alloc              004a16c0 f   libsrtp-i386-win32-vc8-debug:alloc.obj
 0002:00045750       _crypto_free               004a1750 f   libsrtp-i386-win32-vc8-debug:alloc.obj
 0002:000457a0       _err_report                004a17a0 f   libsrtp-i386-win32-vc8-debug:srtp_err.obj
 0002:00045800       _err_reporting_init        004a1800 f   libsrtp-i386-win32-vc8-debug:srtp_err.obj
 0002:00045820       _err_reporting_set_level   004a1820 f   libsrtp-i386-win32-vc8-debug:srtp_err.obj
 0002:00045840       _rand_source_deinit        004a1840 f   libsrtp-i386-win32-vc8-debug:rand_source.obj
 0002:00045870       _rand_source_get_octet_string 004a1870 f   libsrtp-i386-win32-vc8-debug:rand_source.obj
 0002:000458d0       _rand_source_init          004a18d0 f   libsrtp-i386-win32-vc8-debug:rand_source.obj
 0002:00045910       _cipher_bits_per_second    004a1910 f   libsrtp-i386-win32-vc8-debug:cipher.obj
 0002:00045ad0       _cipher_get_key_length     004a1ad0 f   libsrtp-i386-win32-vc8-debug:cipher.obj
 0002:00045af0       _cipher_output             004a1af0 f   libsrtp-i386-win32-vc8-debug:cipher.obj
 0002:00045b40       _cipher_type_self_test     004a1b40 f   libsrtp-i386-win32-vc8-debug:cipher.obj
 0002:00046a60       _ctr_prng_deinit           004a2a60 f   libsrtp-i386-win32-vc8-debug:ctr_prng.obj
 0002:00046a80       _ctr_prng_get_octet_string 004a2a80 f   libsrtp-i386-win32-vc8-debug:ctr_prng.obj
 0002:00046b10       _ctr_prng_init             004a2b10 f   libsrtp-i386-win32-vc8-debug:ctr_prng.obj
 0002:00046ba0       _auth_get_key_length       004a2ba0 f   libsrtp-i386-win32-vc8-debug:auth.obj
 0002:00046bc0       _auth_get_prefix_length    004a2bc0 f   libsrtp-i386-win32-vc8-debug:auth.obj
 0002:00046be0       _auth_get_tag_length       004a2be0 f   libsrtp-i386-win32-vc8-debug:auth.obj
 0002:00046c00       _auth_type_get_ref_count   004a2c00 f   libsrtp-i386-win32-vc8-debug:auth.obj
 0002:00046c20       _auth_type_self_test       004a2c20 f   libsrtp-i386-win32-vc8-debug:auth.obj
 0002:00047000       _stat_test_monobit         004a3000 f   libsrtp-i386-win32-vc8-debug:stat.obj
 0002:000470c0       _stat_test_poker           004a30c0 f   libsrtp-i386-win32-vc8-debug:stat.obj
 0002:000472d0       _stat_test_rand_source     004a32d0 f   libsrtp-i386-win32-vc8-debug:stat.obj
 0002:00047b00       _stat_test_rand_source_with_repetition 004a3b00 f   libsrtp-i386-win32-vc8-debug:stat.obj
 0002:00047b90       _stat_test_runs            004a3b90 f   libsrtp-i386-win32-vc8-debug:stat.obj
 0002:00048060       _null_cipher_init          004a4060 f   libsrtp-i386-win32-vc8-debug:null_cipher.obj
 0002:000480a0       _null_cipher_encrypt       004a40a0 f   libsrtp-i386-win32-vc8-debug:null_cipher.obj
 0002:000480c0       _null_cipher_alloc         004a40c0 f   libsrtp-i386-win32-vc8-debug:null_cipher.obj
 0002:00048170       _null_cipher_dealloc       004a4170 f   libsrtp-i386-win32-vc8-debug:null_cipher.obj
 0002:000481c0       _null_cipher_set_iv        004a41c0 f   libsrtp-i386-win32-vc8-debug:null_cipher.obj
 0002:000481e0       _aes_icm_context_init      004a41e0 f   libsrtp-i386-win32-vc8-debug:aes_icm.obj
 0002:00048340       _aes_icm_set_iv            004a4340 f   libsrtp-i386-win32-vc8-debug:aes_icm.obj
 0002:000484b0       _aes_icm_encrypt           004a44b0 f   libsrtp-i386-win32-vc8-debug:aes_icm.obj
 0002:000484e0       _aes_icm_dealloc           004a44e0 f   libsrtp-i386-win32-vc8-debug:aes_icm.obj
 0002:00048530       _aes_icm_alloc             004a4530 f   libsrtp-i386-win32-vc8-debug:aes_icm.obj
 0002:00048750       _aes_icm_alloc_ismacryp    004a4750 f   libsrtp-i386-win32-vc8-debug:aes_icm.obj
 0002:00048820       _aes_icm_encrypt_ismacryp  004a4820 f   libsrtp-i386-win32-vc8-debug:aes_icm.obj
 0002:00048e80       _aes_icm_output            004a4e80 f   libsrtp-i386-win32-vc8-debug:aes_icm.obj
 0002:00048ed0       _aes_icm_set_octet         004a4ed0 f   libsrtp-i386-win32-vc8-debug:aes_icm.obj
 0002:00049120       _aes_cbc_context_init      004a5120 f   libsrtp-i386-win32-vc8-debug:aes_cbc.obj
 0002:000491f0       _aes_cbc_set_iv            004a51f0 f   libsrtp-i386-win32-vc8-debug:aes_cbc.obj
 0002:00049290       _aes_cbc_nist_encrypt      004a5290 f   libsrtp-i386-win32-vc8-debug:aes_cbc.obj
 0002:00049360       _aes_cbc_nist_decrypt      004a5360 f   libsrtp-i386-win32-vc8-debug:aes_cbc.obj
 0002:00049400       _aes_cbc_alloc             004a5400 f   libsrtp-i386-win32-vc8-debug:aes_cbc.obj
 0002:000494d0       _aes_cbc_dealloc           004a54d0 f   libsrtp-i386-win32-vc8-debug:aes_cbc.obj
 0002:00049520       _aes_cbc_decrypt           004a5520 f   libsrtp-i386-win32-vc8-debug:aes_cbc.obj
 0002:00049730       _aes_cbc_encrypt           004a5730 f   libsrtp-i386-win32-vc8-debug:aes_cbc.obj
 0002:000498e0       _null_auth_alloc           004a58e0 f   libsrtp-i386-win32-vc8-debug:null_auth.obj
 0002:000499e0       _null_auth_dealloc         004a59e0 f   libsrtp-i386-win32-vc8-debug:null_auth.obj
 0002:00049a30       _null_auth_init            004a5a30 f   libsrtp-i386-win32-vc8-debug:null_auth.obj
 0002:00049a50       _null_auth_compute         004a5a50 f   libsrtp-i386-win32-vc8-debug:null_auth.obj
 0002:00049a70       _null_auth_update          004a5a70 f   libsrtp-i386-win32-vc8-debug:null_auth.obj
 0002:00049a90       _null_auth_start           004a5a90 f   libsrtp-i386-win32-vc8-debug:null_auth.obj
 0002:00049ab0       _hmac_alloc                004a5ab0 f   libsrtp-i386-win32-vc8-debug:hmac.obj
 0002:00049bd0       _hmac_dealloc              004a5bd0 f   libsrtp-i386-win32-vc8-debug:hmac.obj
 0002:00049c20       _hmac_init                 004a5c20 f   libsrtp-i386-win32-vc8-debug:hmac.obj
 0002:00049d80       _hmac_start                004a5d80 f   libsrtp-i386-win32-vc8-debug:hmac.obj
 0002:00049dc0       _hmac_update               004a5dc0 f   libsrtp-i386-win32-vc8-debug:hmac.obj
 0002:00049e30       _hmac_compute              004a5e30 f   libsrtp-i386-win32-vc8-debug:hmac.obj
 0002:00049fb0       _base64_char_to_sextet     004a5fb0 f   libsrtp-i386-win32-vc8-debug:datatypes.obj
 0002:0004a470       _base64_string_to_octet_string 004a6470 f   libsrtp-i386-win32-vc8-debug:datatypes.obj
 0002:0004a740       _hex_string_to_octet_string 004a6740 f   libsrtp-i386-win32-vc8-debug:datatypes.obj
 0002:0004a830       _is_hex_string             004a6830 f   libsrtp-i386-win32-vc8-debug:datatypes.obj
 0002:0004a890       _nibble_to_hex_char        004a6890 f   libsrtp-i386-win32-vc8-debug:datatypes.obj
 0002:0004a920       _octet_get_weight          004a6920 f   libsrtp-i386-win32-vc8-debug:datatypes.obj
 0002:0004a950       _octet_string_hex_string   004a6950 f   libsrtp-i386-win32-vc8-debug:datatypes.obj
 0002:0004aa40       _octet_string_is_eq        004a6a40 f   libsrtp-i386-win32-vc8-debug:datatypes.obj
 0002:0004aab0       _octet_string_set_to_zero  004a6ab0 f   libsrtp-i386-win32-vc8-debug:datatypes.obj
 0002:0004aaf0       _v128_bit_string           004a6af0 f   libsrtp-i386-win32-vc8-debug:datatypes.obj
 0002:0004abc0       _v128_copy_octet_string    004a6bc0 f   libsrtp-i386-win32-vc8-debug:datatypes.obj
 0002:0004ae10       _v128_hex_string           004a6e10 f   libsrtp-i386-win32-vc8-debug:datatypes.obj
 0002:0004aee0       _v128_left_shift           004a6ee0 f   libsrtp-i386-win32-vc8-debug:datatypes.obj
 0002:0004b090       _v128_right_shift          004a7090 f   libsrtp-i386-win32-vc8-debug:datatypes.obj
 0002:0004b250       _index_advance             004a7250 f   libsrtp-i386-win32-vc8-debug:rdbx.obj
 0002:0004b280       _index_guess               004a7280 f   libsrtp-i386-win32-vc8-debug:rdbx.obj
 0002:0004b3d0       _index_init                004a73d0 f   libsrtp-i386-win32-vc8-debug:rdbx.obj
 0002:0004b400       _rdbx_add_index            004a7400 f   libsrtp-i386-win32-vc8-debug:rdbx.obj
 0002:0004b4c0       _rdbx_check                004a74c0 f   libsrtp-i386-win32-vc8-debug:rdbx.obj
 0002:0004b530       _rdbx_estimate_index       004a7530 f   libsrtp-i386-win32-vc8-debug:rdbx.obj
 0002:0004b5a0       _rdbx_init                 004a75a0 f   libsrtp-i386-win32-vc8-debug:rdbx.obj
 0002:0004b630       _key_limit_check           004a7630 f   libsrtp-i386-win32-vc8-debug:key.obj
 0002:0004b660       _key_limit_clone           004a7660 f   libsrtp-i386-win32-vc8-debug:key.obj
 0002:0004b690       _key_limit_set             004a7690 f   libsrtp-i386-win32-vc8-debug:key.obj
 0002:0004b6f0       _key_limit_update          004a76f0 f   libsrtp-i386-win32-vc8-debug:key.obj
 0002:0004b7a0       _rdb_add_index             004a77a0 f   libsrtp-i386-win32-vc8-debug:rdb.obj
 0002:0004b870       _rdb_check                 004a7870 f   libsrtp-i386-win32-vc8-debug:rdb.obj
 0002:0004b8f0       _rdb_get_value             004a78f0 f   libsrtp-i386-win32-vc8-debug:rdb.obj
 0002:0004b910       _rdb_increment             004a7910 f   libsrtp-i386-win32-vc8-debug:rdb.obj
 0002:0004b960       _rdb_init                  004a7960 f   libsrtp-i386-win32-vc8-debug:rdb.obj
 0002:0004b9e0       _aes_decrypt               004a79e0 f   libsrtp-i386-win32-vc8-debug:aes.obj
 0002:0004bb70       _aes_encrypt               004a7b70 f   libsrtp-i386-win32-vc8-debug:aes.obj
 0002:0004bd00       _aes_expand_decryption_key 004a7d00 f   libsrtp-i386-win32-vc8-debug:aes.obj
 0002:0004c310       _aes_expand_encryption_key 004a8310 f   libsrtp-i386-win32-vc8-debug:aes.obj
 0002:0004d270       _sha1                      004a9270 f   libsrtp-i386-win32-vc8-debug:sha1.obj
 0002:0004d2e0       _sha1_core                 004a92e0 f   libsrtp-i386-win32-vc8-debug:sha1.obj
 0002:0004e340       _sha1_final                004aa340 f   libsrtp-i386-win32-vc8-debug:sha1.obj
 0002:0004f000       _sha1_init                 004ab000 f   libsrtp-i386-win32-vc8-debug:sha1.obj
 0002:0004f0a0       _sha1_update               004ab0a0 f   libsrtp-i386-win32-vc8-debug:sha1.obj
 0002:0004f230       _CoCreateGuid@4            004ab230 f   ole32:ole32.dll
 0002:0004f236       _WSAStartup@8              004ab236 f   ws2_32:WS2_32.dll
 0002:0004f23c       _WSACleanup@0              004ab23c f   ws2_32:WS2_32.dll
 0002:0004f242       _WSAGetLastError@0         004ab242 f   ws2_32:WS2_32.dll
 0002:0004f248       _accept@12                 004ab248 f   ws2_32:WS2_32.dll
 0002:0004f24e       _bind@12                   004ab24e f   ws2_32:WS2_32.dll
 0002:0004f254       _closesocket@4             004ab254 f   ws2_32:WS2_32.dll
 0002:0004f25a       _connect@12                004ab25a f   ws2_32:WS2_32.dll
 0002:0004f260       _getpeername@12            004ab260 f   ws2_32:WS2_32.dll
 0002:0004f266       _getsockname@12            004ab266 f   ws2_32:WS2_32.dll
 0002:0004f26c       _getsockopt@20             004ab26c f   ws2_32:WS2_32.dll
 0002:0004f272       _htonl@4                   004ab272 f   ws2_32:WS2_32.dll
 0002:0004f278       _htons@4                   004ab278 f   ws2_32:WS2_32.dll
 0002:0004f27e       _inet_addr@4               004ab27e f   ws2_32:WS2_32.dll
 0002:0004f284       _inet_ntoa@4               004ab284 f   ws2_32:WS2_32.dll
 0002:0004f28a       _listen@8                  004ab28a f   ws2_32:WS2_32.dll
 0002:0004f290       _ntohl@4                   004ab290 f   ws2_32:WS2_32.dll
 0002:0004f296       _ntohs@4                   004ab296 f   ws2_32:WS2_32.dll
 0002:0004f29c       _recv@16                   004ab29c f   ws2_32:WS2_32.dll
 0002:0004f2a2       _recvfrom@24               004ab2a2 f   ws2_32:WS2_32.dll
 0002:0004f2a8       _send@16                   004ab2a8 f   ws2_32:WS2_32.dll
 0002:0004f2ae       _sendto@24                 004ab2ae f   ws2_32:WS2_32.dll
 0002:0004f2b4       _setsockopt@20             004ab2b4 f   ws2_32:WS2_32.dll
 0002:0004f2ba       _shutdown@8                004ab2ba f   ws2_32:WS2_32.dll
 0002:0004f2c0       _gethostname@8             004ab2c0 f   ws2_32:WS2_32.dll
 0002:0004f2c6       _WSAIoctl@36               004ab2c6 f   ws2_32:WS2_32.dll
 0002:0004f2cc       _WSASocketA@24             004ab2cc f   ws2_32:WS2_32.dll
 0002:0004f2d2       _WSAAddressToStringA@20    004ab2d2 f   ws2_32:WS2_32.dll
 0002:0004f2d8       _WSAStringToAddressA@20    004ab2d8 f   ws2_32:WS2_32.dll
 0002:0004f2de       _ioctlsocket@12            004ab2de f   ws2_32:WS2_32.dll
 0002:0004f2e4       _WSASetLastError@4         004ab2e4 f   ws2_32:WS2_32.dll
 0002:0004f2ea       _gethostbyname@4           004ab2ea f   ws2_32:WS2_32.dll
 0002:0004f2f0       ___WSAFDIsSet@8            004ab2f0 f   ws2_32:WS2_32.dll
 0002:0004f2f6       _select@20                 004ab2f6 f   ws2_32:WS2_32.dll
 0002:0004f300       ___initstdio               004ab300 f   LIBCMTD:_file.obj
 0002:0004f400       ___endstdio                004ab400 f   LIBCMTD:_file.obj
 0002:0004f450       ___iob_func                004ab450 f   LIBCMTD:_file.obj
 0002:0004f460       __lock_file                004ab460 f   LIBCMTD:_file.obj
 0002:0004f4d0       __lock_file2               004ab4d0 f   LIBCMTD:_file.obj
 0002:0004f520       __unlock_file              004ab520 f   LIBCMTD:_file.obj
 0002:0004f590       __unlock_file2             004ab590 f   LIBCMTD:_file.obj
 0002:0004f5e0       _fgets                     004ab5e0 f   LIBCMTD:fgets.obj
 0002:0004faa0       __get_printf_count_output  004abaa0 f   LIBCMTD:printf.obj
 0002:0004fae0       __printf_l                 004abae0 f   LIBCMTD:printf.obj
 0002:0004fb10       __printf_p                 004abb10 f   LIBCMTD:printf.obj
 0002:0004fb40       __printf_p_l               004abb40 f   LIBCMTD:printf.obj
 0002:0004fb70       __printf_s_l               004abb70 f   LIBCMTD:printf.obj
 0002:0004fba0       __set_printf_count_output  004abba0 f   LIBCMTD:printf.obj
 0002:0004fc10       _printf                    004abc10 f   LIBCMTD:printf.obj
 0002:0004fde0       _printf_s                  004abde0 f   LIBCMTD:printf.obj
 0002:0004fe10       _puts                      004abe10 f   LIBCMTD:puts.obj
 0002:00050210       ??0_LocaleUpdate@@QAE@PAUlocaleinfo_struct@@@Z 004ac210 f i LIBCMTD:strtol.obj
 0002:00050320       ??1_LocaleUpdate@@QAE@XZ   004ac320 f i LIBCMTD:strtol.obj
 0002:00050360       ?GetLocaleT@_LocaleUpdate@@QAEPAUlocaleinfo_struct@@XZ 004ac360 f i LIBCMTD:strtol.obj
 0002:000509b0       __strtol_l                 004ac9b0 f   LIBCMTD:strtol.obj
 0002:000509e0       __strtoul_l                004ac9e0 f   LIBCMTD:strtol.obj
 0002:00050a10       _strtol                    004aca10 f   LIBCMTD:strtol.obj
 0002:00050a70       _strtoul                   004aca70 f   LIBCMTD:strtol.obj
 0002:00050ad0       __invoke_watson_if_error   004acad0 f i LIBCMTD:wassert.obj
 0002:00050b00       __wassert                  004acb00 f   LIBCMTD:wassert.obj
 0002:00051a50       @__security_check_cookie@4 004ada50 f   LIBCMTD:secchk.obj
 0002:00051a70       __allmul                   004ada70 f   LIBCMTD:llmul.obj
 0002:00051ac0       __aulldiv                  004adac0 f   LIBCMTD:ulldiv.obj
 0002:00051e40       _mainCRTStartup            004ade40 f   LIBCMTD:crt0.obj
 0002:00051e60       _memset                    004ade60 f   LIBCMTD:memset.obj
 0002:00051f20       __snprintf                 004adf20 f   LIBCMTD:snprintf.obj
 0002:00052170       __snprintf_l               004ae170 f   LIBCMTD:snprintf.obj
 0002:000521b0       __scprintf                 004ae1b0 f   LIBCMTD:sprintf.obj
 0002:000521e0       __scprintf_l               004ae1e0 f   LIBCMTD:sprintf.obj
 0002:00052210       __scprintf_p               004ae210 f   LIBCMTD:sprintf.obj
 0002:00052240       __scprintf_p_l             004ae240 f   LIBCMTD:sprintf.obj
 0002:00052270       __snprintf_s               004ae270 f   LIBCMTD:sprintf.obj
 0002:000522b0       __snprintf_s_l             004ae2b0 f   LIBCMTD:sprintf.obj
 0002:000522f0       __sprintf_l                004ae2f0 f   LIBCMTD:sprintf.obj
 0002:00052320       __sprintf_p                004ae320 f   LIBCMTD:sprintf.obj
 0002:00052360       __sprintf_p_l              004ae360 f   LIBCMTD:sprintf.obj
 0002:000523a0       __sprintf_s_l              004ae3a0 f   LIBCMTD:sprintf.obj
 0002:000523e0       _sprintf                   004ae3e0 f   LIBCMTD:sprintf.obj
 0002:00052610       _sprintf_s                 004ae610 f   LIBCMTD:sprintf.obj
 0002:00052650       _memcpy                    004ae650 f   LIBCMTD:memcpy.obj
 0002:00052e30       __alldiv                   004aee30 f   LIBCMTD:lldiv.obj
 0002:00052f10       ___ascii_stricmp           004aef10 f   LIBCMTD:stricmp.obj
 0002:00052fb0       __stricmp                  004aefb0 f   LIBCMTD:stricmp.obj
 0002:00053130       __stricmp_l                004af130 f   LIBCMTD:stricmp.obj
 0002:00053380       _strlen                    004af380 f   LIBCMTD:strlen.obj
 0002:00053430       ___isascii                 004af430 f i LIBCMTD:_ctype.obj
 0002:00053460       ___iscsym                  004af460 f i LIBCMTD:_ctype.obj
 0002:000534b0       ___iscsymf                 004af4b0 f i LIBCMTD:_ctype.obj
 0002:000534f0       ___toascii                 004af4f0 f i LIBCMTD:_ctype.obj
 0002:00053500       __isalnum_l                004af500 f i LIBCMTD:_ctype.obj
 0002:000535a0       __isalpha_l                004af5a0 f i LIBCMTD:_ctype.obj
 0002:00053640       __isblank_l                004af640 f i LIBCMTD:_ctype.obj
 0002:00053700       __iscntrl_l                004af700 f i LIBCMTD:_ctype.obj
 0002:000537a0       __iscsym_l                 004af7a0 f i LIBCMTD:_ctype.obj
[...]
 0004:00008348       ___wargv                   00557348     LIBCMTD:crt0dat.obj
 0004:0000834c       __environ                  0055734c     LIBCMTD:crt0dat.obj
 0004:00008350       __wenviron                 00557350     LIBCMTD:crt0dat.obj
 0004:00008354       __pgmptr                   00557354     LIBCMTD:crt0dat.obj
 0004:00008358       __wpgmptr                  00557358     LIBCMTD:crt0dat.obj
 0004:0000835c       __C_Exit_Done              0055735c     LIBCMTD:crt0dat.obj
 0004:00008530       ___crtDebugCheckCount      00557530     LIBCMTD:dbgheap.obj
 0004:00008538       ?_pfnDumpClient@@3P6AXPAXI@ZA 00557538     LIBCMTD:dbgheap.obj
 0004:0000855c       ___pInvalidArgHandler      0055755c     LIBCMTD:invarg.obj
 0004:00008560       ___pioinfo                 00557560     LIBCMTD:ioinit.obj
 0004:00008694       __stdbuf                   00557694     LIBCMTD:_sftbuf.obj
 0004:000086a0       ___mbcodepage              005576a0     LIBCMTD:mbctype.obj
 0004:000086a4       ___ismbcodepage            005576a4     LIBCMTD:mbctype.obj
 0004:000086a8       ___mbulinfo                005576a8     LIBCMTD:mbctype.obj
 0004:000086b4       ___mblocalename            005576b4     LIBCMTD:mbctype.obj
 0004:000086c4       ___locale_changed          005576c4     LIBCMTD:wsetloca.obj
 0004:000086c8       ___error_mode              005576c8     LIBCMTD:errmode.obj
 0004:00008700       ___app_type                00557700     LIBCMTD:crt0msg.obj
 0004:00008e6c       __crtheap                  00557e6c     LIBCMTD:heapinit.obj
 0004:00008fac       ___isa_available           00557fac     LIBCMTD:cpu_disp.obj
 0004:00008fb0       ___favor                   00557fb0     LIBCMTD:cpu_disp.obj
 0004:00008fb8       __newmode                  00557fb8     LIBCMTD:_newmode.obj
 0004:00008fc0       ?__pInconsistency@@3P6AXXZA 00557fc0     LIBCMTD:hooks.obj
 0004:00008fc4       ?_pnhHeap@@3P6AHI@ZA       00557fc4     LIBCMTD:handler.obj
 0004:00008fc8       ___pPurecall               00557fc8     LIBCMTD:inithelp.obj
 0004:00008fd0       ___lconv_static_null       00557fd0     LIBCMTD:lconv.obj
 0004:00008fd4       ___lconv_static_W_null     00557fd4     LIBCMTD:lconv.obj
 0004:00008fd8       ?g_OutOfMemoryExceptionCallback@@3P6GPAXXZA 00557fd8     LIBCMTD:frame.obj
 0004:00008fe0       __outputformat             00557fe0     LIBCMTD:outputformat.obj
 0004:00008ff0       ?pArgList@UnDecorator@@0PAVReplicator@@A 00557ff0     LIBCMTD:undname.obj
 0004:00008ff4       ?pZNameList@UnDecorator@@0PAVReplicator@@A 00557ff4     LIBCMTD:undname.obj
 0004:00008ff8       ?pTemplateArgList@UnDecorator@@0PAVReplicator@@A 00557ff8     LIBCMTD:undname.obj
 0004:00008ffc       ?gName@UnDecorator@@0PBDB  00557ffc     LIBCMTD:undname.obj
 0004:00009000       ?name@UnDecorator@@0PBDB   00558000     LIBCMTD:undname.obj
 0004:00009004       ?outputString@UnDecorator@@0PADA 00558004     LIBCMTD:undname.obj
 0004:00009008       ?maxStringLength@UnDecorator@@0HA 00558008     LIBCMTD:undname.obj
 0004:0000900c       ?disableFlags@UnDecorator@@0KA 0055800c     LIBCMTD:undname.obj
 0004:00009010       ?fExplicitTemplateParams@UnDecorator@@0_NA 00558010     LIBCMTD:undname.obj
 0004:00009011       ?fGetTemplateArgumentList@UnDecorator@@0_NA 00558011     LIBCMTD:undname.obj
 0004:00009014       ?m_pGetParameter@UnDecorator@@0P6APADJ@ZA 00558014     LIBCMTD:undname.obj
 0004:00009098       ?nodes@?1??make@DNameStatusNode@@SAPAV2@W4DNameStatus@@@Z@4PAV2@A 00558098     LIBCMTD:undname.obj
 0004:000090d4       ??_B?1??make@DNameStatusNode@@SAPAV1@W4DNameStatus@@@Z@51 005580d4     LIBCMTD:undname.obj
 0004:000096b4       _PJ_NO_MEMORY_EXCEPTION    005586b4     <common>
 0004:000096c0       _bit_string                005586c0     <common>
 0004:00009ba0       _ctr_prng                  00558ba0     <common>
 0004:00009cd4       __pReportHookListW         00558cd4     <common>
 0004:00009ce4       __pReportHookList          00558ce4     <common>
 0004:00009ce8       __pfnReportHook            00558ce8     <common>
 0004:00009cec       __pmatherr                 00558cec     <common>
 0004:00009cf8       ___use_sse2_mathfcns       00558cf8     <common>
 0004:00009d20       _encodedKERNEL32Functions  00558d20     <common>
 0004:00009dc8       __debugger_hook_dummy      00558dc8     <common>
 0004:00009dd4       ___unguarded_readlc_active 00558dd4     <common>
 0004:00009de4       ___setlc_active            00558de4     <common>
 0004:00009de8       __nhandle                  00558de8     <common>
 0004:00009df4       ___dyn_tls_init_callback   00558df4     <common>
 0004:00009e04       ___onexitend               00558e04     <common>
 0004:00009e08       ___onexitbegin             00558e08     <common>
 0004:00009e0c       ___mbctype_initialized     00558e0c     <common>
 0004:00009e10       ___env_initialized         00558e10     <common>
 0004:00009e14       __setjmpexused             00558e14     <common>
 0004:00009e20       __acmdln                   00558e20     <common>
 0004:00009e40       __bufin                    00558e40     <common>
 0004:0000b17c       ___piob                    0055a17c     <common>
 0004:0000b180       __nstream                  0055a180     <common>
 0005:00000000       __imp__GetModuleHandleExW@12 0055b000     kernel32:KERNEL32.dll
 0005:00000004       __imp__GetStringTypeW@16   0055b004     kernel32:KERNEL32.dll
 0005:00000008       __imp__SetFilePointerEx@20 0055b008     kernel32:KERNEL32.dll
 0005:0000000c       __imp__OutputDebugStringA@4 0055b00c     kernel32:KERNEL32.dll
 0005:00000010       __imp__ReadConsoleW@20     0055b010     kernel32:KERNEL32.dll
 0005:00000014       __imp__HeapAlloc@12        0055b014     kernel32:KERNEL32.dll
 0005:00000018       __imp__HeapQueryInformation@20 0055b018     kernel32:KERNEL32.dll
 0005:0000001c       __imp__HeapSize@12         0055b01c     kernel32:KERNEL32.dll
 0005:00000020       __imp__HeapReAlloc@16      0055b020     kernel32:KERNEL32.dll
 0005:00000024       __imp__HeapFree@12         0055b024     kernel32:KERNEL32.dll
 0005:00000028       __imp__GetConsoleMode@8    0055b028     kernel32:KERNEL32.dll
 0005:0000002c       __imp__GetConsoleCP@0      0055b02c     kernel32:KERNEL32.dll
 0005:00000030       __imp__RaiseException@16   0055b030     kernel32:KERNEL32.dll
 0005:00000034       __imp__CreateSemaphoreW@16 0055b034     kernel32:KERNEL32.dll
 0005:00000038       __imp__GetModuleHandleW@4  0055b038     kernel32:KERNEL32.dll
 0005:0000003c       __imp__GetTickCount@0      0055b03c     kernel32:KERNEL32.dll
 0005:00000040       __imp__TerminateProcess@8  0055b040     kernel32:KERNEL32.dll
 0005:00000044       __imp__GetCurrentProcess@0 0055b044     kernel32:KERNEL32.dll
 0005:00000048       __imp__CreateEventW@16     0055b048     kernel32:KERNEL32.dll
 0005:0000004c       __imp__InitializeCriticalSectionAndSpinCount@8 0055b04c     kernel32:KERNEL32.dll
 0005:00000050       __imp__SetUnhandledExceptionFilter@4 0055b050     kernel32:KERNEL32.dll
 0005:00000054       __imp__UnhandledExceptionFilter@4 0055b054     kernel32:KERNEL32.dll
 0005:00000058       __imp__FreeEnvironmentStringsW@4 0055b058     kernel32:KERNEL32.dll
 0005:0000005c       __imp__GetEnvironmentStringsW@0 0055b05c     kernel32:KERNEL32.dll
 0005:00000060       __imp__GetModuleFileNameA@12 0055b060     kernel32:KERNEL32.dll
 0005:00000064       __imp__WaitForMultipleObjects@16 0055b064     kernel32:KERNEL32.dll
 0005:00000068       __imp__CreateFileW@28      0055b068     kernel32:KERNEL32.dll
 0005:0000006c       __imp__SetStdHandle@8      0055b06c     kernel32:KERNEL32.dll
 0005:00000070       __imp__LCMapStringW@24     0055b070     kernel32:KERNEL32.dll
 0005:00000074       __imp__CompareStringW@24   0055b074     kernel32:KERNEL32.dll
 0005:00000078       __imp__GetTimeFormatW@24   0055b078     kernel32:KERNEL32.dll
 0005:0000007c       __imp__GetDateFormatW@24   0055b07c     kernel32:KERNEL32.dll
 0005:00000080       __imp__EnumSystemLocalesW@8 0055b080     kernel32:KERNEL32.dll
 0005:00000084       __imp__GetUserDefaultLCID@0 0055b084     kernel32:KERNEL32.dll
 0005:00000088       __imp__IsValidLocale@8     0055b088     kernel32:KERNEL32.dll
 0005:0000008c       __imp__GetStdHandle@4      0055b08c     kernel32:KERNEL32.dll
 0005:00000090       __imp__CloseHandle@4       0055b090     kernel32:KERNEL32.dll
 0005:00000094       __imp__GetLastError@0      0055b094     kernel32:KERNEL32.dll
 0005:00000098       __imp__InitializeCriticalSection@4 0055b098     kernel32:KERNEL32.dll
 0005:0000009c       __imp__EnterCriticalSection@4 0055b09c     kernel32:KERNEL32.dll
 0005:000000a0       __imp__LeaveCriticalSection@4 0055b0a0     kernel32:KERNEL32.dll
 0005:000000a4       __imp__TryEnterCriticalSection@4 0055b0a4     kernel32:KERNEL32.dll
 0005:000000a8       __imp__DeleteCriticalSection@4 0055b0a8     kernel32:KERNEL32.dll
 0005:000000ac       __imp__SetEvent@4          0055b0ac     kernel32:KERNEL32.dll
 0005:000000b0       __imp__ResetEvent@4        0055b0b0     kernel32:KERNEL32.dll
 0005:000000b4       __imp__ReleaseSemaphore@12 0055b0b4     kernel32:KERNEL32.dll
 0005:000000b8       __imp__WaitForSingleObject@8 0055b0b8     kernel32:KERNEL32.dll
 0005:000000bc       __imp__CreateEventA@16     0055b0bc     kernel32:KERNEL32.dll
 0005:000000c0       __imp__Sleep@4             0055b0c0     kernel32:KERNEL32.dll
 0005:000000c4       __imp__GetCurrentProcessId@0 0055b0c4     kernel32:KERNEL32.dll
 0005:000000c8       __imp__CreateThread@24     0055b0c8     kernel32:KERNEL32.dll
 0005:000000cc       __imp__GetCurrentThread@0  0055b0cc     kernel32:KERNEL32.dll
 0005:000000d0       __imp__GetCurrentThreadId@0 0055b0d0     kernel32:KERNEL32.dll
 0005:000000d4       __imp__SetThreadPriority@8 0055b0d4     kernel32:KERNEL32.dll
 0005:000000d8       __imp__GetThreadPriority@4 0055b0d8     kernel32:KERNEL32.dll
 0005:000000dc       __imp__ResumeThread@4      0055b0dc     kernel32:KERNEL32.dll
 0005:000000e0       __imp__TlsAlloc@0          0055b0e0     kernel32:KERNEL32.dll
 0005:000000e4       __imp__TlsGetValue@4       0055b0e4     kernel32:KERNEL32.dll
 0005:000000e8       __imp__TlsSetValue@8       0055b0e8     kernel32:KERNEL32.dll
 0005:000000ec       __imp__TlsFree@4           0055b0ec     kernel32:KERNEL32.dll
 0005:000000f0       __imp__PulseEvent@4        0055b0f0     kernel32:KERNEL32.dll
 0005:000000f4       __imp__CreateSemaphoreA@16 0055b0f4     kernel32:KERNEL32.dll
 0005:000000f8       __imp__GetConsoleScreenBufferInfo@8 0055b0f8     kernel32:KERNEL32.dll
 0005:000000fc       __imp__SetConsoleTextAttribute@8 0055b0fc     kernel32:KERNEL32.dll
 0005:00000100       __imp__GetLocalTime@4      0055b100     kernel32:KERNEL32.dll
 0005:00000104       __imp__FileTimeToSystemTime@8 0055b104     kernel32:KERNEL32.dll
 0005:00000108       __imp__SystemTimeToFileTime@8 0055b108     kernel32:KERNEL32.dll
 0005:0000010c       __imp__CreateFileA@28      0055b10c     kernel32:KERNEL32.dll
 0005:00000110       __imp__DeleteFileA@4       0055b110     kernel32:KERNEL32.dll
 0005:00000114       __imp__FileTimeToLocalFileTime@8 0055b114     kernel32:KERNEL32.dll
 0005:00000118       __imp__GetFileSize@8       0055b118     kernel32:KERNEL32.dll
 0005:0000011c       __imp__GetFileTime@16      0055b11c     kernel32:KERNEL32.dll
 0005:00000120       __imp__MoveFileExA@12      0055b120     kernel32:KERNEL32.dll
 0005:00000124       __imp__FlushFileBuffers@4  0055b124     kernel32:KERNEL32.dll
 0005:00000128       __imp__ReadFile@20         0055b128     kernel32:KERNEL32.dll
 0005:0000012c       __imp__SetFilePointer@16   0055b12c     kernel32:KERNEL32.dll
 0005:00000130       __imp__WriteFile@20        0055b130     kernel32:KERNEL32.dll
 0005:00000134       __imp__QueryPerformanceCounter@4 0055b134     kernel32:KERNEL32.dll
 0005:00000138       __imp__QueryPerformanceFrequency@4 0055b138     kernel32:KERNEL32.dll
 0005:0000013c       __imp__SetLastError@4      0055b13c     kernel32:KERNEL32.dll
 0005:00000140       __imp__FormatMessageA@28   0055b140     kernel32:KERNEL32.dll
 0005:00000144       __imp__FreeLibrary@4       0055b144     kernel32:KERNEL32.dll
 0005:00000148       __imp__GetProcAddress@8    0055b148     kernel32:KERNEL32.dll
 0005:0000014c       __imp__LoadLibraryA@4      0055b14c     kernel32:KERNEL32.dll
 0005:00000150       __imp__GetFileType@4       0055b150     kernel32:KERNEL32.dll
 0005:00000154       __imp__GetModuleFileNameW@12 0055b154     kernel32:KERNEL32.dll
 0005:00000158       __imp__GetProcessHeap@0    0055b158     kernel32:KERNEL32.dll
 0005:0000015c       __imp__WriteConsoleW@20    0055b15c     kernel32:KERNEL32.dll
 0005:00000160       __imp__GetCommandLineA@0   0055b160     kernel32:KERNEL32.dll
 0005:00000164       __imp__IsDebuggerPresent@0 0055b164     kernel32:KERNEL32.dll
 0005:00000168       __imp__IsProcessorFeaturePresent@4 0055b168     kernel32:KERNEL32.dll
 0005:0000016c       __imp__RtlUnwind@16        0055b16c     kernel32:KERNEL32.dll
 0005:00000170       __imp__EncodePointer@4     0055b170     kernel32:KERNEL32.dll
 0005:00000174       __imp__DecodePointer@4     0055b174     kernel32:KERNEL32.dll
 0005:00000178       __imp__ExitProcess@4       0055b178     kernel32:KERNEL32.dll
 0005:0000017c       __imp__AreFileApisANSI@0   0055b17c     kernel32:KERNEL32.dll
 0005:00000180       __imp__MultiByteToWideChar@24 0055b180     kernel32:KERNEL32.dll
 0005:00000184       __imp__WideCharToMultiByte@32 0055b184     kernel32:KERNEL32.dll
 0005:00000188       __imp__GetSystemTimeAsFileTime@4 0055b188     kernel32:KERNEL32.dll
 0005:0000018c       __imp__FatalAppExitA@8     0055b18c     kernel32:KERNEL32.dll
 0005:00000190       __imp__HeapValidate@12     0055b190     kernel32:KERNEL32.dll
 0005:00000194       __imp__GetSystemInfo@4     0055b194     kernel32:KERNEL32.dll
 0005:00000198       __imp__GetStartupInfoW@4   0055b198     kernel32:KERNEL32.dll
 0005:0000019c       __imp__IsValidCodePage@4   0055b19c     kernel32:KERNEL32.dll
 0005:000001a0       __imp__GetACP@0            0055b1a0     kernel32:KERNEL32.dll
 0005:000001a4       __imp__GetOEMCP@0          0055b1a4     kernel32:KERNEL32.dll
 0005:000001a8       __imp__GetCPInfo@8         0055b1a8     kernel32:KERNEL32.dll
 0005:000001ac       __imp__SetConsoleCtrlHandler@8 0055b1ac     kernel32:KERNEL32.dll
 0005:000001b0       __imp__OutputDebugStringW@4 0055b1b0     kernel32:KERNEL32.dll
 0005:000001b4       __imp__WaitForSingleObjectEx@12 0055b1b4     kernel32:KERNEL32.dll
 0005:000001b8       __imp__LoadLibraryExW@12   0055b1b8     kernel32:KERNEL32.dll
 0005:000001bc       __imp__GetLocaleInfoW@16   0055b1bc     kernel32:KERNEL32.dll
 0005:000001c0       \177KERNEL32_NULL_THUNK_DATA 0055b1c0     kernel32:KERNEL32.dll
 0005:00000244       __imp__waveOutGetErrorTextA@12 0055b244     winmm:WINMM.dll
 0005:00000248       __imp__waveInGetErrorTextA@12 0055b248     winmm:WINMM.dll
 0005:0000024c       __imp__waveOutGetNumDevs@0 0055b24c     winmm:WINMM.dll
 0005:00000250       __imp__waveOutGetDevCapsA@12 0055b250     winmm:WINMM.dll
 0005:00000254       __imp__waveOutGetVolume@8  0055b254     winmm:WINMM.dll
 0005:00000258       __imp__waveOutSetVolume@8  0055b258     winmm:WINMM.dll
 0005:0000025c       __imp__waveOutOpen@24      0055b25c     winmm:WINMM.dll
 0005:00000260       __imp__waveOutClose@4      0055b260     winmm:WINMM.dll
 0005:00000264       __imp__waveOutPrepareHeader@12 0055b264     winmm:WINMM.dll
 0005:00000268       __imp__waveOutUnprepareHeader@12 0055b268     winmm:WINMM.dll
 0005:0000026c       __imp__waveOutWrite@12     0055b26c     winmm:WINMM.dll
 0005:00000270       __imp__waveOutPause@4      0055b270     winmm:WINMM.dll
 0005:00000274       __imp__waveOutRestart@4    0055b274     winmm:WINMM.dll
 0005:00000278       __imp__waveOutReset@4      0055b278     winmm:WINMM.dll
 0005:0000027c       __imp__waveInGetNumDevs@0  0055b27c     winmm:WINMM.dll
 0005:00000280       __imp__waveInGetDevCapsA@12 0055b280     winmm:WINMM.dll
 0005:00000284       __imp__waveInOpen@24       0055b284     winmm:WINMM.dll
 0005:00000288       __imp__waveInClose@4       0055b288     winmm:WINMM.dll
 0005:0000028c       __imp__waveInPrepareHeader@12 0055b28c     winmm:WINMM.dll
 0005:00000290       __imp__waveInUnprepareHeader@12 0055b290     winmm:WINMM.dll
 0005:00000294       __imp__waveInAddBuffer@12  0055b294     winmm:WINMM.dll
 0005:00000298       __imp__waveInStart@4       0055b298     winmm:WINMM.dll
 0005:0000029c       __imp__waveInStop@4        0055b29c     winmm:WINMM.dll
 0005:000002a0       __imp__waveInReset@4       0055b2a0     winmm:WINMM.dll
 0005:000002a4       \177WINMM_NULL_THUNK_DATA  0055b2a4     winmm:WINMM.dll
 0005:000002e0       __imp__select@20           0055b2e0     ws2_32:WS2_32.dll
 0005:000002e4       __imp____WSAFDIsSet@8      0055b2e4     ws2_32:WS2_32.dll
 0005:000002e8       __imp__gethostbyname@4     0055b2e8     ws2_32:WS2_32.dll
 0005:000002ec       __imp__WSASetLastError@4   0055b2ec     ws2_32:WS2_32.dll
 0005:000002f0       __imp__ioctlsocket@12      0055b2f0     ws2_32:WS2_32.dll
 0005:000002f4       __imp__WSAStringToAddressA@20 0055b2f4     ws2_32:WS2_32.dll
 0005:000002f8       __imp__WSAAddressToStringA@20 0055b2f8     ws2_32:WS2_32.dll
 0005:000002fc       __imp__WSASocketA@24       0055b2fc     ws2_32:WS2_32.dll
 0005:00000300       __imp__WSAIoctl@36         0055b300     ws2_32:WS2_32.dll
 0005:00000304       __imp__gethostname@8       0055b304     ws2_32:WS2_32.dll
 0005:00000308       __imp__shutdown@8          0055b308     ws2_32:WS2_32.dll
 0005:0000030c       __imp__setsockopt@20       0055b30c     ws2_32:WS2_32.dll
 0005:00000310       __imp__sendto@24           0055b310     ws2_32:WS2_32.dll
 0005:00000314       __imp__send@16             0055b314     ws2_32:WS2_32.dll
 0005:00000318       __imp__recvfrom@24         0055b318     ws2_32:WS2_32.dll
 0005:0000031c       __imp__recv@16             0055b31c     ws2_32:WS2_32.dll
 0005:00000320       __imp__ntohs@4             0055b320     ws2_32:WS2_32.dll
 0005:00000324       __imp__ntohl@4             0055b324     ws2_32:WS2_32.dll
 0005:00000328       __imp__listen@8            0055b328     ws2_32:WS2_32.dll
 0005:0000032c       __imp__inet_ntoa@4         0055b32c     ws2_32:WS2_32.dll
 0005:00000330       __imp__inet_addr@4         0055b330     ws2_32:WS2_32.dll
 0005:00000334       __imp__htons@4             0055b334     ws2_32:WS2_32.dll
 0005:00000338       __imp__htonl@4             0055b338     ws2_32:WS2_32.dll
 0005:0000033c       __imp__getsockopt@20       0055b33c     ws2_32:WS2_32.dll
 0005:00000340       __imp__getsockname@12      0055b340     ws2_32:WS2_32.dll
 0005:00000344       __imp__getpeername@12      0055b344     ws2_32:WS2_32.dll
 0005:00000348       __imp__connect@12          0055b348     ws2_32:WS2_32.dll
 0005:0000034c       __imp__closesocket@4       0055b34c     ws2_32:WS2_32.dll
 0005:00000350       __imp__bind@12             0055b350     ws2_32:WS2_32.dll
 0005:00000354       __imp__accept@12           0055b354     ws2_32:WS2_32.dll
 0005:00000358       __imp__WSAGetLastError@0   0055b358     ws2_32:WS2_32.dll
 0005:0000035c       __imp__WSACleanup@0        0055b35c     ws2_32:WS2_32.dll
 0005:00000360       __imp__WSAStartup@8        0055b360     ws2_32:WS2_32.dll
 0005:00000364       \177WS2_32_NULL_THUNK_DATA 0055b364     ws2_32:WS2_32.dll
 0005:000003a8       __imp__CoCreateGuid@4      0055b3a8     ole32:ole32.dll
 0005:000003ac       \177ole32_NULL_THUNK_DATA  0055b3ac     ole32:ole32.dll
 0005:000003d8       __IMPORT_DESCRIPTOR_ole32  0055b3d8     ole32:ole32.dll
 0005:000003ec       __IMPORT_DESCRIPTOR_WS2_32 0055b3ec     ws2_32:WS2_32.dll
 0005:00000400       __IMPORT_DESCRIPTOR_KERNEL32 0055b400     kernel32:KERNEL32.dll
 0005:00000414       __IMPORT_DESCRIPTOR_WINMM  0055b414     winmm:WINMM.dll
 0005:00000428       __NULL_IMPORT_DESCRIPTOR   0055b428     ole32:ole32.dll
