 sipecho

 Timestamp is 54f828f0 (Thu Mar 05 17:59:12 2015)

 Preferred load address is 00400000

 Start         Length     Name                   Class
 0001:00000000 00067f69H .textbss                DATA
 0002:00000000 000d5781H .text$mn                CODE
 0002:000d5790 00001161H .text$x                 CODE
 0003:00000000 00000104H .CRT$XCA                DATA
 0003:00000104 00000104H .CRT$XCZ                DATA
 0003:00000208 00000104H .CRT$XIA                DATA
 0003:0000030c 00000113H .CRT$XIC                DATA
 0003:00000420 00000104H .CRT$XIY                DATA
 0003:00000524 00000104H .CRT$XIZ                DATA
 0003:00000628 00000104H .CRT$XPA                DATA
 0003:0000072c 00000109H .CRT$XPX                DATA
 0003:00000838 00000104H .CRT$XPXA               DATA
 0003:0000093c 00000104H .CRT$XPZ                DATA
 0003:00000a40 00000104H .CRT$XTA                DATA
 0003:00000b44 00000104H .CRT$XTZ                DATA
 0003:00000c50 00028d50H .rdata                  DATA
 0003:000299a0 000001c9H .rdata$debug            DATA
 0003:00029b6c 00000563H .rdata$r                DATA
 0003:0002a0d0 00000104H .rtc$IAA                DATA
 0003:0002a1d4 00000104H .rtc$IZZ                DATA
 0003:0002a2d8 00000104H .rtc$TAA                DATA
 0003:0002a3dc 00000104H .rtc$TZZ                DATA
 0003:0002a4e0 00000e4eH .xdata$x                DATA
 0003:0002b32e 00000000H .edata                  DATA
 0004:00000000 0000371fH .data                   DATA
 0004:00003720 00000293H .data$r                 DATA
 0004:000039c0 00007264H .bss                    DATA
 0005:00000000 00000314H .idata$5                DATA
 0005:00000314 0000003cH .idata$2                DATA
 0005:00000350 00000014H .idata$3                DATA
 0005:00000364 00000314H .idata$4                DATA
 0005:00000678 000009f0H .idata$6                DATA

  Address         Publics by Value              Rva+Base       Lib:Object

 0000:00000000       ___safe_se_handler_table   00000000     <absolute>
 0000:00000000       ___safe_se_handler_count   00000000     <absolute>
 0000:00000000       ___guard_fids_count        00000000     <absolute>
 0000:00000000       ___guard_flags             00000000     <absolute>
 0000:00000000       ___guard_fids_table        00000000     <absolute>
 0000:00000000       __except_list              00000000     <absolute>
 0000:00000000       ___ImageBase               00400000     <linker-defined>
 0001:00000000       __enc$textbss$begin        00401000     <linker-defined>
 0001:00067f69       __enc$textbss$end          00468f69     <linker-defined>
 0002:000050c0       _get_snd_options           0046e0c0 f   sipecho.obj
 0002:00005420       _dump_pool_usage           0046e420 f   sipecho.obj
 0002:00006510       _main                      0046f510 f   sipecho.obj
 0002:0000c3b0       _pjsip_create_sdp_body     004753b0 f   pjsip-ua-i386-win32-vc8-debug:sip_inv.obj
 0002:0000c4a0       _pjsip_dlg_get_inv_session 004754a0 f   pjsip-ua-i386-win32-vc8-debug:sip_inv.obj
 0002:0000c4d0       _pjsip_inv_answer          004754d0 f   pjsip-ua-i386-win32-vc8-debug:sip_inv.obj
 0002:0000c6c0       _pjsip_inv_cancel_reinvite 004756c0 f   pjsip-ua-i386-win32-vc8-debug:sip_inv.obj
 0002:0000c860       _pjsip_inv_create_ack      00475860 f   pjsip-ua-i386-win32-vc8-debug:sip_inv.obj
 0002:0000c9f0       _pjsip_inv_create_uac      004759f0 f   pjsip-ua-i386-win32-vc8-debug:sip_inv.obj
 0002:0000ccc0       _pjsip_inv_create_uas      00475cc0 f   pjsip-ua-i386-win32-vc8-debug:sip_inv.obj
 0002:0000d150       _pjsip_inv_end_session     00476150 f   pjsip-ua-i386-win32-vc8-debug:sip_inv.obj
 0002:0000d490       _pjsip_inv_initial_answer  00476490 f   pjsip-ua-i386-win32-vc8-debug:sip_inv.obj
 0002:0000d710       _pjsip_inv_invite          00476710 f   pjsip-ua-i386-win32-vc8-debug:sip_inv.obj
 0002:0000dbf0       _pjsip_inv_process_redirect 00476bf0 f   pjsip-ua-i386-win32-vc8-debug:sip_inv.obj
 0002:0000e150       _pjsip_inv_reinvite        00477150 f   pjsip-ua-i386-win32-vc8-debug:sip_inv.obj
 0002:0000e450       _pjsip_inv_send_msg        00477450 f   pjsip-ua-i386-win32-vc8-debug:sip_inv.obj
 0002:0000e7b0       _pjsip_inv_set_local_sdp   004777b0 f   pjsip-ua-i386-win32-vc8-debug:sip_inv.obj
 0002:0000e8f0       _pjsip_inv_set_sdp_answer  004778f0 f   pjsip-ua-i386-win32-vc8-debug:sip_inv.obj
 0002:0000e9a0       _pjsip_inv_state_name      004779a0 f   pjsip-ua-i386-win32-vc8-debug:sip_inv.obj
 0002:0000ea10       _pjsip_inv_terminate       00477a10 f   pjsip-ua-i386-win32-vc8-debug:sip_inv.obj
 0002:0000eb10       _pjsip_inv_uac_restart     00477b10 f   pjsip-ua-i386-win32-vc8-debug:sip_inv.obj
 0002:0000ebf0       _pjsip_inv_update          00477bf0 f   pjsip-ua-i386-win32-vc8-debug:sip_inv.obj
 0002:0000f070       _pjsip_inv_usage_init      00478070 f   pjsip-ua-i386-win32-vc8-debug:sip_inv.obj
 0002:0000f1d0       _pjsip_inv_usage_instance  004781d0 f   pjsip-ua-i386-win32-vc8-debug:sip_inv.obj
 0002:0000f1f0       _pjsip_inv_verify_request  004781f0 f   pjsip-ua-i386-win32-vc8-debug:sip_inv.obj
 0002:0000f240       _pjsip_inv_verify_request2 00478240 f   pjsip-ua-i386-win32-vc8-debug:sip_inv.obj
 0002:0000f290       _pjsip_inv_verify_request3 00478290 f   pjsip-ua-i386-win32-vc8-debug:sip_inv.obj
 0002:00010640       _pjsip_rdata_get_sdp_info  00479640 f   pjsip-ua-i386-win32-vc8-debug:sip_inv.obj
 0002:00011550       _pjsip_100rel_attach       0047a550 f   pjsip-ua-i386-win32-vc8-debug:sip_100rel.obj
 0002:00011630       _pjsip_100rel_create_prack 0047a630 f   pjsip-ua-i386-win32-vc8-debug:sip_100rel.obj
 0002:00011b40       _pjsip_100rel_end_session  0047ab40 f   pjsip-ua-i386-win32-vc8-debug:sip_100rel.obj
 0002:00011c00       _pjsip_100rel_init_module  0047ac00 f   pjsip-ua-i386-win32-vc8-debug:sip_100rel.obj
 0002:00011c40       _pjsip_100rel_is_reliable  0047ac40 f   pjsip-ua-i386-win32-vc8-debug:sip_100rel.obj
 0002:00011d00       _pjsip_100rel_on_rx_prack  0047ad00 f   pjsip-ua-i386-win32-vc8-debug:sip_100rel.obj
 0002:00012070       _pjsip_100rel_send_prack   0047b070 f   pjsip-ua-i386-win32-vc8-debug:sip_100rel.obj
 0002:00012120       _pjsip_100rel_tx_response  0047b120 f   pjsip-ua-i386-win32-vc8-debug:sip_100rel.obj
 0002:00012900       _pjsip_get_prack_method    0047b900 f   pjsip-ua-i386-win32-vc8-debug:sip_100rel.obj
 0002:000133a0       _pjsip_min_se_hdr_create   0047c3a0 f   pjsip-ua-i386-win32-vc8-debug:sip_timer.obj
 0002:00013480       _pjsip_sess_expires_hdr_create 0047c480 f   pjsip-ua-i386-win32-vc8-debug:sip_timer.obj
 0002:00013570       _pjsip_timer_end_session   0047c570 f   pjsip-ua-i386-win32-vc8-debug:sip_timer.obj
 0002:00013600       _pjsip_timer_handle_refresh_error 0047c600 f   pjsip-ua-i386-win32-vc8-debug:sip_timer.obj
 0002:00013850       _pjsip_timer_init_module   0047c850 f   pjsip-ua-i386-win32-vc8-debug:sip_timer.obj
 0002:000139d0       _pjsip_timer_init_session  0047c9d0 f   pjsip-ua-i386-win32-vc8-debug:sip_timer.obj
 0002:00013b80       _pjsip_timer_process_req   0047cb80 f   pjsip-ua-i386-win32-vc8-debug:sip_timer.obj
 0002:00013f90       _pjsip_timer_process_resp  0047cf90 f   pjsip-ua-i386-win32-vc8-debug:sip_timer.obj
 0002:00014690       _pjsip_timer_setting_default 0047d690 f   pjsip-ua-i386-win32-vc8-debug:sip_timer.obj
 0002:000146d0       _pjsip_timer_update_req    0047d6d0 f   pjsip-ua-i386-win32-vc8-debug:sip_timer.obj
 0002:00014880       _pjsip_timer_update_resp   0047d880 f   pjsip-ua-i386-win32-vc8-debug:sip_timer.obj
 0002:000181e0       _pjsip_accept_hdr_create   004811e0 f   pjsip-core-i386-win32-vc8-debug:sip_msg.obj
 0002:00018230       _pjsip_accept_hdr_init     00481230 f   pjsip-core-i386-win32-vc8-debug:sip_msg.obj
 0002:00018280       _pjsip_allow_hdr_create    00481280 f   pjsip-core-i386-win32-vc8-debug:sip_msg.obj
 0002:000182d0       _pjsip_allow_hdr_init      004812d0 f   pjsip-core-i386-win32-vc8-debug:sip_msg.obj
 0002:00018320       _pjsip_cid_hdr_create      00481320 f   pjsip-core-i386-win32-vc8-debug:sip_msg.obj
 0002:00018360       _pjsip_cid_hdr_init        00481360 f   pjsip-core-i386-win32-vc8-debug:sip_msg.obj
 0002:000183a0       _pjsip_clen_hdr_create     004813a0 f   pjsip-core-i386-win32-vc8-debug:sip_msg.obj
 0002:000183e0       _pjsip_clen_hdr_init       004813e0 f   pjsip-core-i386-win32-vc8-debug:sip_msg.obj
 0002:00018430       _pjsip_clone_text_data     00481430 f   pjsip-core-i386-win32-vc8-debug:sip_msg.obj
 0002:00018490       _pjsip_contact_hdr_create  00481490 f   pjsip-core-i386-win32-vc8-debug:sip_msg.obj
 0002:000184d0       _pjsip_contact_hdr_init    004814d0 f   pjsip-core-i386-win32-vc8-debug:sip_msg.obj
 0002:00018540       _pjsip_cseq_hdr_create     00481540 f   pjsip-core-i386-win32-vc8-debug:sip_msg.obj
 0002:00018580       _pjsip_cseq_hdr_init       00481580 f   pjsip-core-i386-win32-vc8-debug:sip_msg.obj
 0002:000185f0       _pjsip_ctype_hdr_create    004815f0 f   pjsip-core-i386-win32-vc8-debug:sip_msg.obj
 0002:00018630       _pjsip_ctype_hdr_init      00481630 f   pjsip-core-i386-win32-vc8-debug:sip_msg.obj
 0002:00018690       _pjsip_expires_hdr_create  00481690 f   pjsip-core-i386-win32-vc8-debug:sip_msg.obj
 0002:000186e0       _pjsip_expires_hdr_init    004816e0 f   pjsip-core-i386-win32-vc8-debug:sip_msg.obj
 0002:00018730       _pjsip_from_hdr_create     00481730 f   pjsip-core-i386-win32-vc8-debug:sip_msg.obj
 0002:00018770       _pjsip_from_hdr_init       00481770 f   pjsip-core-i386-win32-vc8-debug:sip_msg.obj
 0002:000187d0       _pjsip_fromto_hdr_set_from 004817d0 f   pjsip-core-i386-win32-vc8-debug:sip_msg.obj
 0002:00018850       _pjsip_fromto_hdr_set_to   00481850 f   pjsip-core-i386-win32-vc8-debug:sip_msg.obj
 0002:000188d0       _pjsip_generic_array_hdr_create 004818d0 f   pjsip-core-i386-win32-vc8-debug:sip_msg.obj
 0002:00018920       _pjsip_generic_array_hdr_init 00481920 f   pjsip-core-i386-win32-vc8-debug:sip_msg.obj
 0002:000189a0       _pjsip_generic_int_hdr_create 004819a0 f   pjsip-core-i386-win32-vc8-debug:sip_msg.obj
 0002:000189f0       _pjsip_generic_int_hdr_init 004819f0 f   pjsip-core-i386-win32-vc8-debug:sip_msg.obj
 0002:00018a70       _pjsip_generic_string_hdr_create 00481a70 f   pjsip-core-i386-win32-vc8-debug:sip_msg.obj
 0002:00018ac0       _pjsip_generic_string_hdr_init 00481ac0 f   pjsip-core-i386-win32-vc8-debug:sip_msg.obj
 0002:00018b50       _pjsip_generic_string_hdr_init2 00481b50 f   pjsip-core-i386-win32-vc8-debug:sip_msg.obj
 0002:00018bf0       _pjsip_get_ack_method      00481bf0 f   pjsip-core-i386-win32-vc8-debug:sip_msg.obj
 0002:00018c10       _pjsip_get_bye_method      00481c10 f   pjsip-core-i386-win32-vc8-debug:sip_msg.obj
 0002:00018c30       _pjsip_get_cancel_method   00481c30 f   pjsip-core-i386-win32-vc8-debug:sip_msg.obj
 0002:00018c50       _pjsip_get_invite_method   00481c50 f   pjsip-core-i386-win32-vc8-debug:sip_msg.obj
 0002:00018c70       _pjsip_get_options_method  00481c70 f   pjsip-core-i386-win32-vc8-debug:sip_msg.obj
 0002:00018c90       _pjsip_get_register_method 00481c90 f   pjsip-core-i386-win32-vc8-debug:sip_msg.obj
 0002:00018cb0       _pjsip_get_status_text     00481cb0 f   pjsip-core-i386-win32-vc8-debug:sip_msg.obj
 0002:00018d20       _pjsip_hdr_clone           00481d20 f   pjsip-core-i386-win32-vc8-debug:sip_msg.obj
 0002:00018d60       _pjsip_hdr_print_on        00481d60 f   pjsip-core-i386-win32-vc8-debug:sip_msg.obj
 0002:00018da0       _pjsip_hdr_shallow_clone   00481da0 f   pjsip-core-i386-win32-vc8-debug:sip_msg.obj
 0002:00018de0       _pjsip_max_fwd_hdr_create  00481de0 f   pjsip-core-i386-win32-vc8-debug:sip_msg.obj
 0002:00018e30       _pjsip_max_fwd_hdr_init    00481e30 f   pjsip-core-i386-win32-vc8-debug:sip_msg.obj
 0002:00018e80       _pjsip_media_type_cmp      00481e80 f   pjsip-core-i386-win32-vc8-debug:sip_msg.obj
 0002:00018f90       _pjsip_media_type_cp       00481f90 f   pjsip-core-i386-win32-vc8-debug:sip_msg.obj
 0002:00019060       _pjsip_media_type_init     00482060 f   pjsip-core-i386-win32-vc8-debug:sip_msg.obj
 0002:000190d0       _pjsip_media_type_init2    004820d0 f   pjsip-core-i386-win32-vc8-debug:sip_msg.obj
 0002:00019170       _pjsip_media_type_print    00482170 f   pjsip-core-i386-win32-vc8-debug:sip_msg.obj
 0002:000191a0       _pjsip_method_cmp          004821a0 f   pjsip-core-i386-win32-vc8-debug:sip_msg.obj
 0002:00019220       _pjsip_method_copy         00482220 f   pjsip-core-i386-win32-vc8-debug:sip_msg.obj
 0002:00019290       _pjsip_method_init         00482290 f   pjsip-core-i386-win32-vc8-debug:sip_msg.obj
 0002:000192d0       _pjsip_method_init_np      004822d0 f   pjsip-core-i386-win32-vc8-debug:sip_msg.obj
 0002:000193a0       _pjsip_method_set          004823a0 f   pjsip-core-i386-win32-vc8-debug:sip_msg.obj
 0002:00019410       _pjsip_min_expires_hdr_create 00482410 f   pjsip-core-i386-win32-vc8-debug:sip_msg.obj
 0002:00019460       _pjsip_min_expires_hdr_init 00482460 f   pjsip-core-i386-win32-vc8-debug:sip_msg.obj
 0002:000194e0       _pjsip_msg_body_clone      004824e0 f   pjsip-core-i386-win32-vc8-debug:sip_msg.obj
 0002:00019580       _pjsip_msg_body_copy       00482580 f   pjsip-core-i386-win32-vc8-debug:sip_msg.obj
 0002:00019650       _pjsip_msg_body_create     00482650 f   pjsip-core-i386-win32-vc8-debug:sip_msg.obj
 0002:000197e0       _pjsip_msg_clone           004827e0 f   pjsip-core-i386-win32-vc8-debug:sip_msg.obj
 0002:00019910       _pjsip_msg_create          00482910 f   pjsip-core-i386-win32-vc8-debug:sip_msg.obj
 0002:00019970       _pjsip_msg_find_hdr        00482970 f   pjsip-core-i386-win32-vc8-debug:sip_msg.obj
 0002:000199e0       _pjsip_msg_find_hdr_by_name 004829e0 f   pjsip-core-i386-win32-vc8-debug:sip_msg.obj
 0002:00019a60       _pjsip_msg_find_hdr_by_names 00482a60 f   pjsip-core-i386-win32-vc8-debug:sip_msg.obj
 0002:00019b00       _pjsip_msg_find_remove_hdr 00482b00 f   pjsip-core-i386-win32-vc8-debug:sip_msg.obj
 0002:00019b50       _pjsip_msg_print           00482b50 f   pjsip-core-i386-win32-vc8-debug:sip_msg.obj
 0002:0001a140       _pjsip_print_text_body     00483140 f   pjsip-core-i386-win32-vc8-debug:sip_msg.obj
 0002:0001a190       _pjsip_require_hdr_create  00483190 f   pjsip-core-i386-win32-vc8-debug:sip_msg.obj
 0002:0001a1e0       _pjsip_require_hdr_init    004831e0 f   pjsip-core-i386-win32-vc8-debug:sip_msg.obj
 0002:0001a230       _pjsip_retry_after_hdr_create 00483230 f   pjsip-core-i386-win32-vc8-debug:sip_msg.obj
 0002:0001a280       _pjsip_retry_after_hdr_init 00483280 f   pjsip-core-i386-win32-vc8-debug:sip_msg.obj
 0002:0001a2f0       _pjsip_route_hdr_create    004832f0 f   pjsip-core-i386-win32-vc8-debug:sip_msg.obj
 0002:0001a330       _pjsip_route_hdr_init      00483330 f   pjsip-core-i386-win32-vc8-debug:sip_msg.obj
 0002:0001a390       _pjsip_routing_hdr_set_route 00483390 f   pjsip-core-i386-win32-vc8-debug:sip_msg.obj
 0002:0001a400       _pjsip_routing_hdr_set_rr  00483400 f   pjsip-core-i386-win32-vc8-debug:sip_msg.obj
 0002:0001a470       _pjsip_rr_hdr_create       00483470 f   pjsip-core-i386-win32-vc8-debug:sip_msg.obj
 0002:0001a4b0       _pjsip_rr_hdr_init         004834b0 f   pjsip-core-i386-win32-vc8-debug:sip_msg.obj
 0002:0001a510       _pjsip_supported_hdr_create 00483510 f   pjsip-core-i386-win32-vc8-debug:sip_msg.obj
 0002:0001a560       _pjsip_supported_hdr_init  00483560 f   pjsip-core-i386-win32-vc8-debug:sip_msg.obj
 0002:0001a5b0       _pjsip_to_hdr_create       004835b0 f   pjsip-core-i386-win32-vc8-debug:sip_msg.obj
 0002:0001a5f0       _pjsip_to_hdr_init         004835f0 f   pjsip-core-i386-win32-vc8-debug:sip_msg.obj
 0002:0001a650       _pjsip_unsupported_hdr_create 00483650 f   pjsip-core-i386-win32-vc8-debug:sip_msg.obj
 0002:0001a6a0       _pjsip_unsupported_hdr_init 004836a0 f   pjsip-core-i386-win32-vc8-debug:sip_msg.obj
 0002:0001a790       _pjsip_via_hdr_create      00483790 f   pjsip-core-i386-win32-vc8-debug:sip_msg.obj
 0002:0001a7d0       _pjsip_via_hdr_init        004837d0 f   pjsip-core-i386-win32-vc8-debug:sip_msg.obj
 0002:0001a850       _pjsip_warning_hdr_create  00483850 f   pjsip-core-i386-win32-vc8-debug:sip_msg.obj
 0002:0001a900       _pjsip_warning_hdr_create_from_status 00483900 f   pjsip-core-i386-win32-vc8-debug:sip_msg.obj
 0002:0001b1d0       _pjsip_rx_data_clone       004841d0 f   pjsip-core-i386-win32-vc8-debug:sip_transport.obj
 0002:0001b5f0       _pjsip_rx_data_free_cloned 004845f0 f   pjsip-core-i386-win32-vc8-debug:sip_transport.obj
 0002:0001b670       _pjsip_rx_data_get_info    00484670 f   pjsip-core-i386-win32-vc8-debug:sip_transport.obj
 0002:0001b780       _pjsip_tpmgr_acquire_transport 00484780 f   pjsip-core-i386-win32-vc8-debug:sip_transport.obj
 0002:0001b7c0       _pjsip_tpmgr_acquire_transport2 004847c0 f   pjsip-core-i386-win32-vc8-debug:sip_transport.obj
 0002:0001bbe0       _pjsip_tpmgr_create        00484be0 f   pjsip-core-i386-win32-vc8-debug:sip_transport.obj
 0002:0001be00       _pjsip_tpmgr_destroy       00484e00 f   pjsip-core-i386-win32-vc8-debug:sip_transport.obj
 0002:0001c0b0       _pjsip_tpmgr_dump_transports 004850b0 f   pjsip-core-i386-win32-vc8-debug:sip_transport.obj
 0002:0001c2d0       _pjsip_tpmgr_find_local_addr 004852d0 f   pjsip-core-i386-win32-vc8-debug:sip_transport.obj
 0002:0001c350       _pjsip_tpmgr_find_local_addr2 00485350 f   pjsip-core-i386-win32-vc8-debug:sip_transport.obj
 0002:0001c8f0       _pjsip_tpmgr_fla2_param_default 004858f0 f   pjsip-core-i386-win32-vc8-debug:sip_transport.obj
 0002:0001c920       _pjsip_tpmgr_get_state_cb  00485920 f   pjsip-core-i386-win32-vc8-debug:sip_transport.obj
 0002:0001c980       _pjsip_tpmgr_get_transport_count 00485980 f   pjsip-core-i386-win32-vc8-debug:sip_transport.obj
 0002:0001ca10       _pjsip_tpmgr_receive_packet 00485a10 f   pjsip-core-i386-win32-vc8-debug:sip_transport.obj
 0002:0001d010       _pjsip_tpmgr_register_tpfactory 00486010 f   pjsip-core-i386-win32-vc8-debug:sip_transport.obj
 0002:0001d0f0       _pjsip_tpmgr_send_raw      004860f0 f   pjsip-core-i386-win32-vc8-debug:sip_transport.obj
 0002:0001d2f0       _pjsip_tpmgr_set_state_cb  004862f0 f   pjsip-core-i386-win32-vc8-debug:sip_transport.obj
 0002:0001d360       _pjsip_tpmgr_unregister_tpfactory 00486360 f   pjsip-core-i386-win32-vc8-debug:sip_transport.obj
 0002:0001d3f0       _pjsip_tpselector_add_ref  004863f0 f   pjsip-core-i386-win32-vc8-debug:sip_transport.obj
 0002:0001d430       _pjsip_tpselector_dec_ref  00486430 f   pjsip-core-i386-win32-vc8-debug:sip_transport.obj
 0002:0001d470       _pjsip_transport_add_ref   00486470 f   pjsip-core-i386-win32-vc8-debug:sip_transport.obj
 0002:0001d580       _pjsip_transport_add_state_listener 00486580 f   pjsip-core-i386-win32-vc8-debug:sip_transport.obj
 0002:0001d6d0       _pjsip_transport_dec_ref   004866d0 f   pjsip-core-i386-win32-vc8-debug:sip_transport.obj
 0002:0001d8b0       _pjsip_transport_destroy   004868b0 f   pjsip-core-i386-win32-vc8-debug:sip_transport.obj
 0002:0001d990       _pjsip_transport_get_default_port_for_type 00486990 f   pjsip-core-i386-win32-vc8-debug:sip_transport.obj
 0002:0001d9c0       _pjsip_transport_get_flag_from_type 004869c0 f   pjsip-core-i386-win32-vc8-debug:sip_transport.obj
 0002:0001d9f0       _pjsip_transport_get_type_desc 004869f0 f   pjsip-core-i386-win32-vc8-debug:sip_transport.obj
 0002:0001da20       _pjsip_transport_get_type_from_flag 00486a20 f   pjsip-core-i386-win32-vc8-debug:sip_transport.obj
 0002:0001dab0       _pjsip_transport_get_type_from_name 00486ab0 f   pjsip-core-i386-win32-vc8-debug:sip_transport.obj
 0002:0001db60       _pjsip_transport_get_type_name 00486b60 f   pjsip-core-i386-win32-vc8-debug:sip_transport.obj
 0002:0001db90       _pjsip_transport_register  00486b90 f   pjsip-core-i386-win32-vc8-debug:sip_transport.obj
 0002:0001dd00       _pjsip_transport_register_type 00486d00 f   pjsip-core-i386-win32-vc8-debug:sip_transport.obj
 0002:0001deb0       _pjsip_transport_remove_state_listener 00486eb0 f   pjsip-core-i386-win32-vc8-debug:sip_transport.obj
 0002:0001e030       _pjsip_transport_send      00487030 f   pjsip-core-i386-win32-vc8-debug:sip_transport.obj
 0002:0001e2e0       _pjsip_transport_shutdown  004872e0 f   pjsip-core-i386-win32-vc8-debug:sip_transport.obj
 0002:0001e460       _pjsip_transport_type_get_af 00487460 f   pjsip-core-i386-win32-vc8-debug:sip_transport.obj
 0002:0001e4a0       _pjsip_tx_data_add_ref     004874a0 f   pjsip-core-i386-win32-vc8-debug:sip_transport.obj
 0002:0001e4d0       _pjsip_tx_data_create      004874d0 f   pjsip-core-i386-win32-vc8-debug:sip_transport.obj
 0002:0001e6b0       _pjsip_tx_data_dec_ref     004876b0 f   pjsip-core-i386-win32-vc8-debug:sip_transport.obj
 0002:0001e740       _pjsip_tx_data_encode      00487740 f   pjsip-core-i386-win32-vc8-debug:sip_transport.obj
 0002:0001e900       _pjsip_tx_data_get_info    00487900 f   pjsip-core-i386-win32-vc8-debug:sip_transport.obj
 0002:0001e9f0       _pjsip_tx_data_invalidate_msg 004879f0 f   pjsip-core-i386-win32-vc8-debug:sip_transport.obj
 0002:0001ea30       _pjsip_tx_data_is_valid    00487a30 f   pjsip-core-i386-win32-vc8-debug:sip_transport.obj
 0002:0001ea80       _pjsip_tx_data_set_transport 00487a80 f   pjsip-core-i386-win32-vc8-debug:sip_transport.obj
 0002:0001f430       _pjsip_endpt_acquire_transport 00488430 f   pjsip-core-i386-win32-vc8-debug:sip_endpoint.obj
 0002:0001f470       _pjsip_endpt_acquire_transport2 00488470 f   pjsip-core-i386-win32-vc8-debug:sip_endpoint.obj
 0002:0001f4c0       _pjsip_endpt_add_capability 004884c0 f   pjsip-core-i386-win32-vc8-debug:sip_endpoint.obj
 0002:0001f6c0       _pjsip_endpt_atexit        004886c0 f   pjsip-core-i386-win32-vc8-debug:sip_endpoint.obj
 0002:0001f790       _pjsip_endpt_cancel_timer  00488790 f   pjsip-core-i386-win32-vc8-debug:sip_endpoint.obj
 0002:0001f7d0       _pjsip_endpt_create        004887d0 f   pjsip-core-i386-win32-vc8-debug:sip_endpoint.obj
 0002:0001fcb0       _pjsip_endpt_create_pool   00488cb0 f   pjsip-core-i386-win32-vc8-debug:sip_endpoint.obj
 0002:0001fd30       _pjsip_endpt_create_resolver 00488d30 f   pjsip-core-i386-win32-vc8-debug:sip_endpoint.obj
 0002:0001fdc0       _pjsip_endpt_create_tdata  00488dc0 f   pjsip-core-i386-win32-vc8-debug:sip_endpoint.obj
 0002:0001fdf0       _pjsip_endpt_destroy       00488df0 f   pjsip-core-i386-win32-vc8-debug:sip_endpoint.obj
 0002:0001ffb0       _pjsip_endpt_dump          00488fb0 f   pjsip-core-i386-win32-vc8-debug:sip_endpoint.obj
 0002:00020130       _pjsip_endpt_get_capability 00489130 f   pjsip-core-i386-win32-vc8-debug:sip_endpoint.obj
 0002:00020220       _pjsip_endpt_get_ioqueue   00489220 f   pjsip-core-i386-win32-vc8-debug:sip_endpoint.obj
 0002:00020240       _pjsip_endpt_get_request_headers 00489240 f   pjsip-core-i386-win32-vc8-debug:sip_endpoint.obj
 0002:00020260       _pjsip_endpt_get_resolver  00489260 f   pjsip-core-i386-win32-vc8-debug:sip_endpoint.obj
 0002:000202d0       _pjsip_endpt_get_timer_heap 004892d0 f   pjsip-core-i386-win32-vc8-debug:sip_endpoint.obj
 0002:000202f0       _pjsip_endpt_get_tpmgr     004892f0 f   pjsip-core-i386-win32-vc8-debug:sip_endpoint.obj
 0002:00020310       _pjsip_endpt_handle_events 00489310 f   pjsip-core-i386-win32-vc8-debug:sip_endpoint.obj
 0002:00020340       _pjsip_endpt_handle_events2 00489340 f   pjsip-core-i386-win32-vc8-debug:sip_endpoint.obj
 0002:00020500       _pjsip_endpt_has_capability 00489500 f   pjsip-core-i386-win32-vc8-debug:sip_endpoint.obj
 0002:000205d0       _pjsip_endpt_log_error     004895d0 f   pjsip-core-i386-win32-vc8-debug:sip_endpoint.obj
 0002:000207a0       _pjsip_endpt_name          004897a0 f   pjsip-core-i386-win32-vc8-debug:sip_endpoint.obj
 0002:000207c0       _pjsip_endpt_process_rx_data 004897c0 f   pjsip-core-i386-win32-vc8-debug:sip_endpoint.obj
 0002:00020a90       _pjsip_endpt_register_module 00489a90 f   pjsip-core-i386-win32-vc8-debug:sip_endpoint.obj
 0002:00020d50       _pjsip_endpt_release_pool  00489d50 f   pjsip-core-i386-win32-vc8-debug:sip_endpoint.obj
 0002:00020d80       _pjsip_endpt_resolve       00489d80 f   pjsip-core-i386-win32-vc8-debug:sip_endpoint.obj
 0002:00020dc0       _pjsip_endpt_schedule_timer 00489dc0 f   pjsip-core-i386-win32-vc8-debug:sip_endpoint.obj
 0002:00020e00       _pjsip_endpt_set_resolver  00489e00 f   pjsip-core-i386-win32-vc8-debug:sip_endpoint.obj
 0002:00020e30       _pjsip_endpt_unregister_module 00489e30 f   pjsip-core-i386-win32-vc8-debug:sip_endpoint.obj
 0002:00021030       _pjsip_process_rdata_param_default 0048a030 f   pjsip-core-i386-win32-vc8-debug:sip_endpoint.obj
 0002:00021630       _pjsip_endpt_create_ack    0048a630 f   pjsip-core-i386-win32-vc8-debug:sip_util.obj
 0002:000219e0       _pjsip_endpt_create_cancel 0048a9e0 f   pjsip-core-i386-win32-vc8-debug:sip_util.obj
 0002:00021e30       _pjsip_endpt_create_request 0048ae30 f   pjsip-core-i386-win32-vc8-debug:sip_util.obj
 0002:00022210       _pjsip_endpt_create_request_from_hdr 0048b210 f   pjsip-core-i386-win32-vc8-debug:sip_util.obj
 0002:00022540       _pjsip_endpt_create_response 0048b540 f   pjsip-core-i386-win32-vc8-debug:sip_util.obj
 0002:000229e0       _pjsip_endpt_respond_stateless 0048b9e0 f   pjsip-core-i386-win32-vc8-debug:sip_util.obj
 0002:00022c80       _pjsip_endpt_send_raw      0048bc80 f   pjsip-core-i386-win32-vc8-debug:sip_util.obj
 0002:00022ce0       _pjsip_endpt_send_raw_to_uri 0048bce0 f   pjsip-core-i386-win32-vc8-debug:sip_util.obj
 0002:00022f40       _pjsip_endpt_send_request_stateless 0048bf40 f   pjsip-core-i386-win32-vc8-debug:sip_util.obj
 0002:000230d0       _pjsip_endpt_send_response 0048c0d0 f   pjsip-core-i386-win32-vc8-debug:sip_util.obj
 0002:00023260       _pjsip_endpt_send_response2 0048c260 f   pjsip-core-i386-win32-vc8-debug:sip_util.obj
 0002:00023300       _pjsip_event_str           0048c300 f   pjsip-core-i386-win32-vc8-debug:sip_util.obj
 0002:00023320       _pjsip_get_dest_info       0048c320 f   pjsip-core-i386-win32-vc8-debug:sip_util.obj
 0002:00023620       _pjsip_get_request_dest    0048c620 f   pjsip-core-i386-win32-vc8-debug:sip_util.obj
 0002:00023740       _pjsip_get_response_addr   0048c740 f   pjsip-core-i386-win32-vc8-debug:sip_util.obj
 0002:00023bb0       _pjsip_process_route_set   0048cbb0 f   pjsip-core-i386-win32-vc8-debug:sip_util.obj
 0002:00023f50       _pjsip_restore_strict_route_set 0048cf50 f   pjsip-core-i386-win32-vc8-debug:sip_util.obj
 0002:00024090       _pjsip_target_assign_status 0048d090 f   pjsip-core-i386-win32-vc8-debug:sip_util.obj
 0002:00024140       _pjsip_target_set_add_from_msg 0048d140 f   pjsip-core-i386-win32-vc8-debug:sip_util.obj
 0002:00024260       _pjsip_target_set_add_uri  0048d260 f   pjsip-core-i386-win32-vc8-debug:sip_util.obj
 0002:000243e0       _pjsip_target_set_get_next 0048d3e0 f   pjsip-core-i386-win32-vc8-debug:sip_util.obj
 0002:00024480       _pjsip_target_set_set_current 0048d480 f   pjsip-core-i386-win32-vc8-debug:sip_util.obj
 0002:000253e0       _pjsip_endpt_respond       0048e3e0 f   pjsip-core-i386-win32-vc8-debug:sip_util_statefull.obj
 0002:000255e0       _pjsip_endpt_send_request  0048e5e0 f   pjsip-core-i386-win32-vc8-debug:sip_util_statefull.obj
 0002:00025c60       _pjsip_udp_transport_attach 0048ec60 f   pjsip-core-i386-win32-vc8-debug:sip_transport_udp.obj
 0002:00025ca0       _pjsip_udp_transport_attach2 0048eca0 f   pjsip-core-i386-win32-vc8-debug:sip_transport_udp.obj
 0002:00025ce0       _pjsip_udp_transport_get_socket 0048ece0 f   pjsip-core-i386-win32-vc8-debug:sip_transport_udp.obj
 0002:00025d50       _pjsip_udp_transport_pause 0048ed50 f   pjsip-core-i386-win32-vc8-debug:sip_transport_udp.obj
 0002:00025f80       _pjsip_udp_transport_restart 0048ef80 f   pjsip-core-i386-win32-vc8-debug:sip_transport_udp.obj
 0002:000262d0       _pjsip_udp_transport_start 0048f2d0 f   pjsip-core-i386-win32-vc8-debug:sip_transport_udp.obj
 0002:00026400       _pjsip_udp_transport_start6 0048f400 f   pjsip-core-i386-win32-vc8-debug:sip_transport_udp.obj
 0002:00028860       _pjsip_tcp_transport_cfg_default 00491860 f   pjsip-core-i386-win32-vc8-debug:sip_transport_tcp.obj
 0002:000288d0       _pjsip_tcp_transport_get_socket 004918d0 f   pjsip-core-i386-win32-vc8-debug:sip_transport_tcp.obj
 0002:00028940       _pjsip_tcp_transport_start 00491940 f   pjsip-core-i386-win32-vc8-debug:sip_transport_tcp.obj
 0002:00028980       _pjsip_tcp_transport_start2 00491980 f   pjsip-core-i386-win32-vc8-debug:sip_transport_tcp.obj
 0002:00028a60       _pjsip_tcp_transport_start3 00491a60 f   pjsip-core-i386-win32-vc8-debug:sip_transport_tcp.obj
 0002:0002d060       _pjsip_rdata_get_tsx       00496060 f   pjsip-core-i386-win32-vc8-debug:sip_transaction.obj
 0002:0002d090       _pjsip_role_name           00496090 f   pjsip-core-i386-win32-vc8-debug:sip_transaction.obj
 0002:0002d0b0       _pjsip_tsx_create_key      004960b0 f   pjsip-core-i386-win32-vc8-debug:sip_transaction.obj
 0002:0002d150       _pjsip_tsx_create_uac      00496150 f   pjsip-core-i386-win32-vc8-debug:sip_transaction.obj
 0002:0002d180       _pjsip_tsx_create_uac2     00496180 f   pjsip-core-i386-win32-vc8-debug:sip_transaction.obj
 0002:0002d650       _pjsip_tsx_create_uas      00496650 f   pjsip-core-i386-win32-vc8-debug:sip_transaction.obj
 0002:0002d680       _pjsip_tsx_create_uas2     00496680 f   pjsip-core-i386-win32-vc8-debug:sip_transaction.obj
 0002:0002db60       _pjsip_tsx_layer_destroy   00496b60 f   pjsip-core-i386-win32-vc8-debug:sip_transaction.obj
 0002:0002dbe0       _pjsip_tsx_layer_dump      00496be0 f   pjsip-core-i386-win32-vc8-debug:sip_transaction.obj
 0002:0002ddb0       _pjsip_tsx_layer_find_tsx  00496db0 f   pjsip-core-i386-win32-vc8-debug:sip_transaction.obj
 0002:0002de80       _pjsip_tsx_layer_get_tsx_count 00496e80 f   pjsip-core-i386-win32-vc8-debug:sip_transaction.obj
 0002:0002df20       _pjsip_tsx_layer_init_module 00496f20 f   pjsip-core-i386-win32-vc8-debug:sip_transaction.obj
 0002:0002e1d0       _pjsip_tsx_layer_instance  004971d0 f   pjsip-core-i386-win32-vc8-debug:sip_transaction.obj
 0002:0002e1f0       _pjsip_tsx_recv_msg        004971f0 f   pjsip-core-i386-win32-vc8-debug:sip_transaction.obj
 0002:0002e2d0       _pjsip_tsx_retransmit_no_state 004972d0 f   pjsip-core-i386-win32-vc8-debug:sip_transaction.obj
 0002:0002e360       _pjsip_tsx_send_msg        00497360 f   pjsip-core-i386-win32-vc8-debug:sip_transaction.obj
 0002:0002e4b0       _pjsip_tsx_set_timeout     004974b0 f   pjsip-core-i386-win32-vc8-debug:sip_transaction.obj
 0002:0002e620       _pjsip_tsx_set_transport   00497620 f   pjsip-core-i386-win32-vc8-debug:sip_transaction.obj
 0002:0002e700       _pjsip_tsx_state_str       00497700 f   pjsip-core-i386-win32-vc8-debug:sip_transaction.obj
 0002:0002e720       _pjsip_tsx_stop_retransmit 00497720 f   pjsip-core-i386-win32-vc8-debug:sip_transaction.obj
 0002:0002e850       _pjsip_tsx_terminate       00497850 f   pjsip-core-i386-win32-vc8-debug:sip_transaction.obj
 0002:00031330       _pjsip_rdata_get_dlg       0049a330 f   pjsip-core-i386-win32-vc8-debug:sip_ua_layer.obj
 0002:00031360       _pjsip_tsx_get_dlg         0049a360 f   pjsip-core-i386-win32-vc8-debug:sip_ua_layer.obj
 0002:00031390       _pjsip_ua_destroy          0049a390 f   pjsip-core-i386-win32-vc8-debug:sip_ua_layer.obj
 0002:00031410       _pjsip_ua_dump             0049a410 f   pjsip-core-i386-win32-vc8-debug:sip_ua_layer.obj
 0002:00031690       _pjsip_ua_find_dialog      0049a690 f   pjsip-core-i386-win32-vc8-debug:sip_ua_layer.obj
 0002:000318c0       _pjsip_ua_get_dlg_set_count 0049a8c0 f   pjsip-core-i386-win32-vc8-debug:sip_ua_layer.obj
 0002:00031960       _pjsip_ua_get_endpt        0049a960 f   pjsip-core-i386-win32-vc8-debug:sip_ua_layer.obj
 0002:000319b0       _pjsip_ua_init_module      0049a9b0 f   pjsip-core-i386-win32-vc8-debug:sip_ua_layer.obj
 0002:00031a50       _pjsip_ua_instance         0049aa50 f   pjsip-core-i386-win32-vc8-debug:sip_ua_layer.obj
 0002:00031a70       _pjsip_ua_register_dlg     0049aa70 f   pjsip-core-i386-win32-vc8-debug:sip_ua_layer.obj
 0002:00031d70       _pjsip_ua_unregister_dlg   0049ad70 f   pjsip-core-i386-win32-vc8-debug:sip_ua_layer.obj
 0002:00032b30       _pjsip_dlg_add_usage       0049bb30 f   pjsip-core-i386-win32-vc8-debug:sip_dialog.obj
 0002:00032df0       _pjsip_dlg_create_request  0049bdf0 f   pjsip-core-i386-win32-vc8-debug:sip_dialog.obj
 0002:00032f80       _pjsip_dlg_create_response 0049bf80 f   pjsip-core-i386-win32-vc8-debug:sip_dialog.obj
 0002:00033020       _pjsip_dlg_create_uac      0049c020 f   pjsip-core-i386-win32-vc8-debug:sip_dialog.obj
 0002:000337b0       _pjsip_dlg_create_uas      0049c7b0 f   pjsip-core-i386-win32-vc8-debug:sip_dialog.obj
 0002:00034100       _pjsip_dlg_dec_lock        0049d100 f   pjsip-core-i386-win32-vc8-debug:sip_dialog.obj
 0002:00034220       _pjsip_dlg_dec_session     0049d220 f   pjsip-core-i386-win32-vc8-debug:sip_dialog.obj
 0002:00034310       _pjsip_dlg_fork            0049d310 f   pjsip-core-i386-win32-vc8-debug:sip_dialog.obj
 0002:000348e0       _pjsip_dlg_get_mod_data    0049d8e0 f   pjsip-core-i386-win32-vc8-debug:sip_dialog.obj
 0002:00034990       _pjsip_dlg_get_remote_cap_hdr 0049d990 f   pjsip-core-i386-win32-vc8-debug:sip_dialog.obj
 0002:00034af0       _pjsip_dlg_has_usage       0049daf0 f   pjsip-core-i386-win32-vc8-debug:sip_dialog.obj
 0002:00034b80       _pjsip_dlg_inc_lock        0049db80 f   pjsip-core-i386-win32-vc8-debug:sip_dialog.obj
 0002:00034be0       _pjsip_dlg_inc_session     0049dbe0 f   pjsip-core-i386-win32-vc8-debug:sip_dialog.obj
 0002:00034ce0       _pjsip_dlg_modify_response 0049dce0 f   pjsip-core-i386-win32-vc8-debug:sip_dialog.obj
 0002:00034f40       _pjsip_dlg_on_rx_request   0049df40 f   pjsip-core-i386-win32-vc8-debug:sip_dialog.obj
 0002:00035430       _pjsip_dlg_on_rx_response  0049e430 f   pjsip-core-i386-win32-vc8-debug:sip_dialog.obj
 0002:00035a60       _pjsip_dlg_on_tsx_state    0049ea60 f   pjsip-core-i386-win32-vc8-debug:sip_dialog.obj
 0002:00035bf0       _pjsip_dlg_remote_has_cap  0049ebf0 f   pjsip-core-i386-win32-vc8-debug:sip_dialog.obj
 0002:00035d10       _pjsip_dlg_remove_remote_cap_hdr 0049ed10 f   pjsip-core-i386-win32-vc8-debug:sip_dialog.obj
 0002:00035e40       _pjsip_dlg_respond         0049ee40 f   pjsip-core-i386-win32-vc8-debug:sip_dialog.obj
 0002:000360c0       _pjsip_dlg_send_request    0049f0c0 f   pjsip-core-i386-win32-vc8-debug:sip_dialog.obj
 0002:000364c0       _pjsip_dlg_send_response   0049f4c0 f   pjsip-core-i386-win32-vc8-debug:sip_dialog.obj
 0002:00036850       _pjsip_dlg_set_mod_data    0049f850 f   pjsip-core-i386-win32-vc8-debug:sip_dialog.obj
 0002:00036910       _pjsip_dlg_set_remote_cap_hdr 0049f910 f   pjsip-core-i386-win32-vc8-debug:sip_dialog.obj
 0002:00036ae0       _pjsip_dlg_set_route_set   0049fae0 f   pjsip-core-i386-win32-vc8-debug:sip_dialog.obj
 0002:00036bf0       _pjsip_dlg_set_transport   0049fbf0 f   pjsip-core-i386-win32-vc8-debug:sip_dialog.obj
 0002:00036cc0       _pjsip_dlg_set_via_sent_by 0049fcc0 f   pjsip-core-i386-win32-vc8-debug:sip_dialog.obj
 0002:00036da0       _pjsip_dlg_terminate       0049fda0 f   pjsip-core-i386-win32-vc8-debug:sip_dialog.obj
 0002:00036e60       _pjsip_dlg_try_inc_lock    0049fe60 f   pjsip-core-i386-win32-vc8-debug:sip_dialog.obj
 0002:00036ee0       _pjsip_dlg_update_remote_cap 0049fee0 f   pjsip-core-i386-win32-vc8-debug:sip_dialog.obj
 0002:00037140       _pjsip_method_creates_dialog 004a0140 f   pjsip-core-i386-win32-vc8-debug:sip_dialog.obj
 0002:00037d30       _pjsip_auth_clt_clone      004a0d30 f   pjsip-core-i386-win32-vc8-debug:sip_auth_client.obj
 0002:00037f30       _pjsip_auth_clt_get_prefs  004a0f30 f   pjsip-core-i386-win32-vc8-debug:sip_auth_client.obj
 0002:00037fb0       _pjsip_auth_clt_init       004a0fb0 f   pjsip-core-i386-win32-vc8-debug:sip_auth_client.obj
 0002:00038080       _pjsip_auth_clt_init_req   004a1080 f   pjsip-core-i386-win32-vc8-debug:sip_auth_client.obj
 0002:00038410       _pjsip_auth_clt_pref_dup   004a1410 f   pjsip-core-i386-win32-vc8-debug:sip_auth_client.obj
 0002:00038460       _pjsip_auth_clt_reinit_req 004a1460 f   pjsip-core-i386-win32-vc8-debug:sip_auth_client.obj
 0002:000388d0       _pjsip_auth_clt_set_credentials 004a18d0 f   pjsip-core-i386-win32-vc8-debug:sip_auth_client.obj
 0002:00038d50       _pjsip_auth_clt_set_prefs  004a1d50 f   pjsip-core-i386-win32-vc8-debug:sip_auth_client.obj
 0002:00038e00       _pjsip_auth_create_digest  004a1e00 f   pjsip-core-i386-win32-vc8-debug:sip_auth_client.obj
 0002:00039240       _pjsip_cred_info_cmp       004a2240 f   pjsip-core-i386-win32-vc8-debug:sip_auth_client.obj
 0002:000393d0       _pjsip_cred_info_dup       004a23d0 f   pjsip-core-i386-win32-vc8-debug:sip_auth_client.obj
 0002:00039e00       _deinit_sip_parser         004a2e00 f   pjsip-core-i386-win32-vc8-debug:sip_parser.obj
 0002:0003b470       _init_sip_parser           004a4470 f   pjsip-core-i386-win32-vc8-debug:sip_parser.obj
 0002:0003e8b0       _pjsip_concat_param_imp    004a78b0 f   pjsip-core-i386-win32-vc8-debug:sip_parser.obj
 0002:0003e9f0       _pjsip_find_msg            004a79f0 f   pjsip-core-i386-win32-vc8-debug:sip_parser.obj
 0002:0003ed70       _pjsip_parse_end_hdr_imp   004a7d70 f   pjsip-core-i386-win32-vc8-debug:sip_parser.obj
 0002:0003eda0       _pjsip_parse_generic_array_hdr_imp 004a7da0 f   pjsip-core-i386-win32-vc8-debug:sip_parser.obj
 0002:0003edd0       _pjsip_parse_hdr           004a7dd0 f   pjsip-core-i386-win32-vc8-debug:sip_parser.obj
 0002:0003ef40       _pjsip_parse_headers       004a7f40 f   pjsip-core-i386-win32-vc8-debug:sip_parser.obj
 0002:0003f250       _pjsip_parse_msg           004a8250 f   pjsip-core-i386-win32-vc8-debug:sip_parser.obj
 0002:0003f2d0       _pjsip_parse_param_imp     004a82d0 f   pjsip-core-i386-win32-vc8-debug:sip_parser.obj
 0002:0003f320       _pjsip_parse_rdata         004a8320 f   pjsip-core-i386-win32-vc8-debug:sip_parser.obj
 0002:0003f3b0       _pjsip_parse_status_line   004a83b0 f   pjsip-core-i386-win32-vc8-debug:sip_parser.obj
 0002:0003f4b0       _pjsip_parse_uri           004a84b0 f   pjsip-core-i386-win32-vc8-debug:sip_parser.obj
 0002:0003f5d0       _pjsip_parse_uri_param_imp 004a85d0 f   pjsip-core-i386-win32-vc8-debug:sip_parser.obj
 0002:0003f620       _pjsip_parser_const        004a8620 f   pjsip-core-i386-win32-vc8-debug:sip_parser.obj
 0002:0003f640       _pjsip_register_hdr_parser 004a8640 f   pjsip-core-i386-win32-vc8-debug:sip_parser.obj
 0002:0003f7c0       _pjsip_register_uri_parser 004a87c0 f   pjsip-core-i386-win32-vc8-debug:sip_parser.obj
 0002:00040440       _pjsip_multipart_add_part  004a9440 f   pjsip-core-i386-win32-vc8-debug:sip_multipart.obj
 0002:00040590       _pjsip_multipart_clone_part 004a9590 f   pjsip-core-i386-win32-vc8-debug:sip_multipart.obj
 0002:00040630       _pjsip_multipart_create    004a9630 f   pjsip-core-i386-win32-vc8-debug:sip_multipart.obj
 0002:00040820       _pjsip_multipart_create_part 004a9820 f   pjsip-core-i386-win32-vc8-debug:sip_multipart.obj
 0002:00040860       _pjsip_multipart_find_part 004a9860 f   pjsip-core-i386-win32-vc8-debug:sip_multipart.obj
 0002:00040980       _pjsip_multipart_get_first_part 004a9980 f   pjsip-core-i386-win32-vc8-debug:sip_multipart.obj
 0002:00040a50       _pjsip_multipart_get_next_part 004a9a50 f   pjsip-core-i386-win32-vc8-debug:sip_multipart.obj
 0002:00040b90       _pjsip_multipart_parse     004a9b90 f   pjsip-core-i386-win32-vc8-debug:sip_multipart.obj
 0002:00042480       _pjsip_name_addr_assign    004ab480 f   pjsip-core-i386-win32-vc8-debug:sip_uri.obj
 0002:000424e0       _pjsip_name_addr_create    004ab4e0 f   pjsip-core-i386-win32-vc8-debug:sip_uri.obj
 0002:00042520       _pjsip_name_addr_init      004ab520 f   pjsip-core-i386-win32-vc8-debug:sip_uri.obj
 0002:00042570       _pjsip_other_uri_create    004ab570 f   pjsip-core-i386-win32-vc8-debug:sip_uri.obj
 0002:000425b0       _pjsip_param_clone         004ab5b0 f   pjsip-core-i386-win32-vc8-debug:sip_uri.obj
 0002:00042670       _pjsip_param_cmp           004ab670 f   pjsip-core-i386-win32-vc8-debug:sip_uri.obj
 0002:00042750       _pjsip_param_find          004ab750 f   pjsip-core-i386-win32-vc8-debug:sip_uri.obj
 0002:000427b0       _pjsip_param_print_on      004ab7b0 f   pjsip-core-i386-win32-vc8-debug:sip_uri.obj
 0002:00042960       _pjsip_param_shallow_clone 004ab960 f   pjsip-core-i386-win32-vc8-debug:sip_uri.obj
 0002:00042a00       _pjsip_sip_uri_assign      004aba00 f   pjsip-core-i386-win32-vc8-debug:sip_uri.obj
 0002:00042b70       _pjsip_sip_uri_create      004abb70 f   pjsip-core-i386-win32-vc8-debug:sip_uri.obj
 0002:00042bc0       _pjsip_sip_uri_init        004abbc0 f   pjsip-core-i386-win32-vc8-debug:sip_uri.obj
 0002:00042c30       _pjsip_sip_uri_set_secure  004abc30 f   pjsip-core-i386-win32-vc8-debug:sip_uri.obj
 0002:000430b0       _pjsip_resolve             004ac0b0 f   pjsip-core-i386-win32-vc8-debug:sip_resolve.obj
 0002:00043b50       _pjsip_resolver_create     004acb50 f   pjsip-core-i386-win32-vc8-debug:sip_resolve.obj
 0002:00043be0       _pjsip_resolver_destroy    004acbe0 f   pjsip-core-i386-win32-vc8-debug:sip_resolve.obj
 0002:00043c20       _pjsip_resolver_get_resolver 004acc20 f   pjsip-core-i386-win32-vc8-debug:sip_resolve.obj
 0002:00043c40       _pjsip_resolver_set_resolver 004acc40 f   pjsip-core-i386-win32-vc8-debug:sip_resolve.obj
 0002:00043ed0       _pjsip_strerror            004aced0 f   pjsip-core-i386-win32-vc8-debug:sip_errno.obj
 0002:000448e0       _pjsip_tel_nb_cmp          004ad8e0 f   pjsip-core-i386-win32-vc8-debug:sip_tel_uri.obj
 0002:00044aa0       _pjsip_tel_uri_create      004adaa0 f   pjsip-core-i386-win32-vc8-debug:sip_tel_uri.obj
 0002:00044af0       _pjsip_tel_uri_subsys_init 004adaf0 f   pjsip-core-i386-win32-vc8-debug:sip_tel_uri.obj
 0002:00045d40       _pjsip_authorization_hdr_create 004aed40 f   pjsip-core-i386-win32-vc8-debug:sip_auth_msg.obj
 0002:00045da0       _pjsip_proxy_authenticate_hdr_create 004aeda0 f   pjsip-core-i386-win32-vc8-debug:sip_auth_msg.obj
 0002:00045e00       _pjsip_proxy_authorization_hdr_create 004aee00 f   pjsip-core-i386-win32-vc8-debug:sip_auth_msg.obj
 0002:00045e60       _pjsip_www_authenticate_hdr_create 004aee60 f   pjsip-core-i386-win32-vc8-debug:sip_auth_msg.obj
 0002:000478f0       _pjsip_auth_deinit_parser  004b08f0 f   pjsip-core-i386-win32-vc8-debug:sip_auth_parser.obj
 0002:00047910       _pjsip_auth_init_parser    004b0910 f   pjsip-core-i386-win32-vc8-debug:sip_auth_parser.obj
 0002:00048770       _pjmedia_sdp_attr_add      004b1770 f   pjmedia-i386-win32-vc8-debug:sdp.obj
 0002:00048850       _pjmedia_sdp_attr_clone    004b1850 f   pjmedia-i386-win32-vc8-debug:sdp.obj
 0002:00048900       _pjmedia_sdp_attr_create   004b1900 f   pjmedia-i386-win32-vc8-debug:sdp.obj
 0002:000489d0       _pjmedia_sdp_attr_create_rtcp 004b19d0 f   pjmedia-i386-win32-vc8-debug:sdp.obj
 0002:00048b50       _pjmedia_sdp_attr_find     004b1b50 f   pjmedia-i386-win32-vc8-debug:sdp.obj
 0002:00048c20       _pjmedia_sdp_attr_find2    004b1c20 f   pjmedia-i386-win32-vc8-debug:sdp.obj
 0002:00048c70       _pjmedia_sdp_attr_get_fmtp 004b1c70 f   pjmedia-i386-win32-vc8-debug:sdp.obj
 0002:00048db0       _pjmedia_sdp_attr_get_rtcp 004b1db0 f   pjmedia-i386-win32-vc8-debug:sdp.obj
 0002:00048fc0       _pjmedia_sdp_attr_get_rtpmap 004b1fc0 f   pjmedia-i386-win32-vc8-debug:sdp.obj
 0002:00049330       _pjmedia_sdp_attr_remove   004b2330 f   pjmedia-i386-win32-vc8-debug:sdp.obj
 0002:00049440       _pjmedia_sdp_attr_remove_all 004b2440 f   pjmedia-i386-win32-vc8-debug:sdp.obj
 0002:00049560       _pjmedia_sdp_attr_to_rtpmap 004b2560 f   pjmedia-i386-win32-vc8-debug:sdp.obj
 0002:00049650       _pjmedia_sdp_bandw_clone   004b2650 f   pjmedia-i386-win32-vc8-debug:sdp.obj
 0002:000496c0       _pjmedia_sdp_conn_clone    004b26c0 f   pjmedia-i386-win32-vc8-debug:sdp.obj
 0002:00049780       _pjmedia_sdp_media_add_attr 004b2780 f   pjmedia-i386-win32-vc8-debug:sdp.obj
 0002:000497c0       _pjmedia_sdp_media_clone   004b27c0 f   pjmedia-i386-win32-vc8-debug:sdp.obj
 0002:00049b20       _pjmedia_sdp_media_clone_deactivate 004b2b20 f   pjmedia-i386-win32-vc8-debug:sdp.obj
 0002:00049db0       _pjmedia_sdp_media_deactivate 004b2db0 f   pjmedia-i386-win32-vc8-debug:sdp.obj
 0002:00049e20       _pjmedia_sdp_media_find_attr 004b2e20 f   pjmedia-i386-win32-vc8-debug:sdp.obj
 0002:00049eb0       _pjmedia_sdp_media_find_attr2 004b2eb0 f   pjmedia-i386-win32-vc8-debug:sdp.obj
 0002:00049f40       _pjmedia_sdp_media_remove_all_attr 004b2f40 f   pjmedia-i386-win32-vc8-debug:sdp.obj
 0002:00049f80       _pjmedia_sdp_media_remove_attr 004b2f80 f   pjmedia-i386-win32-vc8-debug:sdp.obj
 0002:00049fc0       _pjmedia_sdp_parse         004b2fc0 f   pjmedia-i386-win32-vc8-debug:sdp.obj
 0002:0004a640       _pjmedia_sdp_print         004b3640 f   pjmedia-i386-win32-vc8-debug:sdp.obj
 0002:0004a670       _pjmedia_sdp_rtpmap_to_attr 004b3670 f   pjmedia-i386-win32-vc8-debug:sdp.obj
 0002:0004a8f0       _pjmedia_sdp_session_add_attr 004b38f0 f   pjmedia-i386-win32-vc8-debug:sdp.obj
 0002:0004a930       _pjmedia_sdp_session_clone 004b3930 f   pjmedia-i386-win32-vc8-debug:sdp.obj
 0002:0004ac70       _pjmedia_sdp_transport_cmp 004b3c70 f   pjmedia-i386-win32-vc8-debug:sdp.obj
 0002:0004ad20       _pjmedia_sdp_validate      004b3d20 f   pjmedia-i386-win32-vc8-debug:sdp.obj
 0002:0004ad50       _pjmedia_sdp_validate2     004b3d50 f   pjmedia-i386-win32-vc8-debug:sdp.obj
 0002:0004cf30       _pjmedia_sdp_neg_cancel_offer 004b5f30 f   pjmedia-i386-win32-vc8-debug:sdp_neg.obj
 0002:0004d040       _pjmedia_sdp_neg_create_w_local_offer 004b6040 f   pjmedia-i386-win32-vc8-debug:sdp_neg.obj
 0002:0004d1f0       _pjmedia_sdp_neg_create_w_remote_offer 004b61f0 f   pjmedia-i386-win32-vc8-debug:sdp_neg.obj
 0002:0004d3f0       _pjmedia_sdp_neg_fmt_match 004b63f0 f   pjmedia-i386-win32-vc8-debug:sdp_neg.obj
 0002:0004d5c0       _pjmedia_sdp_neg_get_active_local 004b65c0 f   pjmedia-i386-win32-vc8-debug:sdp_neg.obj
 0002:0004d680       _pjmedia_sdp_neg_get_active_remote 004b6680 f   pjmedia-i386-win32-vc8-debug:sdp_neg.obj
 0002:0004d740       _pjmedia_sdp_neg_get_neg_local 004b6740 f   pjmedia-i386-win32-vc8-debug:sdp_neg.obj
 0002:0004d800       _pjmedia_sdp_neg_get_neg_remote 004b6800 f   pjmedia-i386-win32-vc8-debug:sdp_neg.obj
 0002:0004d8c0       _pjmedia_sdp_neg_get_state 004b68c0 f   pjmedia-i386-win32-vc8-debug:sdp_neg.obj
 0002:0004d920       _pjmedia_sdp_neg_has_local_answer 004b6920 f   pjmedia-i386-win32-vc8-debug:sdp_neg.obj
 0002:0004d990       _pjmedia_sdp_neg_modify_local_offer 004b6990 f   pjmedia-i386-win32-vc8-debug:sdp_neg.obj
 0002:0004d9c0       _pjmedia_sdp_neg_modify_local_offer2 004b69c0 f   pjmedia-i386-win32-vc8-debug:sdp_neg.obj
 0002:0004de00       _pjmedia_sdp_neg_negotiate 004b6e00 f   pjmedia-i386-win32-vc8-debug:sdp_neg.obj
 0002:0004e050       _pjmedia_sdp_neg_register_fmt_match_cb 004b7050 f   pjmedia-i386-win32-vc8-debug:sdp_neg.obj
 0002:0004e1e0       _pjmedia_sdp_neg_send_local_offer 004b71e0 f   pjmedia-i386-win32-vc8-debug:sdp_neg.obj
 0002:0004e350       _pjmedia_sdp_neg_set_answer_multiple_codecs 004b7350 f   pjmedia-i386-win32-vc8-debug:sdp_neg.obj
 0002:0004e3b0       _pjmedia_sdp_neg_set_local_answer 004b73b0 f   pjmedia-i386-win32-vc8-debug:sdp_neg.obj
 0002:0004e570       _pjmedia_sdp_neg_set_prefer_remote_codec_order 004b7570 f   pjmedia-i386-win32-vc8-debug:sdp_neg.obj
 0002:0004e5d0       _pjmedia_sdp_neg_set_remote_answer 004b75d0 f   pjmedia-i386-win32-vc8-debug:sdp_neg.obj
 0002:0004e6c0       _pjmedia_sdp_neg_set_remote_offer 004b76c0 f   pjmedia-i386-win32-vc8-debug:sdp_neg.obj
 0002:0004e7a0       _pjmedia_sdp_neg_state_str 004b77a0 f   pjmedia-i386-win32-vc8-debug:sdp_neg.obj
 0002:0004e7e0       _pjmedia_sdp_neg_was_answer_remote 004b77e0 f   pjmedia-i386-win32-vc8-debug:sdp_neg.obj
 0002:0004f7b0       _pjlib_util_init           004b87b0 f   pjlib-util-i386-win32-vc8-debug:errno.obj
 0002:0004f810       _pjlib_util_strerror       004b8810 f   pjlib-util-i386-win32-vc8-debug:errno.obj
 0002:000509b0       _pj_getopt                 004b99b0 f   pjlib-util-i386-win32-vc8-debug:getopt.obj
 0002:000509f0       _pj_getopt_long            004b99f0 f   pjlib-util-i386-win32-vc8-debug:getopt.obj
 0002:00050a60       _pj_cis_add_alpha          004b9a60 f   pjlib-util-i386-win32-vc8-debug:scanner.obj
 0002:00050aa0       _pj_cis_add_cis            004b9aa0 f   pjlib-util-i386-win32-vc8-debug:scanner.obj
 0002:00050b30       _pj_cis_add_num            004b9b30 f   pjlib-util-i386-win32-vc8-debug:scanner.obj
 0002:00050b60       _pj_cis_add_range          004b9b60 f   pjlib-util-i386-win32-vc8-debug:scanner.obj
 0002:00050be0       _pj_cis_add_str            004b9be0 f   pjlib-util-i386-win32-vc8-debug:scanner.obj
 0002:00050c50       _pj_cis_buf_init           004b9c50 f   pjlib-util-i386-win32-vc8-debug:scanner.obj
 0002:00050c90       _pj_cis_del_range          004b9c90 f   pjlib-util-i386-win32-vc8-debug:scanner.obj
 0002:00050cf0       _pj_cis_del_str            004b9cf0 f   pjlib-util-i386-win32-vc8-debug:scanner.obj
 0002:00050d60       _pj_cis_dup                004b9d60 f   pjlib-util-i386-win32-vc8-debug:scanner.obj
 0002:00050e50       _pj_cis_init               004b9e50 f   pjlib-util-i386-win32-vc8-debug:scanner.obj
 0002:00050ef0       _pj_cis_invert             004b9ef0 f   pjlib-util-i386-win32-vc8-debug:scanner.obj
 0002:000510b0       _pj_scan_advance_n         004ba0b0 f   pjlib-util-i386-win32-vc8-debug:scanner.obj
 0002:00051130       _pj_scan_fini              004ba130 f   pjlib-util-i386-win32-vc8-debug:scanner.obj
 0002:00051160       _pj_scan_get               004ba160 f   pjlib-util-i386-win32-vc8-debug:scanner.obj
 0002:00051260       _pj_scan_get_char          004ba260 f   pjlib-util-i386-win32-vc8-debug:scanner.obj
 0002:000512e0       _pj_scan_get_n             004ba2e0 f   pjlib-util-i386-win32-vc8-debug:scanner.obj
 0002:00051380       _pj_scan_get_newline       004ba380 f   pjlib-util-i386-win32-vc8-debug:scanner.obj
 0002:00051440       _pj_scan_get_quote         004ba440 f   pjlib-util-i386-win32-vc8-debug:scanner.obj
 0002:00051490       _pj_scan_get_quotes        004ba490 f   pjlib-util-i386-win32-vc8-debug:scanner.obj
 0002:000516b0       _pj_scan_get_unescape      004ba6b0 f   pjlib-util-i386-win32-vc8-debug:scanner.obj
 0002:00051960       _pj_scan_get_until         004ba960 f   pjlib-util-i386-win32-vc8-debug:scanner.obj
 0002:00051a30       _pj_scan_get_until_ch      004baa30 f   pjlib-util-i386-win32-vc8-debug:scanner.obj
 0002:00051af0       _pj_scan_get_until_chr     004baaf0 f   pjlib-util-i386-win32-vc8-debug:scanner.obj
 0002:00051be0       _pj_scan_init              004babe0 f   pjlib-util-i386-win32-vc8-debug:scanner.obj
 0002:00051c80       _pj_scan_peek              004bac80 f   pjlib-util-i386-win32-vc8-debug:scanner.obj
 0002:00051d20       _pj_scan_peek_n            004bad20 f   pjlib-util-i386-win32-vc8-debug:scanner.obj
 0002:00051d90       _pj_scan_peek_until        004bad90 f   pjlib-util-i386-win32-vc8-debug:scanner.obj
 0002:00051e30       _pj_scan_restore_state     004bae30 f   pjlib-util-i386-win32-vc8-debug:scanner.obj
 0002:00051e70       _pj_scan_save_state        004bae70 f   pjlib-util-i386-win32-vc8-debug:scanner.obj
 0002:00051eb0       _pj_scan_skip_line         004baeb0 f   pjlib-util-i386-win32-vc8-debug:scanner.obj
 0002:00051f30       _pj_scan_skip_whitespace   004baf30 f   pjlib-util-i386-win32-vc8-debug:scanner.obj
 0002:00052190       _pj_scan_strcmp            004bb190 f   pjlib-util-i386-win32-vc8-debug:scanner.obj
 0002:000521f0       _pj_scan_stricmp           004bb1f0 f   pjlib-util-i386-win32-vc8-debug:scanner.obj
 0002:00052250       _pj_scan_stricmp_alnum     004bb250 f   pjlib-util-i386-win32-vc8-debug:scanner.obj
 0002:00052410       _pj_str_unescape           004bb410 f   pjlib-util-i386-win32-vc8-debug:string.obj
 0002:000525b0       _pj_strcpy_unescape        004bb5b0 f   pjlib-util-i386-win32-vc8-debug:string.obj
 0002:000526a0       _pj_strncpy2_escape        004bb6a0 f   pjlib-util-i386-win32-vc8-debug:string.obj
 0002:000527e0       _pj_strncpy_escape         004bb7e0 f   pjlib-util-i386-win32-vc8-debug:string.obj
 0002:000537d0       _pj_dns_parse_a_response   004bc7d0 f   pjlib-util-i386-win32-vc8-debug:resolver.obj
 0002:00053c50       _pj_dns_resolver_add_entry 004bcc50 f   pjlib-util-i386-win32-vc8-debug:resolver.obj
 0002:00053fb0       _pj_dns_resolver_cancel_query 004bcfb0 f   pjlib-util-i386-win32-vc8-debug:resolver.obj
 0002:00054080       _pj_dns_resolver_create    004bd080 f   pjlib-util-i386-win32-vc8-debug:resolver.obj
 0002:00054310       _pj_dns_resolver_destroy   004bd310 f   pjlib-util-i386-win32-vc8-debug:resolver.obj
 0002:00054600       _pj_dns_resolver_dump      004bd600 f   pjlib-util-i386-win32-vc8-debug:resolver.obj
 0002:00054a90       _pj_dns_resolver_get_cached_count 004bda90 f   pjlib-util-i386-win32-vc8-debug:resolver.obj
 0002:00054b30       _pj_dns_resolver_get_settings 004bdb30 f   pjlib-util-i386-win32-vc8-debug:resolver.obj
 0002:00054be0       _pj_dns_resolver_handle_events 004bdbe0 f   pjlib-util-i386-win32-vc8-debug:resolver.obj
 0002:00054c80       _pj_dns_resolver_set_ns    004bdc80 f   pjlib-util-i386-win32-vc8-debug:resolver.obj
 0002:00054e90       _pj_dns_resolver_set_settings 004bde90 f   pjlib-util-i386-win32-vc8-debug:resolver.obj
 0002:00054f40       _pj_dns_resolver_start_query 004bdf40 f   pjlib-util-i386-win32-vc8-debug:resolver.obj
 0002:000555d0       _pj_dns_settings_default   004be5d0 f   pjlib-util-i386-win32-vc8-debug:resolver.obj
 0002:00057b50       _pj_md5_final              004c0b50 f   pjlib-util-i386-win32-vc8-debug:md5.obj
 0002:00057ca0       _pj_md5_init               004c0ca0 f   pjlib-util-i386-win32-vc8-debug:md5.obj
 0002:00057d40       _pj_md5_update             004c0d40 f   pjlib-util-i386-win32-vc8-debug:md5.obj
 0002:00058d20       _pj_dns_get_type_name      004c1d20 f   pjlib-util-i386-win32-vc8-debug:dns.obj
 0002:00058e20       _pj_dns_init_a_rr          004c1e20 f   pjlib-util-i386-win32-vc8-debug:dns.obj
 0002:00058e90       _pj_dns_init_cname_rr      004c1e90 f   pjlib-util-i386-win32-vc8-debug:dns.obj
 0002:00058f10       _pj_dns_init_srv_rr        004c1f10 f   pjlib-util-i386-win32-vc8-debug:dns.obj
 0002:00058fb0       _pj_dns_make_query         004c1fb0 f   pjlib-util-i386-win32-vc8-debug:dns.obj
 0002:00059220       _pj_dns_packet_dup         004c2220 f   pjlib-util-i386-win32-vc8-debug:dns.obj
 0002:00059670       _pj_dns_parse_packet       004c2670 f   pjlib-util-i386-win32-vc8-debug:dns.obj
 0002:0005b0c0       _pj_dns_srv_cancel_query   004c40c0 f   pjlib-util-i386-win32-vc8-debug:srv_resolver.obj
 0002:0005b1e0       _pj_dns_srv_resolve        004c41e0 f   pjlib-util-i386-win32-vc8-debug:srv_resolver.obj
 0002:0005b7a0       _pj_atexit                 004c47a0 f   pjlib-i386-win32-vc8-debug:os_core_win32.obj
 0002:0005b7f0       _pj_atomic_add             004c47f0 f   pjlib-i386-win32-vc8-debug:os_core_win32.obj
 0002:0005b810       _pj_atomic_add_and_get     004c4810 f   pjlib-i386-win32-vc8-debug:os_core_win32.obj
 0002:0005b840       _pj_atomic_create          004c4840 f   pjlib-i386-win32-vc8-debug:os_core_win32.obj
 0002:0005b890       _pj_atomic_dec             004c4890 f   pjlib-i386-win32-vc8-debug:os_core_win32.obj
 0002:0005b8c0       _pj_atomic_dec_and_get     004c48c0 f   pjlib-i386-win32-vc8-debug:os_core_win32.obj
 0002:0005b900       _pj_atomic_destroy         004c4900 f   pjlib-i386-win32-vc8-debug:os_core_win32.obj
 0002:0005b960       _pj_atomic_get             004c4960 f   pjlib-i386-win32-vc8-debug:os_core_win32.obj
 0002:0005b9d0       _pj_atomic_inc             004c49d0 f   pjlib-i386-win32-vc8-debug:os_core_win32.obj
 0002:0005ba00       _pj_atomic_inc_and_get     004c4a00 f   pjlib-i386-win32-vc8-debug:os_core_win32.obj
 0002:0005ba50       _pj_atomic_set             004c4a50 f   pjlib-i386-win32-vc8-debug:os_core_win32.obj
 0002:0005bb40       _pj_enter_critical_section 004c4b40 f   pjlib-i386-win32-vc8-debug:os_core_win32.obj
 0002:0005bb70       _pj_event_create           004c4b70 f   pjlib-i386-win32-vc8-debug:os_core_win32.obj
 0002:0005bd60       _pj_event_destroy          004c4d60 f   pjlib-i386-win32-vc8-debug:os_core_win32.obj
 0002:0005be50       _pj_event_pulse            004c4e50 f   pjlib-i386-win32-vc8-debug:os_core_win32.obj
 0002:0005bf40       _pj_event_reset            004c4f40 f   pjlib-i386-win32-vc8-debug:os_core_win32.obj
 0002:0005c030       _pj_event_set              004c5030 f   pjlib-i386-win32-vc8-debug:os_core_win32.obj
 0002:0005c120       _pj_event_trywait          004c5120 f   pjlib-i386-win32-vc8-debug:os_core_win32.obj
 0002:0005c190       _pj_event_wait             004c5190 f   pjlib-i386-win32-vc8-debug:os_core_win32.obj
 0002:0005c330       _pj_getpid                 004c5330 f   pjlib-i386-win32-vc8-debug:os_core_win32.obj
 0002:0005c370       _pj_init                   004c5370 f   pjlib-i386-win32-vc8-debug:os_core_win32.obj
 0002:0005c5d0       _pj_leave_critical_section 004c55d0 f   pjlib-i386-win32-vc8-debug:os_core_win32.obj
 0002:0005c600       _pj_mutex_create           004c5600 f   pjlib-i386-win32-vc8-debug:os_core_win32.obj
 0002:0005c6c0       _pj_mutex_create_recursive 004c56c0 f   pjlib-i386-win32-vc8-debug:os_core_win32.obj
 0002:0005c6f0       _pj_mutex_create_simple    004c56f0 f   pjlib-i386-win32-vc8-debug:os_core_win32.obj
 0002:0005c720       _pj_mutex_destroy          004c5720 f   pjlib-i386-win32-vc8-debug:os_core_win32.obj
 0002:0005c7b0       _pj_mutex_is_locked        004c57b0 f   pjlib-i386-win32-vc8-debug:os_core_win32.obj
 0002:0005c7f0       _pj_mutex_lock             004c57f0 f   pjlib-i386-win32-vc8-debug:os_core_win32.obj
 0002:0005c8c0       _pj_mutex_trylock          004c58c0 f   pjlib-i386-win32-vc8-debug:os_core_win32.obj
 0002:0005c9b0       _pj_mutex_unlock           004c59b0 f   pjlib-i386-win32-vc8-debug:os_core_win32.obj
 0002:0005cab0       _pj_run_app                004c5ab0 f   pjlib-i386-win32-vc8-debug:os_core_win32.obj
 0002:0005cae0       _pj_rwmutex_create         004c5ae0 f   pjlib-i386-win32-vc8-debug:os_core_win32.obj
 0002:0005cbf0       _pj_rwmutex_destroy        004c5bf0 f   pjlib-i386-win32-vc8-debug:os_core_win32.obj
 0002:0005cc70       _pj_rwmutex_lock_read      004c5c70 f   pjlib-i386-win32-vc8-debug:os_core_win32.obj
 0002:0005cda0       _pj_rwmutex_lock_write     004c5da0 f   pjlib-i386-win32-vc8-debug:os_core_win32.obj
 0002:0005ce10       _pj_rwmutex_unlock_read    004c5e10 f   pjlib-i386-win32-vc8-debug:os_core_win32.obj
 0002:0005cf30       _pj_rwmutex_unlock_write   004c5f30 f   pjlib-i386-win32-vc8-debug:os_core_win32.obj
 0002:0005cfd0       _pj_sem_create             004c5fd0 f   pjlib-i386-win32-vc8-debug:os_core_win32.obj
 0002:0005d170       _pj_sem_destroy            004c6170 f   pjlib-i386-win32-vc8-debug:os_core_win32.obj
 0002:0005d260       _pj_sem_post               004c6260 f   pjlib-i386-win32-vc8-debug:os_core_win32.obj
 0002:0005d350       _pj_sem_trywait            004c6350 f   pjlib-i386-win32-vc8-debug:os_core_win32.obj
 0002:0005d3d0       _pj_sem_wait               004c63d0 f   pjlib-i386-win32-vc8-debug:os_core_win32.obj
 0002:0005d580       _pj_shutdown               004c6580 f   pjlib-i386-win32-vc8-debug:os_core_win32.obj
 0002:0005d710       _pj_term_get_color         004c6710 f   pjlib-i386-win32-vc8-debug:os_core_win32.obj
 0002:0005d780       _pj_term_set_color         004c6780 f   pjlib-i386-win32-vc8-debug:os_core_win32.obj
 0002:0005d850       _pj_thread_check_stack     004c6850 f   pjlib-i386-win32-vc8-debug:os_core_win32.obj
 0002:0005d950       _pj_thread_create          004c6950 f   pjlib-i386-win32-vc8-debug:os_core_win32.obj
 0002:0005db90       _pj_thread_destroy         004c6b90 f   pjlib-i386-win32-vc8-debug:os_core_win32.obj
 0002:0005dc70       _pj_thread_get_name        004c6c70 f   pjlib-i386-win32-vc8-debug:os_core_win32.obj
 0002:0005dcf0       _pj_thread_get_os_handle   004c6cf0 f   pjlib-i386-win32-vc8-debug:os_core_win32.obj
 0002:0005dd50       _pj_thread_get_prio        004c6d50 f   pjlib-i386-win32-vc8-debug:os_core_win32.obj
 0002:0005dd80       _pj_thread_get_prio_max    004c6d80 f   pjlib-i386-win32-vc8-debug:os_core_win32.obj
 0002:0005dda0       _pj_thread_get_prio_min    004c6da0 f   pjlib-i386-win32-vc8-debug:os_core_win32.obj
 0002:0005ddc0       _pj_thread_get_stack_info  004c6dc0 f   pjlib-i386-win32-vc8-debug:os_core_win32.obj
 0002:0005de20       _pj_thread_get_stack_max_usage 004c6e20 f   pjlib-i386-win32-vc8-debug:os_core_win32.obj
 0002:0005de40       _pj_thread_init            004c6e40 f   pjlib-i386-win32-vc8-debug:os_core_win32.obj
 0002:0005dea0       _pj_thread_is_registered   004c6ea0 f   pjlib-i386-win32-vc8-debug:os_core_win32.obj
 0002:0005def0       _pj_thread_join            004c6ef0 f   pjlib-i386-win32-vc8-debug:os_core_win32.obj
 0002:0005e020       _pj_thread_local_alloc     004c7020 f   pjlib-i386-win32-vc8-debug:os_core_win32.obj
 0002:0005e0e0       _pj_thread_local_free      004c70e0 f   pjlib-i386-win32-vc8-debug:os_core_win32.obj
 0002:0005e120       _pj_thread_local_get       004c7120 f   pjlib-i386-win32-vc8-debug:os_core_win32.obj
 0002:0005e140       _pj_thread_local_set       004c7140 f   pjlib-i386-win32-vc8-debug:os_core_win32.obj
 0002:0005e1d0       _pj_thread_register        004c71d0 f   pjlib-i386-win32-vc8-debug:os_core_win32.obj
 0002:0005e340       _pj_thread_resume          004c7340 f   pjlib-i386-win32-vc8-debug:os_core_win32.obj
 0002:0005e420       _pj_thread_set_prio        004c7420 f   pjlib-i386-win32-vc8-debug:os_core_win32.obj
 0002:0005e530       _pj_thread_sleep           004c7530 f   pjlib-i386-win32-vc8-debug:os_core_win32.obj
 0002:0005e570       _pj_thread_this            004c7570 f   pjlib-i386-win32-vc8-debug:os_core_win32.obj
 0002:0005e750       _pj_errno_clear_handlers   004c7750 f   pjlib-i386-win32-vc8-debug:errno.obj
 0002:0005e7c0       _pj_perror                 004c77c0 f   pjlib-i386-win32-vc8-debug:errno.obj
 0002:0005e810       _pj_perror_1               004c7810 f   pjlib-i386-win32-vc8-debug:errno.obj
 0002:0005e860       _pj_perror_2               004c7860 f   pjlib-i386-win32-vc8-debug:errno.obj
 0002:0005e8b0       _pj_perror_3               004c78b0 f   pjlib-i386-win32-vc8-debug:errno.obj
 0002:0005e900       _pj_perror_4               004c7900 f   pjlib-i386-win32-vc8-debug:errno.obj
 0002:0005e950       _pj_perror_5               004c7950 f   pjlib-i386-win32-vc8-debug:errno.obj
 0002:0005ea70       _pj_register_strerror      004c7a70 f   pjlib-i386-win32-vc8-debug:errno.obj
 0002:0005eca0       _pj_strerror               004c7ca0 f   pjlib-i386-win32-vc8-debug:errno.obj
 0002:0005f000       _pj_list_erase             004c8000 f   pjlib-i386-win32-vc8-debug:list.obj
 0002:0005f040       _pj_list_find_node         004c8040 f   pjlib-i386-win32-vc8-debug:list.obj
 0002:0005f0e0       _pj_list_insert_after      004c80e0 f   pjlib-i386-win32-vc8-debug:list.obj
 0002:0005f130       _pj_list_insert_before     004c8130 f   pjlib-i386-win32-vc8-debug:list.obj
 0002:0005f160       _pj_list_insert_nodes_after 004c8160 f   pjlib-i386-win32-vc8-debug:list.obj
 0002:0005f1c0       _pj_list_insert_nodes_before 004c81c0 f   pjlib-i386-win32-vc8-debug:list.obj
 0002:0005f1f0       _pj_list_merge_first       004c81f0 f   pjlib-i386-win32-vc8-debug:list.obj
 0002:0005f260       _pj_list_merge_last        004c8260 f   pjlib-i386-win32-vc8-debug:list.obj
 0002:0005f2d0       _pj_list_search            004c82d0 f   pjlib-i386-win32-vc8-debug:list.obj
 0002:0005f340       _pj_list_size              004c8340 f   pjlib-i386-win32-vc8-debug:list.obj
 0002:0005f3c0       _pj_getdefaultipinterface  004c83c0 f   pjlib-i386-win32-vc8-debug:sock_common.obj
 0002:0005f440       _pj_gethostaddr            004c8440 f   pjlib-i386-win32-vc8-debug:sock_common.obj
 0002:0005f490       _pj_gethostip              004c8490 f   pjlib-i386-win32-vc8-debug:sock_common.obj
 0002:00060160       _pj_getipinterface         004c9160 f   pjlib-i386-win32-vc8-debug:sock_common.obj
 0002:000603b0       _pj_inet_addr              004c93b0 f   pjlib-i386-win32-vc8-debug:sock_common.obj
 0002:000603e0       _pj_inet_addr2             004c93e0 f   pjlib-i386-win32-vc8-debug:sock_common.obj
 0002:00060420       _pj_inet_ntop2             004c9420 f   pjlib-i386-win32-vc8-debug:sock_common.obj
 0002:00060510       _pj_sock_bind_random       004c9510 f   pjlib-i386-win32-vc8-debug:sock_common.obj
 0002:00060690       _pj_sock_setsockopt_sobuf  004c9690 f   pjlib-i386-win32-vc8-debug:sock_common.obj
 0002:000608c0       _pj_sockaddr_cmp           004c98c0 f   pjlib-i386-win32-vc8-debug:sock_common.obj
 0002:000609d0       _pj_sockaddr_copy_addr     004c99d0 f   pjlib-i386-win32-vc8-debug:sock_common.obj
 0002:00060a30       _pj_sockaddr_cp            004c9a30 f   pjlib-i386-win32-vc8-debug:sock_common.obj
 0002:00060a70       _pj_sockaddr_get_addr      004c9a70 f   pjlib-i386-win32-vc8-debug:sock_common.obj
 0002:00060b40       _pj_sockaddr_get_addr_len  004c9b40 f   pjlib-i386-win32-vc8-debug:sock_common.obj
 0002:00060c10       _pj_sockaddr_get_len       004c9c10 f   pjlib-i386-win32-vc8-debug:sock_common.obj
 0002:00060ce0       _pj_sockaddr_get_port      004c9ce0 f   pjlib-i386-win32-vc8-debug:sock_common.obj
 0002:00060dd0       _pj_sockaddr_has_addr      004c9dd0 f   pjlib-i386-win32-vc8-debug:sock_common.obj
 0002:00060ec0       _pj_sockaddr_in_get_addr   004c9ec0 f   pjlib-i386-win32-vc8-debug:sock_common.obj
 0002:00060ef0       _pj_sockaddr_in_get_port   004c9ef0 f   pjlib-i386-win32-vc8-debug:sock_common.obj
 0002:00060f20       _pj_sockaddr_in_init       004c9f20 f   pjlib-i386-win32-vc8-debug:sock_common.obj
 0002:00060fd0       _pj_sockaddr_in_set_addr   004c9fd0 f   pjlib-i386-win32-vc8-debug:sock_common.obj
 0002:00061000       _pj_sockaddr_in_set_port   004ca000 f   pjlib-i386-win32-vc8-debug:sock_common.obj
 0002:00061030       _pj_sockaddr_in_set_str_addr 004ca030 f   pjlib-i386-win32-vc8-debug:sock_common.obj
 0002:00061190       _pj_sockaddr_init          004ca190 f   pjlib-i386-win32-vc8-debug:sock_common.obj
 0002:00061290       _pj_sockaddr_parse         004ca290 f   pjlib-i386-win32-vc8-debug:sock_common.obj
 0002:00061430       _pj_sockaddr_parse2        004ca430 f   pjlib-i386-win32-vc8-debug:sock_common.obj
 0002:000618d0       _pj_sockaddr_print         004ca8d0 f   pjlib-i386-win32-vc8-debug:sock_common.obj
 0002:00061a30       _pj_sockaddr_set_port      004caa30 f   pjlib-i386-win32-vc8-debug:sock_common.obj
 0002:00061b10       _pj_sockaddr_set_str_addr  004cab10 f   pjlib-i386-win32-vc8-debug:sock_common.obj
 0002:00061cc0       _pj_NO_MEMORY_EXCEPTION    004cacc0 f   pjlib-i386-win32-vc8-debug:pool.obj
 0002:00061d40       _pj_pool_alloc             004cad40 f   pjlib-i386-win32-vc8-debug:pool.obj
 0002:00061da0       _pj_pool_alloc_from_block  004cada0 f   pjlib-i386-win32-vc8-debug:pool.obj
 0002:00061e10       _pj_pool_allocate_find     004cae10 f   pjlib-i386-win32-vc8-debug:pool.obj
 0002:00061f90       _pj_pool_calloc            004caf90 f   pjlib-i386-win32-vc8-debug:pool.obj
 0002:00061ff0       _pj_pool_create            004caff0 f   pjlib-i386-win32-vc8-debug:pool.obj
 0002:00062150       _pj_pool_create_int        004cb150 f   pjlib-i386-win32-vc8-debug:pool.obj
 0002:000622d0       _pj_pool_destroy_int       004cb2d0 f   pjlib-i386-win32-vc8-debug:pool.obj
 0002:00062350       _pj_pool_get_capacity      004cb350 f   pjlib-i386-win32-vc8-debug:pool.obj
 0002:00062370       _pj_pool_get_used_size     004cb370 f   pjlib-i386-win32-vc8-debug:pool.obj
 0002:000623e0       _pj_pool_getobjname        004cb3e0 f   pjlib-i386-win32-vc8-debug:pool.obj
 0002:00062400       _pj_pool_init_int          004cb400 f   pjlib-i386-win32-vc8-debug:pool.obj
 0002:000624d0       _pj_pool_release           004cb4d0 f   pjlib-i386-win32-vc8-debug:pool.obj
 0002:00062520       _pj_pool_reset             004cb520 f   pjlib-i386-win32-vc8-debug:pool.obj
 0002:00062d70       _pj_caching_pool_destroy   004cbd70 f   pjlib-i386-win32-vc8-debug:pool_caching.obj
 0002:00062ee0       _pj_caching_pool_init      004cbee0 f   pjlib-i386-win32-vc8-debug:pool_caching.obj
 0002:000630d0       _pj_create_random_string   004cc0d0 f   pjlib-i386-win32-vc8-debug:string.obj
 0002:000633a0       _pj_str                    004cc3a0 f   pjlib-i386-win32-vc8-debug:string.obj
 0002:000633f0       _pj_strassign              004cc3f0 f   pjlib-i386-win32-vc8-debug:string.obj
 0002:00063430       _pj_strcat                 004cc430 f   pjlib-i386-win32-vc8-debug:string.obj
 0002:00063490       _pj_strcat2                004cc490 f   pjlib-i386-win32-vc8-debug:string.obj
 0002:00063510       _pj_strcmp                 004cc510 f   pjlib-i386-win32-vc8-debug:string.obj
 0002:00063630       _pj_strcmp2                004cc630 f   pjlib-i386-win32-vc8-debug:string.obj
 0002:00063690       _pj_strcpy                 004cc690 f   pjlib-i386-win32-vc8-debug:string.obj
 0002:000636f0       _pj_strcpy2                004cc6f0 f   pjlib-i386-win32-vc8-debug:string.obj
 0002:00063770       _pj_strdup                 004cc770 f   pjlib-i386-win32-vc8-debug:string.obj
 0002:00063800       _pj_strdup2                004cc800 f   pjlib-i386-win32-vc8-debug:string.obj
 0002:000638a0       _pj_strdup2_with_null      004cc8a0 f   pjlib-i386-win32-vc8-debug:string.obj
 0002:00063950       _pj_strdup3                004cc950 f   pjlib-i386-win32-vc8-debug:string.obj
 0002:00063990       _pj_strdup_with_null       004cc990 f   pjlib-i386-win32-vc8-debug:string.obj
 0002:00063a20       _pj_stricmp                004cca20 f   pjlib-i386-win32-vc8-debug:string.obj
 0002:00063b40       _pj_stricmp2               004ccb40 f   pjlib-i386-win32-vc8-debug:string.obj
 0002:00063ba0       _pj_stristr                004ccba0 f   pjlib-i386-win32-vc8-debug:string.obj
 0002:00063c40       _pj_strltrim               004ccc40 f   pjlib-i386-win32-vc8-debug:string.obj
 0002:00063cd0       _pj_strncmp                004cccd0 f   pjlib-i386-win32-vc8-debug:string.obj
 0002:00063d50       _pj_strncmp2               004ccd50 f   pjlib-i386-win32-vc8-debug:string.obj
 0002:00063db0       _pj_strncpy                004ccdb0 f   pjlib-i386-win32-vc8-debug:string.obj
 0002:00063e10       _pj_strncpy_with_null      004cce10 f   pjlib-i386-win32-vc8-debug:string.obj
 0002:00063e90       _pj_strnicmp               004cce90 f   pjlib-i386-win32-vc8-debug:string.obj
 0002:00063f10       _pj_strnicmp2              004ccf10 f   pjlib-i386-win32-vc8-debug:string.obj
 0002:00063f70       _pj_strrtrim               004ccf70 f   pjlib-i386-win32-vc8-debug:string.obj
 0002:00064000       _pj_strstr                 004cd000 f   pjlib-i386-win32-vc8-debug:string.obj
 0002:000640a0       _pj_strtof                 004cd0a0 f   pjlib-i386-win32-vc8-debug:string.obj
 0002:00064270       _pj_strtol                 004cd270 f   pjlib-i386-win32-vc8-debug:string.obj
 0002:00064370       _pj_strtoul                004cd370 f   pjlib-i386-win32-vc8-debug:string.obj
 0002:00064420       _pj_strtoul2               004cd420 f   pjlib-i386-win32-vc8-debug:string.obj
 0002:000645b0       _pj_strtrim                004cd5b0 f   pjlib-i386-win32-vc8-debug:string.obj
 0002:000645f0       _pj_utoa                   004cd5f0 f   pjlib-i386-win32-vc8-debug:string.obj
 0002:00064620       _pj_utoa_pad               004cd620 f   pjlib-i386-win32-vc8-debug:string.obj
 0002:00064780       _pj_array_erase            004cd780 f   pjlib-i386-win32-vc8-debug:array.obj
 0002:00064810       _pj_array_find             004cd810 f   pjlib-i386-win32-vc8-debug:array.obj
 0002:00064890       _pj_array_insert           004cd890 f   pjlib-i386-win32-vc8-debug:array.obj
 0002:00064ae0       _pj_log                    004cdae0 f   pjlib-i386-win32-vc8-debug:log.obj
 0002:00065390       _pj_log_1                  004ce390 f   pjlib-i386-win32-vc8-debug:log.obj
 0002:000653d0       _pj_log_2                  004ce3d0 f   pjlib-i386-win32-vc8-debug:log.obj
 0002:00065410       _pj_log_3                  004ce410 f   pjlib-i386-win32-vc8-debug:log.obj
 0002:00065450       _pj_log_4                  004ce450 f   pjlib-i386-win32-vc8-debug:log.obj
 0002:00065490       _pj_log_5                  004ce490 f   pjlib-i386-win32-vc8-debug:log.obj
 0002:000654d0       _pj_log_add_indent         004ce4d0 f   pjlib-i386-win32-vc8-debug:log.obj
 0002:00065500       _pj_log_get_color          004ce500 f   pjlib-i386-win32-vc8-debug:log.obj
 0002:000655a0       _pj_log_get_decor          004ce5a0 f   pjlib-i386-win32-vc8-debug:log.obj
 0002:000655c0       _pj_log_get_level          004ce5c0 f   pjlib-i386-win32-vc8-debug:log.obj
 0002:000655e0       _pj_log_get_log_func       004ce5e0 f   pjlib-i386-win32-vc8-debug:log.obj
 0002:00065600       _pj_log_init               004ce600 f   pjlib-i386-win32-vc8-debug:log.obj
 0002:000656a0       _pj_log_pop_indent         004ce6a0 f   pjlib-i386-win32-vc8-debug:log.obj
 0002:000656c0       _pj_log_push_indent        004ce6c0 f   pjlib-i386-win32-vc8-debug:log.obj
 0002:000656e0       _pj_log_set_color          004ce6e0 f   pjlib-i386-win32-vc8-debug:log.obj
 0002:00065810       _pj_log_set_decor          004ce810 f   pjlib-i386-win32-vc8-debug:log.obj
 0002:00065830       _pj_log_set_level          004ce830 f   pjlib-i386-win32-vc8-debug:log.obj
 0002:00065850       _pj_log_set_log_func       004ce850 f   pjlib-i386-win32-vc8-debug:log.obj
 0002:00065980       _pj_gethostname            004ce980 f   pjlib-i386-win32-vc8-debug:sock_bsd.obj
 0002:00065a30       _pj_htonl                  004cea30 f   pjlib-i386-win32-vc8-debug:sock_bsd.obj
 0002:00065a50       _pj_htons                  004cea50 f   pjlib-i386-win32-vc8-debug:sock_bsd.obj
 0002:00065a80       _pj_inet_aton              004cea80 f   pjlib-i386-win32-vc8-debug:sock_bsd.obj
 0002:00065bb0       _pj_inet_ntoa              004cebb0 f   pjlib-i386-win32-vc8-debug:sock_bsd.obj
 0002:00065bd0       _pj_inet_ntop              004cebd0 f   pjlib-i386-win32-vc8-debug:sock_bsd.obj
 0002:00065e10       _pj_inet_pton              004cee10 f   pjlib-i386-win32-vc8-debug:sock_bsd.obj
 0002:000660c0       _pj_ntohl                  004cf0c0 f   pjlib-i386-win32-vc8-debug:sock_bsd.obj
 0002:000660e0       _pj_ntohs                  004cf0e0 f   pjlib-i386-win32-vc8-debug:sock_bsd.obj
 0002:00066110       _pj_sock_accept            004cf110 f   pjlib-i386-win32-vc8-debug:sock_bsd.obj
 0002:00066200       _pj_sock_bind              004cf200 f   pjlib-i386-win32-vc8-debug:sock_bsd.obj
 0002:000662f0       _pj_sock_bind_in           004cf2f0 f   pjlib-i386-win32-vc8-debug:sock_bsd.obj
 0002:000663a0       _pj_sock_close             004cf3a0 f   pjlib-i386-win32-vc8-debug:sock_bsd.obj
 0002:00066440       _pj_sock_connect           004cf440 f   pjlib-i386-win32-vc8-debug:sock_bsd.obj
 0002:000664e0       _pj_sock_getpeername       004cf4e0 f   pjlib-i386-win32-vc8-debug:sock_bsd.obj
 0002:00066580       _pj_sock_getsockname       004cf580 f   pjlib-i386-win32-vc8-debug:sock_bsd.obj
 0002:00066620       _pj_sock_getsockopt        004cf620 f   pjlib-i386-win32-vc8-debug:sock_bsd.obj
 0002:00066720       _pj_sock_listen            004cf720 f   pjlib-i386-win32-vc8-debug:sock_bsd.obj
 0002:000667c0       _pj_sock_recv              004cf7c0 f   pjlib-i386-win32-vc8-debug:sock_bsd.obj
 0002:000668c0       _pj_sock_recvfrom          004cf8c0 f   pjlib-i386-win32-vc8-debug:sock_bsd.obj
 0002:000669d0       _pj_sock_send              004cf9d0 f   pjlib-i386-win32-vc8-debug:sock_bsd.obj
 0002:00066ac0       _pj_sock_sendto            004cfac0 f   pjlib-i386-win32-vc8-debug:sock_bsd.obj
 0002:00066bc0       _pj_sock_setsockopt        004cfbc0 f   pjlib-i386-win32-vc8-debug:sock_bsd.obj
 0002:00066ca0       _pj_sock_setsockopt_params 004cfca0 f   pjlib-i386-win32-vc8-debug:sock_bsd.obj
 0002:00066e00       _pj_sock_shutdown          004cfe00 f   pjlib-i386-win32-vc8-debug:sock_bsd.obj
 0002:00066ea0       _pj_sock_socket            004cfea0 f   pjlib-i386-win32-vc8-debug:sock_bsd.obj
 0002:000676c0       _pj_grp_lock_acquire       004d06c0 f   pjlib-i386-win32-vc8-debug:lock.obj
 0002:000676f0       _pj_grp_lock_add_handler   004d06f0 f   pjlib-i386-win32-vc8-debug:lock.obj
 0002:00067780       _pj_grp_lock_add_ref       004d0780 f   pjlib-i386-win32-vc8-debug:lock.obj
 0002:000677b0       _pj_grp_lock_chain_lock    004d07b0 f   pjlib-i386-win32-vc8-debug:lock.obj
 0002:000678a0       _pj_grp_lock_config_default 004d08a0 f   pjlib-i386-win32-vc8-debug:lock.obj
 0002:000678d0       _pj_grp_lock_create        004d08d0 f   pjlib-i386-win32-vc8-debug:lock.obj
 0002:00067ab0       _pj_grp_lock_dec_ref       004d0ab0 f   pjlib-i386-win32-vc8-debug:lock.obj
 0002:00067ae0       _pj_grp_lock_del_handler   004d0ae0 f   pjlib-i386-win32-vc8-debug:lock.obj
 0002:00067b80       _pj_grp_lock_destroy       004d0b80 f   pjlib-i386-win32-vc8-debug:lock.obj
 0002:00067bb0       _pj_grp_lock_dump          004d0bb0 f   pjlib-i386-win32-vc8-debug:lock.obj
 0002:00067bd0       _pj_grp_lock_get_ref       004d0bd0 f   pjlib-i386-win32-vc8-debug:lock.obj
 0002:00067c00       _pj_grp_lock_release       004d0c00 f   pjlib-i386-win32-vc8-debug:lock.obj
 0002:00067c30       _pj_grp_lock_replace       004d0c30 f   pjlib-i386-win32-vc8-debug:lock.obj
 0002:00067ce0       _pj_grp_lock_tryacquire    004d0ce0 f   pjlib-i386-win32-vc8-debug:lock.obj
 0002:00067d10       _pj_grp_lock_unchain_lock  004d0d10 f   pjlib-i386-win32-vc8-debug:lock.obj
 0002:00067e40       _pj_lock_acquire           004d0e40 f   pjlib-i386-win32-vc8-debug:lock.obj
 0002:00067eb0       _pj_lock_create_null_mutex 004d0eb0 f   pjlib-i386-win32-vc8-debug:lock.obj
 0002:00067f10       _pj_lock_create_recursive_mutex 004d0f10 f   pjlib-i386-win32-vc8-debug:lock.obj
 0002:00067f40       _pj_lock_create_semaphore  004d0f40 f   pjlib-i386-win32-vc8-debug:lock.obj
 0002:00068030       _pj_lock_create_simple_mutex 004d1030 f   pjlib-i386-win32-vc8-debug:lock.obj
 0002:00068060       _pj_lock_destroy           004d1060 f   pjlib-i386-win32-vc8-debug:lock.obj
 0002:000680d0       _pj_lock_release           004d10d0 f   pjlib-i386-win32-vc8-debug:lock.obj
 0002:00068140       _pj_lock_tryacquire        004d1140 f   pjlib-i386-win32-vc8-debug:lock.obj
 0002:00068210       _pj_rand                   004d1210 f   pjlib-i386-win32-vc8-debug:rand.obj
 0002:00068250       _pj_srand                  004d1250 f   pjlib-i386-win32-vc8-debug:rand.obj
 0002:000682d0       _pj_time_val_normalize     004d12d0 f   pjlib-i386-win32-vc8-debug:types.obj
 0002:000688a0       _pj_timer_entry_init       004d18a0 f   pjlib-i386-win32-vc8-debug:timer.obj
 0002:00068930       _pj_timer_entry_running    004d1930 f   pjlib-i386-win32-vc8-debug:timer.obj
 0002:00068970       _pj_timer_heap_cancel      004d1970 f   pjlib-i386-win32-vc8-debug:timer.obj
 0002:000689a0       _pj_timer_heap_cancel_if_active 004d19a0 f   pjlib-i386-win32-vc8-debug:timer.obj
 0002:000689d0       _pj_timer_heap_count       004d19d0 f   pjlib-i386-win32-vc8-debug:timer.obj
 0002:00068a30       _pj_timer_heap_create      004d1a30 f   pjlib-i386-win32-vc8-debug:timer.obj
 0002:00068be0       _pj_timer_heap_destroy     004d1be0 f   pjlib-i386-win32-vc8-debug:timer.obj
 0002:00068c30       _pj_timer_heap_earliest_time 004d1c30 f   pjlib-i386-win32-vc8-debug:timer.obj
 0002:00068cd0       _pj_timer_heap_mem_size    004d1cd0 f   pjlib-i386-win32-vc8-debug:timer.obj
[...]
 0004:00003044       __pwctype                  0056f044     LIBCMTD:ctype.obj
 0004:00003050       __d_inf                    0056f050     LIBCMTD:util.obj
 0004:00003058       __d_ind                    0056f058     LIBCMTD:util.obj
 0004:00003060       __d_max                    0056f060     LIBCMTD:util.obj
 0004:00003068       __d_min                    0056f068     LIBCMTD:util.obj
 0004:00003070       __d_mzero                  0056f070     LIBCMTD:util.obj
 0004:000030a4       __matherr_flag             0056f0a4     LIBCMTD:matherr.obj
 0004:000030b0       __HUGE                     0056f0b0     LIBCMTD:huge.obj
 0004:000030f8       __confh                    0056f0f8     LIBCMTD:initcon.obj
 0004:00003100       __pow10pos                 0056f100     LIBCMTD:constpow.obj
 0004:00003260       __pow10neg                 0056f260     LIBCMTD:constpow.obj
 0004:00003720       ??_R0?AVbad_exception@std@@@8 0056f720     LIBCMTD:frame.obj
 0004:00003748       ??_R0?AVexception@std@@@8  0056f748     LIBCMTD:frame.obj
 0004:0000376c       ??_R0?AVtype_info@@@8      0056f76c     LIBCMTD:typinfo.obj
 0004:00003788       ??_R0?AVbad_cast@std@@@8   0056f788     LIBCMTD:stdexcpt.obj
 0004:000037a8       ??_R0?AVbad_typeid@std@@@8 0056f7a8     LIBCMTD:stdexcpt.obj
 0004:000037cc       ??_R0?AV__non_rtti_object@std@@@8 0056f7cc     LIBCMTD:stdexcpt.obj
 0004:000037f8       ??_R0?AVDNameNode@@@8      0056f7f8     LIBCMTD:undname.obj
 0004:00003814       ??_R0?AVcharNode@@@8       0056f814     LIBCMTD:undname.obj
 0004:00003830       ??_R0?AVpcharNode@@@8      0056f830     LIBCMTD:undname.obj
 0004:0000384c       ??_R0?AVpDNameNode@@@8     0056f84c     LIBCMTD:undname.obj
 0004:0000386c       ??_R0?AVDNameStatusNode@@@8 0056f86c     LIBCMTD:undname.obj
 0004:00003890       ??_R0?AVpairNode@@@8       0056f890     LIBCMTD:undname.obj
 0004:00003c30       _pjsip_use_compact_form    0056fc30     pjsip-core-i386-win32-vc8-debug:sip_msg.obj
 0004:000081a8       _pj_optarg                 005741a8     pjlib-util-i386-win32-vc8-debug:getopt.obj
 0004:00008604       __cflush                   00574604     LIBCMTD:_file.obj
 0004:0000860c       __aenvptr                  0057460c     LIBCMTD:crt0.obj
 0004:00008610       __wenvptr                  00574610     LIBCMTD:crt0.obj
 0004:000089d8       ___fastflag                005749d8     LIBCMTD:fpinit.obj
 0004:000089dc       ___isa_available           005749dc     LIBCMTD:cpu_disp.obj
 0004:000089e0       ___favor                   005749e0     LIBCMTD:cpu_disp.obj
 0004:00008b98       ___crtDebugCheckCount      00574b98     LIBCMTD:dbgheap.obj
 0004:00008ba0       ?_pfnDumpClient@@3P6AXPAXI@ZA 00574ba0     LIBCMTD:dbgheap.obj
 0004:00008bc4       __umaskval                 00574bc4     LIBCMTD:crt0dat.obj
 0004:00008bc8       __exitflag                 00574bc8     LIBCMTD:crt0dat.obj
 0004:00008bcc       __C_Termination_Done       00574bcc     LIBCMTD:crt0dat.obj
 0004:00008bd0       ___winitenv                00574bd0     LIBCMTD:crt0dat.obj
 0004:00008bd4       ___initenv                 00574bd4     LIBCMTD:crt0dat.obj
 0004:00008bd8       ___argc                    00574bd8     LIBCMTD:crt0dat.obj
 0004:00008bdc       ___argv                    00574bdc     LIBCMTD:crt0dat.obj
 0004:00008be0       ___wargv                   00574be0     LIBCMTD:crt0dat.obj
 0004:00008be4       __environ                  00574be4     LIBCMTD:crt0dat.obj
 0004:00008be8       __wenviron                 00574be8     LIBCMTD:crt0dat.obj
 0004:00008bec       __pgmptr                   00574bec     LIBCMTD:crt0dat.obj
 0004:00008bf0       __wpgmptr                  00574bf0     LIBCMTD:crt0dat.obj
 0004:00008bf4       __C_Exit_Done              00574bf4     LIBCMTD:crt0dat.obj
 0004:00008c04       ___pInvalidArgHandler      00574c04     LIBCMTD:invarg.obj
 0004:00008c08       ___pioinfo                 00574c08     LIBCMTD:ioinit.obj
 0004:00008d3c       __stdbuf                   00574d3c     LIBCMTD:_sftbuf.obj
 0004:00008d48       ___mbcodepage              00574d48     LIBCMTD:mbctype.obj
 0004:00008d4c       ___ismbcodepage            00574d4c     LIBCMTD:mbctype.obj
 0004:00008d50       ___mbulinfo                00574d50     LIBCMTD:mbctype.obj
 0004:00008d5c       ___mblocalename            00574d5c     LIBCMTD:mbctype.obj
 0004:00008d6c       ___locale_changed          00574d6c     LIBCMTD:wsetloca.obj
 0004:00008d70       __crtheap                  00574d70     LIBCMTD:heapinit.obj
 0004:00008eb8       ___app_type                00574eb8     LIBCMTD:crt0msg.obj
 0004:00009624       ___error_mode              00575624     LIBCMTD:errmode.obj
 0004:00009658       __newmode                  00575658     LIBCMTD:_newmode.obj
 0004:0000965c       ?_pnhHeap@@3P6AHI@ZA       0057565c     LIBCMTD:handler.obj
 0004:00009660       ?__pInconsistency@@3P6AXXZA 00575660     LIBCMTD:hooks.obj
 0004:00009664       ___pPurecall               00575664     LIBCMTD:inithelp.obj
 0004:0000966c       ___lconv_static_null       0057566c     LIBCMTD:lconv.obj
 0004:00009670       ___lconv_static_W_null     00575670     LIBCMTD:lconv.obj
 0004:00009674       ?g_OutOfMemoryExceptionCallback@@3P6GPAXXZA 00575674     LIBCMTD:frame.obj
 0004:0000967c       __outputformat             0057567c     LIBCMTD:outputformat.obj
 0004:0000968c       ?pArgList@UnDecorator@@0PAVReplicator@@A 0057568c     LIBCMTD:undname.obj
 0004:00009690       ?pZNameList@UnDecorator@@0PAVReplicator@@A 00575690     LIBCMTD:undname.obj
 0004:00009694       ?pTemplateArgList@UnDecorator@@0PAVReplicator@@A 00575694     LIBCMTD:undname.obj
 0004:00009698       ?gName@UnDecorator@@0PBDB  00575698     LIBCMTD:undname.obj
 0004:0000969c       ?name@UnDecorator@@0PBDB   0057569c     LIBCMTD:undname.obj
 0004:000096a0       ?outputString@UnDecorator@@0PADA 005756a0     LIBCMTD:undname.obj
 0004:000096a4       ?maxStringLength@UnDecorator@@0HA 005756a4     LIBCMTD:undname.obj
 0004:000096a8       ?disableFlags@UnDecorator@@0KA 005756a8     LIBCMTD:undname.obj
 0004:000096ac       ?fExplicitTemplateParams@UnDecorator@@0_NA 005756ac     LIBCMTD:undname.obj
 0004:000096ad       ?fGetTemplateArgumentList@UnDecorator@@0_NA 005756ad     LIBCMTD:undname.obj
 0004:000096b0       ?m_pGetParameter@UnDecorator@@0P6APADJ@ZA 005756b0     LIBCMTD:undname.obj
 0004:00009738       ?nodes@?1??make@DNameStatusNode@@SAPAV2@W4DNameStatus@@@Z@4PAV2@A 00575738     LIBCMTD:undname.obj
 0004:00009774       ??_B?1??make@DNameStatusNode@@SAPAV1@W4DNameStatus@@@Z@51 00575774     LIBCMTD:undname.obj
 0004:00009778       _pjsip_dlg_lock_tls_id     00575778     <common>
 0004:00009784       _PJ_NO_MEMORY_EXCEPTION    00575784     <common>
 0004:00009790       __pReportHookListW         00575790     <common>
 0004:000097a0       __pReportHookList          005757a0     <common>
 0004:000097a4       __pfnReportHook            005757a4     <common>
 0004:000097c0       _encodedKERNEL32Functions  005757c0     <common>
 0004:00009868       __debugger_hook_dummy      00575868     <common>
 0004:00009874       ___unguarded_readlc_active 00575874     <common>
 0004:00009884       ___setlc_active            00575884     <common>
 0004:00009888       __nhandle                  00575888     <common>
 0004:00009894       ___dyn_tls_init_callback   00575894     <common>
 0004:000098a4       ___onexitend               005758a4     <common>
 0004:000098a8       ___onexitbegin             005758a8     <common>
 0004:000098ac       ___mbctype_initialized     005758ac     <common>
 0004:000098b0       ___env_initialized         005758b0     <common>
 0004:000098b4       __setjmpexused             005758b4     <common>
 0004:000098c0       __acmdln                   005758c0     <common>
 0004:000098e0       __bufin                    005758e0     <common>
 0004:0000ac1c       ___piob                    00576c1c     <common>
 0004:0000ac20       __nstream                  00576c20     <common>
 0005:00000000       __imp__SetLastError@4      00577000     kernel32:KERNEL32.dll
 0005:00000004       __imp__CreateFileW@28      00577004     kernel32:KERNEL32.dll
 0005:00000008       __imp__SetStdHandle@8      00577008     kernel32:KERNEL32.dll
 0005:0000000c       __imp__LCMapStringW@24     0057700c     kernel32:KERNEL32.dll
 0005:00000010       __imp__CompareStringW@24   00577010     kernel32:KERNEL32.dll
 0005:00000014       __imp__GetTimeFormatW@24   00577014     kernel32:KERNEL32.dll
 0005:00000018       __imp__GetDateFormatW@24   00577018     kernel32:KERNEL32.dll
 0005:0000001c       __imp__EnumSystemLocalesW@8 0057701c     kernel32:KERNEL32.dll
 0005:00000020       __imp__GetUserDefaultLCID@0 00577020     kernel32:KERNEL32.dll
 0005:00000024       __imp__IsValidLocale@8     00577024     kernel32:KERNEL32.dll
 0005:00000028       __imp__GetLocaleInfoW@16   00577028     kernel32:KERNEL32.dll
 0005:0000002c       __imp__GetStringTypeW@16   0057702c     kernel32:KERNEL32.dll
 0005:00000030       __imp__SetFilePointerEx@20 00577030     kernel32:KERNEL32.dll
 0005:00000034       __imp__OutputDebugStringA@4 00577034     kernel32:KERNEL32.dll
 0005:00000038       __imp__ReadConsoleW@20     00577038     kernel32:KERNEL32.dll
 0005:0000003c       __imp__ReadFile@20         0057703c     kernel32:KERNEL32.dll
 0005:00000040       __imp__HeapAlloc@12        00577040     kernel32:KERNEL32.dll
 0005:00000044       __imp__HeapQueryInformation@20 00577044     kernel32:KERNEL32.dll
 0005:00000048       __imp__HeapSize@12         00577048     kernel32:KERNEL32.dll
 0005:0000004c       __imp__HeapReAlloc@16      0057704c     kernel32:KERNEL32.dll
 0005:00000050       __imp__HeapFree@12         00577050     kernel32:KERNEL32.dll
 0005:00000054       __imp__GetConsoleMode@8    00577054     kernel32:KERNEL32.dll
 0005:00000058       __imp__GetConsoleCP@0      00577058     kernel32:KERNEL32.dll
 0005:0000005c       __imp__FlushFileBuffers@4  0057705c     kernel32:KERNEL32.dll
 0005:00000060       __imp__RaiseException@16   00577060     kernel32:KERNEL32.dll
 0005:00000064       __imp__CreateSemaphoreW@16 00577064     kernel32:KERNEL32.dll
 0005:00000068       __imp__GetModuleHandleW@4  00577068     kernel32:KERNEL32.dll
 0005:0000006c       __imp__GetTickCount@0      0057706c     kernel32:KERNEL32.dll
 0005:00000070       __imp__TerminateProcess@8  00577070     kernel32:KERNEL32.dll
 0005:00000074       __imp__GetCurrentProcess@0 00577074     kernel32:KERNEL32.dll
 0005:00000078       __imp__CreateEventW@16     00577078     kernel32:KERNEL32.dll
 0005:0000007c       __imp__InitializeCriticalSectionAndSpinCount@8 0057707c     kernel32:KERNEL32.dll
 0005:00000080       __imp__SetUnhandledExceptionFilter@4 00577080     kernel32:KERNEL32.dll
 0005:00000084       __imp__UnhandledExceptionFilter@4 00577084     kernel32:KERNEL32.dll
 0005:00000088       __imp__LoadLibraryExW@12   00577088     kernel32:KERNEL32.dll
 0005:0000008c       __imp__WaitForSingleObjectEx@12 0057708c     kernel32:KERNEL32.dll
 0005:00000090       __imp__GetStdHandle@4      00577090     kernel32:KERNEL32.dll
 0005:00000094       __imp__CloseHandle@4       00577094     kernel32:KERNEL32.dll
 0005:00000098       __imp__GetLastError@0      00577098     kernel32:KERNEL32.dll
 0005:0000009c       __imp__InitializeCriticalSection@4 0057709c     kernel32:KERNEL32.dll
 0005:000000a0       __imp__EnterCriticalSection@4 005770a0     kernel32:KERNEL32.dll
 0005:000000a4       __imp__LeaveCriticalSection@4 005770a4     kernel32:KERNEL32.dll
 0005:000000a8       __imp__TryEnterCriticalSection@4 005770a8     kernel32:KERNEL32.dll
 0005:000000ac       __imp__DeleteCriticalSection@4 005770ac     kernel32:KERNEL32.dll
 0005:000000b0       __imp__SetEvent@4          005770b0     kernel32:KERNEL32.dll
 0005:000000b4       __imp__ResetEvent@4        005770b4     kernel32:KERNEL32.dll
 0005:000000b8       __imp__ReleaseSemaphore@12 005770b8     kernel32:KERNEL32.dll
 0005:000000bc       __imp__WaitForSingleObject@8 005770bc     kernel32:KERNEL32.dll
 0005:000000c0       __imp__CreateEventA@16     005770c0     kernel32:KERNEL32.dll
 0005:000000c4       __imp__Sleep@4             005770c4     kernel32:KERNEL32.dll
 0005:000000c8       __imp__GetCurrentProcessId@0 005770c8     kernel32:KERNEL32.dll
 0005:000000cc       __imp__CreateThread@24     005770cc     kernel32:KERNEL32.dll
 0005:000000d0       __imp__GetCurrentThread@0  005770d0     kernel32:KERNEL32.dll
 0005:000000d4       __imp__GetCurrentThreadId@0 005770d4     kernel32:KERNEL32.dll
 0005:000000d8       __imp__SetThreadPriority@8 005770d8     kernel32:KERNEL32.dll
 0005:000000dc       __imp__GetThreadPriority@4 005770dc     kernel32:KERNEL32.dll
 0005:000000e0       __imp__ResumeThread@4      005770e0     kernel32:KERNEL32.dll
 0005:000000e4       __imp__TlsAlloc@0          005770e4     kernel32:KERNEL32.dll
 0005:000000e8       __imp__TlsGetValue@4       005770e8     kernel32:KERNEL32.dll
 0005:000000ec       __imp__TlsSetValue@8       005770ec     kernel32:KERNEL32.dll
 0005:000000f0       __imp__TlsFree@4           005770f0     kernel32:KERNEL32.dll
 0005:000000f4       __imp__PulseEvent@4        005770f4     kernel32:KERNEL32.dll
 0005:000000f8       __imp__CreateSemaphoreA@16 005770f8     kernel32:KERNEL32.dll
 0005:000000fc       __imp__GetConsoleScreenBufferInfo@8 005770fc     kernel32:KERNEL32.dll
 0005:00000100       __imp__SetConsoleTextAttribute@8 00577100     kernel32:KERNEL32.dll
 0005:00000104       __imp__GetLocalTime@4      00577104     kernel32:KERNEL32.dll
 0005:00000108       __imp__FileTimeToSystemTime@8 00577108     kernel32:KERNEL32.dll
 0005:0000010c       __imp__SystemTimeToFileTime@8 0057710c     kernel32:KERNEL32.dll
 0005:00000110       __imp__QueryPerformanceCounter@4 00577110     kernel32:KERNEL32.dll
 0005:00000114       __imp__QueryPerformanceFrequency@4 00577114     kernel32:KERNEL32.dll
 0005:00000118       __imp__FormatMessageA@28   00577118     kernel32:KERNEL32.dll
 0005:0000011c       __imp__FreeLibrary@4       0057711c     kernel32:KERNEL32.dll
 0005:00000120       __imp__GetProcAddress@8    00577120     kernel32:KERNEL32.dll
 0005:00000124       __imp__LoadLibraryA@4      00577124     kernel32:KERNEL32.dll
 0005:00000128       __imp__GetCommandLineA@0   00577128     kernel32:KERNEL32.dll
 0005:0000012c       __imp__GetFileType@4       0057712c     kernel32:KERNEL32.dll
 0005:00000130       __imp__GetModuleFileNameW@12 00577130     kernel32:KERNEL32.dll
 0005:00000134       __imp__GetModuleHandleExW@12 00577134     kernel32:KERNEL32.dll
 0005:00000138       __imp__WriteConsoleW@20    00577138     kernel32:KERNEL32.dll
 0005:0000013c       __imp__IsDebuggerPresent@0 0057713c     kernel32:KERNEL32.dll
 0005:00000140       __imp__IsProcessorFeaturePresent@4 00577140     kernel32:KERNEL32.dll
 0005:00000144       __imp__RtlUnwind@16        00577144     kernel32:KERNEL32.dll
 0005:00000148       __imp__FatalAppExitA@8     00577148     kernel32:KERNEL32.dll
 0005:0000014c       __imp__HeapValidate@12     0057714c     kernel32:KERNEL32.dll
 0005:00000150       __imp__GetSystemInfo@4     00577150     kernel32:KERNEL32.dll
 0005:00000154       __imp__EncodePointer@4     00577154     kernel32:KERNEL32.dll
 0005:00000158       __imp__DecodePointer@4     00577158     kernel32:KERNEL32.dll
 0005:0000015c       __imp__ExitProcess@4       0057715c     kernel32:KERNEL32.dll
 0005:00000160       __imp__AreFileApisANSI@0   00577160     kernel32:KERNEL32.dll
 0005:00000164       __imp__MultiByteToWideChar@24 00577164     kernel32:KERNEL32.dll
 0005:00000168       __imp__WideCharToMultiByte@32 00577168     kernel32:KERNEL32.dll
 0005:0000016c       __imp__GetStartupInfoW@4   0057716c     kernel32:KERNEL32.dll
 0005:00000170       __imp__IsValidCodePage@4   00577170     kernel32:KERNEL32.dll
 0005:00000174       __imp__GetACP@0            00577174     kernel32:KERNEL32.dll
 0005:00000178       __imp__GetOEMCP@0          00577178     kernel32:KERNEL32.dll
 0005:0000017c       __imp__GetCPInfo@8         0057717c     kernel32:KERNEL32.dll
 0005:00000180       __imp__GetProcessHeap@0    00577180     kernel32:KERNEL32.dll
 0005:00000184       __imp__GetModuleFileNameA@12 00577184     kernel32:KERNEL32.dll
 0005:00000188       __imp__WriteFile@20        00577188     kernel32:KERNEL32.dll
 0005:0000018c       __imp__GetSystemTimeAsFileTime@4 0057718c     kernel32:KERNEL32.dll
 0005:00000190       __imp__GetEnvironmentStringsW@0 00577190     kernel32:KERNEL32.dll
 0005:00000194       __imp__FreeEnvironmentStringsW@4 00577194     kernel32:KERNEL32.dll
 0005:00000198       __imp__SetConsoleCtrlHandler@8 00577198     kernel32:KERNEL32.dll
 0005:0000019c       __imp__OutputDebugStringW@4 0057719c     kernel32:KERNEL32.dll
 0005:000001a0       \177KERNEL32_NULL_THUNK_DATA 005771a0     kernel32:KERNEL32.dll
 0005:0000021c       __imp__select@20           0057721c     ws2_32:WS2_32.dll
 0005:00000220       __imp____WSAFDIsSet@8      00577220     ws2_32:WS2_32.dll
 0005:00000224       __imp__gethostbyname@4     00577224     ws2_32:WS2_32.dll
 0005:00000228       __imp__WSASetLastError@4   00577228     ws2_32:WS2_32.dll
 0005:0000022c       __imp__ioctlsocket@12      0057722c     ws2_32:WS2_32.dll
 0005:00000230       __imp__WSAStringToAddressA@20 00577230     ws2_32:WS2_32.dll
 0005:00000234       __imp__WSAAddressToStringA@20 00577234     ws2_32:WS2_32.dll
 0005:00000238       __imp__WSASocketA@24       00577238     ws2_32:WS2_32.dll
 0005:0000023c       __imp__WSAIoctl@36         0057723c     ws2_32:WS2_32.dll
 0005:00000240       __imp__gethostname@8       00577240     ws2_32:WS2_32.dll
 0005:00000244       __imp__shutdown@8          00577244     ws2_32:WS2_32.dll
 0005:00000248       __imp__setsockopt@20       00577248     ws2_32:WS2_32.dll
 0005:0000024c       __imp__sendto@24           0057724c     ws2_32:WS2_32.dll
 0005:00000250       __imp__send@16             00577250     ws2_32:WS2_32.dll
 0005:00000254       __imp__recvfrom@24         00577254     ws2_32:WS2_32.dll
 0005:00000258       __imp__recv@16             00577258     ws2_32:WS2_32.dll
 0005:0000025c       __imp__ntohs@4             0057725c     ws2_32:WS2_32.dll
 0005:00000260       __imp__ntohl@4             00577260     ws2_32:WS2_32.dll
 0005:00000264       __imp__listen@8            00577264     ws2_32:WS2_32.dll
 0005:00000268       __imp__inet_ntoa@4         00577268     ws2_32:WS2_32.dll
 0005:0000026c       __imp__inet_addr@4         0057726c     ws2_32:WS2_32.dll
 0005:00000270       __imp__htons@4             00577270     ws2_32:WS2_32.dll
 0005:00000274       __imp__htonl@4             00577274     ws2_32:WS2_32.dll
 0005:00000278       __imp__getsockopt@20       00577278     ws2_32:WS2_32.dll
 0005:0000027c       __imp__getsockname@12      0057727c     ws2_32:WS2_32.dll
 0005:00000280       __imp__getpeername@12      00577280     ws2_32:WS2_32.dll
 0005:00000284       __imp__connect@12          00577284     ws2_32:WS2_32.dll
 0005:00000288       __imp__closesocket@4       00577288     ws2_32:WS2_32.dll
 0005:0000028c       __imp__bind@12             0057728c     ws2_32:WS2_32.dll
 0005:00000290       __imp__accept@12           00577290     ws2_32:WS2_32.dll
 0005:00000294       __imp__WSAGetLastError@0   00577294     ws2_32:WS2_32.dll
 0005:00000298       __imp__WSACleanup@0        00577298     ws2_32:WS2_32.dll
 0005:0000029c       __imp__WSAStartup@8        0057729c     ws2_32:WS2_32.dll
 0005:000002a0       \177WS2_32_NULL_THUNK_DATA 005772a0     ws2_32:WS2_32.dll
 0005:000002e4       __imp__CoCreateGuid@4      005772e4     ole32:ole32.dll
 0005:000002e8       \177ole32_NULL_THUNK_DATA  005772e8     ole32:ole32.dll
 0005:00000314       __IMPORT_DESCRIPTOR_ole32  00577314     ole32:ole32.dll
 0005:00000328       __IMPORT_DESCRIPTOR_WS2_32 00577328     ws2_32:WS2_32.dll
 0005:0000033c       __IMPORT_DESCRIPTOR_KERNEL32 0057733c     kernel32:KERNEL32.dll
 0005:00000350       __NULL_IMPORT_DESCRIPTOR   00577350     ole32:ole32.dll
